Component: ARM Compiler 5.06 update 6 (build 750) Tool: armlink [4d35ed]

==============================================================================

Section Cross References

    startup_stm32f405xx.o(STACK) refers (Special) to heapauxi.o(.text) for __use_two_region_memory
    startup_stm32f405xx.o(HEAP) refers (Special) to heapauxi.o(.text) for __use_two_region_memory
    startup_stm32f405xx.o(RESET) refers (Special) to heapauxi.o(.text) for __use_two_region_memory
    startup_stm32f405xx.o(RESET) refers to startup_stm32f405xx.o(STACK) for __initial_sp
    startup_stm32f405xx.o(RESET) refers to startup_stm32f405xx.o(.text) for Reset_Handler
    startup_stm32f405xx.o(RESET) refers to stm32f4xx_it.o(i.NMI_Handler) for NMI_Handler
    startup_stm32f405xx.o(RESET) refers to stm32f4xx_it.o(i.HardFault_Handler) for HardFault_Handler
    startup_stm32f405xx.o(RESET) refers to stm32f4xx_it.o(i.MemManage_Handler) for MemManage_Handler
    startup_stm32f405xx.o(RESET) refers to stm32f4xx_it.o(i.BusFault_Handler) for BusFault_Handler
    startup_stm32f405xx.o(RESET) refers to stm32f4xx_it.o(i.UsageFault_Handler) for UsageFault_Handler
    startup_stm32f405xx.o(RESET) refers to port.o(.emb_text) for SVC_Handler
    startup_stm32f405xx.o(RESET) refers to stm32f4xx_it.o(i.DebugMon_Handler) for DebugMon_Handler
    startup_stm32f405xx.o(RESET) refers to port.o(i.SysTick_Handler) for SysTick_Handler
    startup_stm32f405xx.o(RESET) refers to stm32f4xx_it.o(i.DMA1_Stream0_IRQHandler) for DMA1_Stream0_IRQHandler
    startup_stm32f405xx.o(RESET) refers to stm32f4xx_it.o(i.DMA1_Stream1_IRQHandler) for DMA1_Stream1_IRQHandler
    startup_stm32f405xx.o(RESET) refers to stm32f4xx_it.o(i.DMA1_Stream3_IRQHandler) for DMA1_Stream3_IRQHandler
    startup_stm32f405xx.o(RESET) refers to stm32f4xx_it.o(i.CAN1_RX0_IRQHandler) for CAN1_RX0_IRQHandler
    startup_stm32f405xx.o(RESET) refers to stm32f4xx_it.o(i.SPI1_IRQHandler) for SPI1_IRQHandler
    startup_stm32f405xx.o(RESET) refers to stm32f4xx_it.o(i.USART1_IRQHandler) for USART1_IRQHandler
    startup_stm32f405xx.o(RESET) refers to stm32f4xx_it.o(i.USART3_IRQHandler) for USART3_IRQHandler
    startup_stm32f405xx.o(RESET) refers to stm32f4xx_it.o(i.TIM8_TRG_COM_TIM14_IRQHandler) for TIM8_TRG_COM_TIM14_IRQHandler
    startup_stm32f405xx.o(RESET) refers to stm32f4xx_it.o(i.DMA1_Stream7_IRQHandler) for DMA1_Stream7_IRQHandler
    startup_stm32f405xx.o(RESET) refers to stm32f4xx_it.o(i.UART5_IRQHandler) for UART5_IRQHandler
    startup_stm32f405xx.o(RESET) refers to stm32f4xx_it.o(i.DMA2_Stream2_IRQHandler) for DMA2_Stream2_IRQHandler
    startup_stm32f405xx.o(RESET) refers to stm32f4xx_it.o(i.DMA2_Stream3_IRQHandler) for DMA2_Stream3_IRQHandler
    startup_stm32f405xx.o(RESET) refers to stm32f4xx_it.o(i.CAN2_RX0_IRQHandler) for CAN2_RX0_IRQHandler
    startup_stm32f405xx.o(.text) refers (Special) to heapauxi.o(.text) for __use_two_region_memory
    startup_stm32f405xx.o(.text) refers to system_stm32f4xx.o(i.SystemInit) for SystemInit
    startup_stm32f405xx.o(.text) refers to __main.o(!!!main) for __main
    startup_stm32f405xx.o(.text) refers to startup_stm32f405xx.o(HEAP) for Heap_Mem
    startup_stm32f405xx.o(.text) refers to startup_stm32f405xx.o(STACK) for Stack_Mem
    main.o(i.Error_Handler) refers to stm32f4xx_hal.o(i.HAL_Delay) for HAL_Delay
    main.o(i.HAL_TIM_PeriodElapsedCallback) refers to stm32f4xx_hal.o(i.HAL_IncTick) for HAL_IncTick
    main.o(i._Z18SystemClock_Configv) refers to rt_memclr_w.o(.text) for __aeabi_memclr4
    main.o(i._Z18SystemClock_Configv) refers to stm32f4xx_hal_rcc.o(i.HAL_RCC_OscConfig) for HAL_RCC_OscConfig
    main.o(i._Z18SystemClock_Configv) refers to main.o(i.Error_Handler) for Error_Handler
    main.o(i._Z18SystemClock_Configv) refers to stm32f4xx_hal_rcc.o(i.HAL_RCC_ClockConfig) for HAL_RCC_ClockConfig
    main.o(i.main) refers to stm32f4xx_hal.o(i.HAL_Init) for HAL_Init
    main.o(i.main) refers to main.o(i._Z18SystemClock_Configv) for SystemClock_Config()
    main.o(i.main) refers to gpio.o(i.MX_GPIO_Init) for MX_GPIO_Init
    main.o(i.main) refers to dma.o(i.MX_DMA_Init) for MX_DMA_Init
    main.o(i.main) refers to spi.o(i.MX_SPI1_Init) for MX_SPI1_Init
    main.o(i.main) refers to usart.o(i.MX_UART5_Init) for MX_UART5_Init
    main.o(i.main) refers to usart.o(i.MX_USART1_UART_Init) for MX_USART1_UART_Init
    main.o(i.main) refers to usart.o(i.MX_USART3_UART_Init) for MX_USART3_UART_Init
    main.o(i.main) refers to can.o(i.MX_CAN1_Init) for MX_CAN1_Init
    main.o(i.main) refers to can.o(i.MX_CAN2_Init) for MX_CAN2_Init
    main.o(i.main) refers to task_senticloud.o(i._Z10Cloud_Initv) for Cloud_Init()
    main.o(i.main) refers to task_senticloud.o(i._Z11TaskStarterv) for TaskStarter()
    main.o(i.main) refers to freertos.o(i._Z16MX_FREERTOS_Initv) for MX_FREERTOS_Init()
    main.o(i.main) refers to cmsis_os.o(i.osKernelStart) for osKernelStart
    main.o(i.main) refers to stm32f4xx_hal.o(i.HAL_Delay) for HAL_Delay
[...]
    app_Mode::Run()                          0x08009679   Thumb Code    28  app_mode.o(i._ZN8app_Mode3RunEv)
    app_Mode::Exit()                         0x08009695   Thumb Code    28  app_mode.o(i._ZN8app_Mode4ExitEv)
    app_Mode::Enter()                        0x080096b1   Thumb Code    28  app_mode.o(i._ZN8app_Mode5EnterEv)
    app_Mode::app_Mode(void(*)(), void(*)(), void(*)()) 0x080096cd   Thumb Code    14  sentrycloud.o(i._ZN8app_ModeC1EPFvvES1_S1_)
    app_Mode::app_Mode__sub_object(void(*)(), void(*)(), void(*)()) 0x080096cd   Thumb Code     0  sentrycloud.o(i._ZN8app_ModeC1EPFvvES1_S1_)
    softcloud::Position_Run()                0x080096dd   Thumb Code   244  bsp_motor.o(i._ZN9softcloud12Position_RunEv)
    softcloud::Handle()                      0x080097d5   Thumb Code    92  bsp_motor.o(i._ZN9softcloud6HandleEv)
    softcloud::update(unsigned char*)        0x08009835   Thumb Code   440  bsp_motor.o(i._ZN9softcloud6updateEPh)
    softcloud::Angle_Set(float)              0x08009a01   Thumb Code    54  bsp_motor.o(i._ZN9softcloud9Angle_SetEf)
    softcloud::softcloud(unsigned char, unsigned short, short, str_Motor_t*, pid*, pid*, pid*, pid*, float*, float*) 0x08009a39   Thumb Code    68  sentrycloud.o(i._ZN9softcloudC1EhtsP11str_Motor_tP3pidS3_S3_S3_PfS4_)
    softcloud::softcloud__sub_object(unsigned char, unsigned short, short, str_Motor_t*, pid*, pid*, pid*, pid*, float*, float*) 0x08009a39   Thumb Code     0  sentrycloud.o(i._ZN9softcloudC1EhtsP11str_Motor_tP3pidS3_S3_S3_PfS4_)
    softmotor::Enable_Block(unsigned short, unsigned short, unsigned short) 0x08009a81   Thumb Code    76  bsp_motor.o(i._ZN9softmotor12Enable_BlockEttt)
    softmotor::Position_Run()                0x08009acd   Thumb Code   114  bsp_motor.o(i._ZN9softmotor12Position_RunEv)
    softmotor::update(unsigned char*)        0x08009b41   Thumb Code   270  bsp_motor.o(i._ZN9softmotor6updateEPh)
    softmotor::Angle_Set(float)              0x08009c65   Thumb Code   126  bsp_motor.o(i._ZN9softmotor9Angle_SetEf)
    std::exp(float)                          0x08009ce9   Thumb Code    24  bsp_motor.o(i._ZSt3expf)
    std::atan2(float, float)                 0x08009d01   Thumb Code    32  app_imu.o(i._ZSt5atan2ff)
    operator new(unsigned)                   0x08009d21   Thumb Code    22  bsp_universe.o(i._Znwj)
    __ARM_fpclassifyf                        0x08009d37   Thumb Code    38  fpclassifyf.o(i.__ARM_fpclassifyf)
    __cxa_pure_virtual                       0x08009d5d   Thumb Code     6  pure_virt.o(i.__cxa_pure_virtual)
    __hardfp_asinf                           0x08009d65   Thumb Code   258  asinf.o(i.__hardfp_asinf)
    __hardfp_atan2f                          0x08009e91   Thumb Code   502  atan2f.o(i.__hardfp_atan2f)
    __hardfp_cosf                            0x0800a0e1   Thumb Code   280  cosf.o(i.__hardfp_cosf)
    __hardfp_coshf                           0x0800a231   Thumb Code   140  coshf.o(i.__hardfp_coshf)
    __hardfp_expf                            0x0800a2c9   Thumb Code   426  expf.o(i.__hardfp_expf)
    __mathlib_expf                           0x0800a2c9   Thumb Code     0  expf.o(i.__hardfp_expf)
    __hardfp_floorf                          0x0800a4b1   Thumb Code    98  floorf.o(i.__hardfp_floorf)
    __hardfp_sinf                            0x0800a521   Thumb Code   344  sinf.o(i.__hardfp_sinf)
    __hardfp_sqrtf                           0x0800a6b1   Thumb Code    58  sqrtf.o(i.__hardfp_sqrtf)
    __hardfp_tanf                            0x0800a6ed   Thumb Code   322  tanf.o(i.__hardfp_tanf)
    __mathlib_flt_infnan                     0x0800a869   Thumb Code     6  funder.o(i.__mathlib_flt_infnan)
    __mathlib_flt_infnan2                    0x0800a86f   Thumb Code     6  funder.o(i.__mathlib_flt_infnan2)
    __mathlib_flt_invalid                    0x0800a875   Thumb Code    10  funder.o(i.__mathlib_flt_invalid)
    __mathlib_flt_overflow                   0x0800a885   Thumb Code    10  funder.o(i.__mathlib_flt_overflow)
    __mathlib_flt_underflow                  0x0800a895   Thumb Code    10  funder.o(i.__mathlib_flt_underflow)
    __mathlib_rredf2                         0x0800a8a5   Thumb Code   316  rredf.o(i.__mathlib_rredf2)
    main                                     0x0800ab55   Thumb Code    66  main.o(i.main)
    osDelay                                  0x0800aba5   Thumb Code    24  cmsis_os.o(i.osDelay)
    osKernelStart                            0x0800abbd   Thumb Code    10  cmsis_os.o(i.osKernelStart)
    osThreadCreate                           0x0800abc7   Thumb Code    48  cmsis_os.o(i.osThreadCreate)
    osThreadTerminate                        0x0800abf7   Thumb Code    14  cmsis_os.o(i.osThreadTerminate)
    pvPortMalloc                             0x0800b069   Thumb Code   296  heap_4.o(i.pvPortMalloc)
    pxPortInitialiseStack                    0x0800b1a5   Thumb Code    38  port.o(i.pxPortInitialiseStack)
    sqrtf                                    0x0800b1d1   Thumb Code    62  sqrtf.o(i.sqrtf)
    uxListRemove                             0x0800b20f   Thumb Code    40  list.o(i.uxListRemove)
    uxTaskGetStackHighWaterMark              0x0800b239   Thumb Code    34  tasks.o(i.uxTaskGetStackHighWaterMark)
    vListInitialise                          0x0800b261   Thumb Code    26  list.o(i.vListInitialise)
    vListInitialiseItem                      0x0800b27b   Thumb Code     6  list.o(i.vListInitialiseItem)
    vListInsert                              0x0800b281   Thumb Code    52  list.o(i.vListInsert)
    vListInsertEnd                           0x0800b2b5   Thumb Code    24  list.o(i.vListInsertEnd)
    vPortEnterCritical                       0x0800b2cd   Thumb Code    76  port.o(i.vPortEnterCritical)
    vPortExitCritical                        0x0800b321   Thumb Code    56  port.o(i.vPortExitCritical)
    vPortFree                                0x0800b35d   Thumb Code   140  heap_4.o(i.vPortFree)
    vPortSetupTimerInterrupt                 0x0800b3f1   Thumb Code    36  port.o(i.vPortSetupTimerInterrupt)
    vTaskDelay                               0x0800b419   Thumb Code    82  tasks.o(i.vTaskDelay)
    vTaskDelayUntil                          0x0800b475   Thumb Code   200  tasks.o(i.vTaskDelayUntil)
    vTaskDelete                              0x0800b549   Thumb Code   202  tasks.o(i.vTaskDelete)
    vTaskStartScheduler                      0x0800b63d   Thumb Code   108  tasks.o(i.vTaskStartScheduler)
    vTaskSuspendAll                          0x0800b6c5   Thumb Code    12  tasks.o(i.vTaskSuspendAll)
    vTaskSwitchContext                       0x0800b6d5   Thumb Code   118  tasks.o(i.vTaskSwitchContext)
    xPortStartScheduler                      0x0800b761   Thumb Code   330  port.o(i.xPortStartScheduler)
    xTaskCreate                              0x0800b8c9   Thumb Code    96  tasks.o(i.xTaskCreate)
    xTaskGetTickCount                        0x0800b929   Thumb Code     6  tasks.o(i.xTaskGetTickCount)
    xTaskIncrementTick                       0x0800b935   Thumb Code   282  tasks.o(i.xTaskIncrementTick)
    xTaskResumeAll                           0x0800ba7d   Thumb Code   224  tasks.o(i.xTaskResumeAll)
    __aeabi_d2f                              0x0800bb81   Thumb Code     0  d2f.o(x$fpl$d2f)
    _d2f                                     0x0800bb81   Thumb Code    98  d2f.o(x$fpl$d2f)
    __aeabi_dadd                             0x0800bbe5   Thumb Code     0  daddsub_clz.o(x$fpl$dadd)
    _dadd                                    0x0800bbe5   Thumb Code   332  daddsub_clz.o(x$fpl$dadd)
    __aeabi_ddiv                             0x0800bd35   Thumb Code     0  ddiv.o(x$fpl$ddiv)
    _ddiv                                    0x0800bd35   Thumb Code   552  ddiv.o(x$fpl$ddiv)
    __aeabi_i2d                              0x0800bfe5   Thumb Code     0  dflt_clz.o(x$fpl$dflt)
    _dflt                                    0x0800bfe5   Thumb Code    46  dflt_clz.o(x$fpl$dflt)
    __aeabi_ui2d                             0x0800c013   Thumb Code     0  dflt_clz.o(x$fpl$dfltu)
    _dfltu                                   0x0800c013   Thumb Code    38  dflt_clz.o(x$fpl$dfltu)
    __aeabi_dmul                             0x0800c039   Thumb Code     0  dmul.o(x$fpl$dmul)
    _dmul                                    0x0800c039   Thumb Code   332  dmul.o(x$fpl$dmul)
    __fpl_dnaninf                            0x0800c18d   Thumb Code   156  dnaninf.o(x$fpl$dnaninf)
    __fpl_dretinf                            0x0800c229   Thumb Code    12  dretinf.o(x$fpl$dretinf)
    __aeabi_dsub                             0x0800c235   Thumb Code     0  daddsub_clz.o(x$fpl$dsub)
    _dsub                                    0x0800c235   Thumb Code   464  daddsub_clz.o(x$fpl$dsub)
    __aeabi_f2d                              0x0800c409   Thumb Code     0  f2d.o(x$fpl$f2d)
    _f2d                                     0x0800c409   Thumb Code    86  f2d.o(x$fpl$f2d)
    __fpl_fnaninf                            0x0800c45f   Thumb Code   140  fnaninf.o(x$fpl$fnaninf)
    _fp_init                                 0x0800c4eb   Thumb Code    10  fpinit.o(x$fpl$fpinit)
    __fplib_config_fpu_vfp                   0x0800c4f3   Thumb Code     0  fpinit.o(x$fpl$fpinit)
    __fplib_config_pureend_doubles           0x0800c4f3   Thumb Code     0  fpinit.o(x$fpl$fpinit)
    __fpl_fretinf                            0x0800c4f5   Thumb Code    10  fretinf.o(x$fpl$fretinf)
    __I$use$fp                               0x0800c4fe   Number         0  usenofp.o(x$fpl$usenofp)
    AHBPrescTable                            0x0800c514   Data          16  system_stm32f4xx.o(.constdata)
    APBPrescTable                            0x0800c524   Data           8  system_stm32f4xx.o(.constdata)
    vtable for cloud                         0x0800c8a8   Data          32  bsp_motor.o(.constdata__ZTV5cloud)
    vtable for motor                         0x0800c8c8   Data          40  bsp_motor.o(.constdata__ZTV5motor)
    vtable for manager                       0x0800c8f0   Data          20  bsp_motor.o(.constdata__ZTV7manager)
    vtable for AmmoFeed                      0x0800c904   Data          44  app_ammofeed.o(.constdata__ZTV8AmmoFeed)
    vtable for softcloud                     0x0800c930   Data          32  bsp_motor.o(.constdata__ZTV9softcloud)
    vtable for softmotor                     0x0800c950   Data          40  bsp_motor.o(.constdata__ZTV9softmotor)
    Region$$Table$$Base                      0x0800c984   Number         0  anon$$obj.o(Region$$Table)
    Region$$Table$$Limit                     0x0800c9a4   Number         0  anon$$obj.o(Region$$Table)
    SHT$$INIT_ARRAY$$Base                    0x0800c9a4   Number         0  app_vision.o(.init_array)
    SHT$$INIT_ARRAY$$Limit                   0x0800c9b0   Number         0  init_aeabi.o(.init_array)
    defaultTaskHandle                        0x20000004   Data           4  freertos.o(.data)
    SystemCoreClock                          0x20000008   Data           4  system_stm32f4xx.o(.data)
    uwTick                                   0x2000000c   Data           4  stm32f4xx_hal.o(.data)
    uwTickPrio                               0x20000010   Data           4  stm32f4xx_hal.o(.data)
    uwTickFreq                               0x20000014   Data           1  stm32f4xx_hal.o(.data)
    pxCurrentTCB                             0x20000018   Data           4  tasks.o(.data)
    Dbus_CHx_StaticOffset                    0x20000078   Data           8  bsp_dbus.o(.data)
    JudgeMentOnLineStatus                    0x20000086   Data           1  bsp_judgement.o(.data)
    game_status                              0x20000087   Data           3  bsp_judgement.o(.data)
    game_result                              0x2000008a   Data           1  bsp_judgement.o(.data)
    dart_status                              0x2000008b   Data           3  bsp_judgement.o(.data)
    event_data                               0x2000008e   Data           4  bsp_judgement.o(.data)
    supply_projectile_action                 0x20000092   Data           4  bsp_judgement.o(.data)
    referee_warning                          0x20000096   Data           2  bsp_judgement.o(.data)
    dart_remaining_time                      0x20000098   Data           1  bsp_judgement.o(.data)
    buff_musk                                0x20000099   Data           1  bsp_judgement.o(.data)
    aerial_robot_energy                      0x2000009a   Data           3  bsp_judgement.o(.data)
    robot_hurt                               0x2000009d   Data           1  bsp_judgement.o(.data)
    shoot_data                               0x2000009e   Data           6  bsp_judgement.o(.data)
    bullet_remaining                         0x200000a4   Data           2  bsp_judgement.o(.data)
    rfid_status                              0x200000a6   Data           4  bsp_judgement.o(.data)
    JudgePeriod                              0x200000b0   Data           4  bsp_judgement.o(.data)
    so3_comp_params_Kp                       0x200000b4   Data           4  app_imu.o(.data)
    so3_comp_params_Ki                       0x200000b8   Data           4  app_imu.o(.data)
    Zero_Threshold                           0x200000bc   Data           6  app_imu.o(.data)
    Dynamic_Zero_Thre                        0x200000c4   Data           4  app_imu.o(.data)
    Offset_Coeff                             0x200000c8   Data          12  app_imu.o(.data)
    kp_use                                   0x20000128   Data           4  app_imu.o(.data)
    ki_use                                   0x2000012c   Data           4  app_imu.o(.data)
    mkp_use                                  0x20000130   Data           4  app_imu.o(.data)
    tPrev                                    0x20000134   Data           4  app_imu.o(.data)
    tNow                                     0x20000138   Data           4  app_imu.o(.data)
    tImuLastTick                             0x2000013c   Data           4  app_imu.o(.data)
    Vision_IsTxUseDma                        0x20000154   Data           1  app_vision.o(.data)
    Vision_IsRxUseDma                        0x20000155   Data           1  app_vision.o(.data)
    not_analysed_index                       0x20000158   Data           4  app_vision.o(.data)
    dual_pitch_pid_param                     0x2000015c   Data          96  sentrycloud.o(.data)
    is_use_dual_param                        0x200001bc   Data           1  sentrycloud.o(.data)
    DJI_2006                                 0x200001be   Data           4  sentrycloud.o(.data)
    DJI_6020                                 0x200001c2   Data           4  sentrycloud.o(.data)
    DJI_3508_Fric                            0x200001c6   Data           4  sentrycloud.o(.data)
    LastMode                                 0x200001cc   Data           4  sentrycloudlogic.o(.data)
    CurrentMode                              0x200001d0   Data           4  sentrycloudlogic.o(.data)
    t                                        0x200001d4   Data           4  sentrycloudlogic.o(.data)
    p                                        0x200001d8   Data           4  sentrycloudlogic.o(.data)
    y                                        0x200001dc   Data           4  sentrycloudlogic.o(.data)
    feed_gap                                 0x200001e0   Data           4  sentrycloudlogic.o(.data)
    IS_SUPERIOR_VISION_CTRL                  0x200001e4   Data           1  sentry_can_commom.o(.data)
    IS_SUPERIOR_MANUAL_CTRL                  0x200001e5   Data           1  sentry_can_commom.o(.data)
    SENTRY_CAN_ID_List                       0x200001e8   Data          80  sentry_can_commom.o(.data)
    s_u5                                     0x20000238   Data          25  task_senticloud.o(.data)
    task_Main_Handle                         0x20000254   Data           4  task_senticloud.o(.data)
    task_CommuRoutine_Handle                 0x20000258   Data           4  task_senticloud.o(.data)
    mark1                                    0x2000025c   Data           4  task_senticloud.o(.data)
    mark2                                    0x20000260   Data           4  task_senticloud.o(.data)
    task_Check_Handle                        0x20000264   Data           4  task_senticloud.o(.data)
    mark3                                    0x20000268   Data           4  task_senticloud.o(.data)
    Error_Code                               0x2000026c   Data           1  bsp_motor.o(.data)
    manager::CAN1_OnlineID                   0x2000026e   Data           2  bsp_motor.o(.data)
    manager::CAN2_OnlineID                   0x20000270   Data           2  bsp_motor.o(.data)
    manager::CanHandle1                      0x20000274   Data           4  bsp_motor.o(.data)
    manager::CanHandle2                      0x20000278   Data           4  bsp_motor.o(.data)
    chassis::point                           0x2000027c   Data           4  bsp_motor.o(.data)
    hcan1                                    0x20000294   Data          40  can.o(.bss)
    hcan2                                    0x200002bc   Data          40  can.o(.bss)
    hspi1                                    0x200002e4   Data          88  spi.o(.bss)
    hdma_spi1_tx                             0x2000033c   Data          96  spi.o(.bss)
    huart5                                   0x2000039c   Data          64  usart.o(.bss)
    huart1                                   0x200003dc   Data          64  usart.o(.bss)
    huart3                                   0x2000041c   Data          64  usart.o(.bss)
    hdma_uart5_rx                            0x2000045c   Data          96  usart.o(.bss)
    hdma_uart5_tx                            0x200004bc   Data          96  usart.o(.bss)
    hdma_usart1_rx                           0x2000051c   Data          96  usart.o(.bss)
    hdma_usart3_rx                           0x2000057c   Data          96  usart.o(.bss)
    hdma_usart3_tx                           0x200005dc   Data          96  usart.o(.bss)
    htim14                                   0x2000063c   Data          64  stm32f4xx_hal_timebase_tim.o(.bss)
    bsp_dbus_Data                            0x2000436c   Data          28  bsp_dbus.o(.bss)
    game_robot_HP                            0x200043a1   Data          32  bsp_judgement.o(.bss)
    game_robot_status                        0x200043c1   Data          18  bsp_judgement.o(.bss)
    power_heat_data                          0x200043d3   Data          16  bsp_judgement.o(.bss)
    game_robot_pos                           0x200043e3   Data          16  bsp_judgement.o(.bss)
    robot_interactive_dataPack_r             0x200043f3   Data         128  bsp_judgement.o(.bss)
    client_custom_dataPack                   0x20004473   Data          28  bsp_judgement.o(.bss)
    robot_interactive_dataPack_s             0x2000448f   Data         128  bsp_judgement.o(.bss)
    client_graphic_dataPack                  0x2000450f   Data          30  bsp_judgement.o(.bss)
    GlobalCheckList                          0x20004740   Data         660  app_check.o(.bss)
    manualOffsetGyro                         0x200049d4   Data          12  app_imu.o(.bss)
    app_imu_data                             0x200049ec   Data       24240  app_imu.o(.bss)
    Acc_LPF                                  0x2000a89c   Data          96  app_imu.o(.bss)
    Gyro_LPF                                 0x2000a8fc   Data          96  app_imu.o(.bss)
    VisionRx                                 0x2000a984   Data          64  app_vision.o(.bss)
    VisionTx                                 0x2000a9c4   Data          64  app_vision.o(.bss)
    Vision_Rxbuffer                          0x2000aa04   Data         120  app_vision.o(.bss)
    Vision_Txbuffer                          0x2000aa7c   Data          18  app_vision.o(.bss)
    ModeCloudCtrlMech                        0x2000aa90   Data          16  sentrycloud.o(.bss)
    ModeCloudCtrlGyro                        0x2000aaa0   Data          16  sentrycloud.o(.bss)
    pid_param_backup                         0x2000aab0   Data          96  sentrycloud.o(.bss)
    CloudEntity                              0x2000ab10   Data        2424  sentrycloud.o(.bss)
    ModeManualChassis                        0x2000b4a4   Data          16  sentrycloudlogic.o(.bss)
    ModeManualShoot                          0x2000b4b4   Data          16  sentrycloudlogic.o(.bss)
    ModeManualFeed                           0x2000b4c4   Data          16  sentrycloudlogic.o(.bss)
    ModeManualShootGyro                      0x2000b4d4   Data          16  sentrycloudlogic.o(.bss)
    ModeVisionControl                        0x2000b4e4   Data          16  sentrycloudlogic.o(.bss)
    ModeAutoMove                             0x2000b4f4   Data          16  sentrycloudlogic.o(.bss)
    ModeGlobalSafe                           0x2000b504   Data          16  sentrycloudlogic.o(.bss)
    ModeVisionFeed                           0x2000b514   Data          16  sentrycloudlogic.o(.bss)
    CanRx                                    0x2000b524   Data         148  sentry_can_commom.o(.bss)
    CanTx                                    0x2000b5b8   Data         148  sentry_can_commom.o(.bss)
    manager::CAN1MotorList                   0x2000b64c   Data          44  bsp_motor.o(.bss)
    manager::CAN1CurrentList                 0x2000b678   Data          22  bsp_motor.o(.bss)
    manager::CAN2MotorList                   0x2000b690   Data          44  bsp_motor.o(.bss)
    manager::CAN2CurrentList                 0x2000b6bc   Data          22  bsp_motor.o(.bss)
    __libspace_start                         0x2000b6d4   Data          96  libspace.o(.bss)
    __temporary_stack_top$libspace           0x2000b734   Data           0  libspace.o(.bss)



==============================================================================

Memory Map of the image

  Image Entry point : 0x08000189

  Load Region LR_IROM1 (Base: 0x08000000, Size: 0x0000cc44, Max: 0x00100000, ABSOLUTE, COMPRESSED[0x0000ca64])

    Execution Region ER_IROM1 (Exec base: 0x08000000, Load base: 0x08000000, Size: 0x0000c9b0, Max: 0x00100000, ABSOLUTE)

    Exec Addr    Load Addr    Size         Type   Attr      Idx    E Section Name        Object

    0x08000000   0x08000000   0x00000188   Data   RO            3    RESET               startup_stm32f405xx.o
    0x08000188   0x08000188   0x00000008   Code   RO         9395  * !!!main             c_w.l(__main.o)
    0x08000190   0x08000190   0x00000034   Code   RO        10121    !!!scatter          c_w.l(__scatter.o)
    0x080001c4   0x080001c4   0x0000005a   Code   RO        10119    !!dczerorl2         c_w.l(__dczerorl2.o)
    0x0800021e   0x0800021e   0x00000002   PAD
    0x08000220   0x08000220   0x0000001c   Code   RO        10123    !!handler_zi        c_w.l(__scatter_zi.o)
    0x0800023c   0x0800023c   0x00000002   Code   RO         9993    .ARM.Collect$$libinit$$00000000  c_w.l(libinit.o)
    0x0800023e   0x0800023e   0x00000004   Code   RO         9718    .ARM.Collect$$libinit$$00000001  c_w.l(libinit2.o)
    0x08000242   0x08000242   0x00000000   Code   RO         9721    .ARM.Collect$$libinit$$00000004  c_w.l(libinit2.o)
    0x08000242   0x08000242   0x00000000   Code   RO         9724    .ARM.Collect$$libinit$$0000000A  c_w.l(libinit2.o)
    0x08000242   0x08000242   0x00000000   Code   RO         9726    .ARM.Collect$$libinit$$0000000C  c_w.l(libinit2.o)
    0x08000242   0x08000242   0x00000000   Code   RO         9728    .ARM.Collect$$libinit$$0000000E  c_w.l(libinit2.o)
    0x08000242   0x08000242   0x00000000   Code   RO         9731    .ARM.Collect$$libinit$$00000011  c_w.l(libinit2.o)
    0x08000242   0x08000242   0x00000000   Code   RO         9733    .ARM.Collect$$libinit$$00000013  c_w.l(libinit2.o)
    0x08000242   0x08000242   0x00000000   Code   RO         9735    .ARM.Collect$$libinit$$00000015  c_w.l(libinit2.o)
    0x08000242   0x08000242   0x00000000   Code   RO         9737    .ARM.Collect$$libinit$$00000017  c_w.l(libinit2.o)
    0x08000242   0x08000242   0x00000000   Code   RO         9739    .ARM.Collect$$libinit$$00000019  c_w.l(libinit2.o)
    0x08000242   0x08000242   0x00000000   Code   RO         9741    .ARM.Collect$$libinit$$0000001B  c_w.l(libinit2.o)
    0x08000242   0x08000242   0x00000000   Code   RO         9743    .ARM.Collect$$libinit$$0000001D  c_w.l(libinit2.o)
    0x08000242   0x08000242   0x00000000   Code   RO         9745    .ARM.Collect$$libinit$$0000001F  c_w.l(libinit2.o)
    0x08000242   0x08000242   0x00000000   Code   RO         9747    .ARM.Collect$$libinit$$00000021  c_w.l(libinit2.o)
    0x08000242   0x08000242   0x00000000   Code   RO         9749    .ARM.Collect$$libinit$$00000023  c_w.l(libinit2.o)
    0x08000242   0x08000242   0x00000000   Code   RO         9751    .ARM.Collect$$libinit$$00000025  c_w.l(libinit2.o)
    0x08000242   0x08000242   0x00000000   Code   RO         9755    .ARM.Collect$$libinit$$0000002C  c_w.l(libinit2.o)
    0x08000242   0x08000242   0x00000000   Code   RO         9757    .ARM.Collect$$libinit$$0000002E  c_w.l(libinit2.o)
    0x08000242   0x08000242   0x00000000   Code   RO         9759    .ARM.Collect$$libinit$$00000030  c_w.l(libinit2.o)
    0x08000242   0x08000242   0x00000004   Code   RO         9760    .ARM.Collect$$libinit$$00000031  c_w.l(libinit2.o)
    0x08000246   0x08000246   0x00000000   Code   RO         9761    .ARM.Collect$$libinit$$00000032  c_w.l(libinit2.o)
    0x08000246   0x08000246   0x00000002   Code   RO         9762    .ARM.Collect$$libinit$$00000033  c_w.l(libinit2.o)
    0x08000248   0x08000248   0x00000002   Code   RO        10096    .ARM.Collect$$libshutdown$$00000000  c_w.l(libshutdown.o)
    0x0800024a   0x0800024a   0x00000000   Code   RO        10102    .ARM.Collect$$libshutdown$$00000002  c_w.l(libshutdown2.o)
    0x0800024a   0x0800024a   0x00000000   Code   RO        10104    .ARM.Collect$$libshutdown$$00000004  c_w.l(libshutdown2.o)
    0x0800024a   0x0800024a   0x00000000   Code   RO        10107    .ARM.Collect$$libshutdown$$00000007  c_w.l(libshutdown2.o)
    0x0800024a   0x0800024a   0x00000000   Code   RO        10110    .ARM.Collect$$libshutdown$$0000000A  c_w.l(libshutdown2.o)
    0x0800024a   0x0800024a   0x00000000   Code   RO        10112    .ARM.Collect$$libshutdown$$0000000C  c_w.l(libshutdown2.o)
    0x0800024a   0x0800024a   0x00000000   Code   RO        10115    .ARM.Collect$$libshutdown$$0000000F  c_w.l(libshutdown2.o)
    0x0800024a   0x0800024a   0x00000002   Code   RO        10116    .ARM.Collect$$libshutdown$$00000010  c_w.l(libshutdown2.o)
    0x0800024c   0x0800024c   0x00000000   Code   RO         9638    .ARM.Collect$$rtentry$$00000000  c_w.l(__rtentry.o)
    0x0800024c   0x0800024c   0x00000000   Code   RO         9809    .ARM.Collect$$rtentry$$00000002  c_w.l(__rtentry2.o)
    0x0800024c   0x0800024c   0x00000006   Code   RO         9821    .ARM.Collect$$rtentry$$00000004  c_w.l(__rtentry4.o)
    0x08000252   0x08000252   0x00000000   Code   RO         9811    .ARM.Collect$$rtentry$$00000009  c_w.l(__rtentry2.o)
    0x08000252   0x08000252   0x00000004   Code   RO         9812    .ARM.Collect$$rtentry$$0000000A  c_w.l(__rtentry2.o)
    0x08000256   0x08000256   0x00000000   Code   RO         9814    .ARM.Collect$$rtentry$$0000000C  c_w.l(__rtentry2.o)
    0x08000256   0x08000256   0x00000008   Code   RO         9815    .ARM.Collect$$rtentry$$0000000D  c_w.l(__rtentry2.o)
    0x0800025e   0x0800025e   0x00000002   Code   RO        10008    .ARM.Collect$$rtexit$$00000000  c_w.l(rtexit.o)
    0x08000260   0x08000260   0x00000000   Code   RO        10063    .ARM.Collect$$rtexit$$00000002  c_w.l(rtexit2.o)
    0x08000260   0x08000260   0x00000004   Code   RO        10064    .ARM.Collect$$rtexit$$00000003  c_w.l(rtexit2.o)
    0x08000264   0x08000264   0x00000006   Code   RO        10065    .ARM.Collect$$rtexit$$00000004  c_w.l(rtexit2.o)
    0x0800026a   0x0800026a   0x00000002   PAD
    0x0800026c   0x0800026c   0x000000be   Code   RO         5787    .emb_text           port.o
    0x0800032a   0x0800032a   0x00000002   PAD
    0x0800032c   0x0800032c   0x00000040   Code   RO            4    .text               startup_stm32f405xx.o
    0x0800036c   0x0800036c   0x000000ee   Code   RO         9344    .text               c_w.l(lludivv7m.o)
    0x0800045a   0x0800045a   0x0000008a   Code   RO         9381    .text               c_w.l(rt_memcpy_v6.o)
    0x080004e4   0x080004e4   0x00000064   Code   RO         9383    .text               c_w.l(rt_memcpy_w.o)
    0x08000548   0x08000548   0x00000010   Code   RO         9387    .text               c_w.l(aeabi_memset.o)
    0x08000558   0x08000558   0x00000044   Code   RO         9389    .text               c_w.l(rt_memclr.o)
    0x0800059c   0x0800059c   0x0000004e   Code   RO         9391    .text               c_w.l(rt_memclr_w.o)
    0x080005ea   0x080005ea   0x00000006   Code   RO         9393    .text               c_w.l(heapauxi.o)
    0x080005f0   0x080005f0   0x00000024   Code   RO         9400    .text               c_w.l(init_aeabi.o)
    0x08000614   0x08000614   0x00000016   Code   RO         9643    .text               c_w.l(_rserrno.o)
    0x0800062a   0x0800062a   0x0000000e   Code   RO         9714    .text               c_w.l(defsig_pvfn_outer.o)
    0x08000638   0x08000638   0x00000008   Code   RO         9830    .text               c_w.l(rt_errno_addr_intlibspace.o)
    0x08000640   0x08000640   0x0000000a   Code   RO         9846    .text               c_w.l(defsig_exit.o)
    0x0800064a   0x0800064a   0x00000002   PAD
    0x0800064c   0x0800064c   0x00000030   Code   RO         9848    .text               c_w.l(defsig_pvfn_inner.o)
    0x0800067c   0x0800067c   0x0000000c   Code   RO         9867    .text               c_w.l(sys_exit.o)
    0x08000688   0x08000688   0x00000008   Code   RO         9869    .text               c_w.l(libspace.o)
    0x08000690   0x08000690   0x0000004a   Code   RO         9872    .text               c_w.l(sys_stackheap_outer.o)
    0x080006da   0x080006da   0x00000012   Code   RO         9972    .text               c_w.l(exit.o)
    0x080006ec   0x080006ec   0x00000032   Code   RO         9978    .text               c_w.l(defsig_general.o)
    0x0800071e   0x0800071e   0x0000000e   Code   RO         9999    .text               c_w.l(sys_wrch.o)
    0x0800072c   0x0800072c   0x00000002   Code   RO        10003    .text               c_w.l(use_no_semi.o)
    0x0800072e   0x0800072e   0x00000000   Code   RO        10007    .text               c_w.l(indicate_semi.o)
    0x0800072e   0x0800072e   0x00000004   Code   RO          719    i.BusFault_Handler  stm32f4xx_it.o
    0x08000732   0x08000732   0x00000002   PAD
    0x08000734   0x08000734   0x00000010   Code   RO          720    i.CAN1_RX0_IRQHandler  stm32f4xx_it.o
    0x08000744   0x08000744   0x00000010   Code   RO          721    i.CAN2_RX0_IRQHandler  stm32f4xx_it.o
    0x08000754   0x08000754   0x00000010   Code   RO          722    i.DMA1_Stream0_IRQHandler  stm32f4xx_it.o
    0x08000764   0x08000764   0x00000010   Code   RO          723    i.DMA1_Stream1_IRQHandler  stm32f4xx_it.o
    0x08000774   0x08000774   0x00000010   Code   RO          724    i.DMA1_Stream3_IRQHandler  stm32f4xx_it.o
    0x08000784   0x08000784   0x00000010   Code   RO          725    i.DMA1_Stream7_IRQHandler  stm32f4xx_it.o
    0x08000794   0x08000794   0x00000010   Code   RO          726    i.DMA2_Stream2_IRQHandler  stm32f4xx_it.o
    0x080007a4   0x080007a4   0x00000010   Code   RO          727    i.DMA2_Stream3_IRQHandler  stm32f4xx_it.o
    0x080007b4   0x080007b4   0x00000002   Code   RO          728    i.DebugMon_Handler  stm32f4xx_it.o
    0x080007b6   0x080007b6   0x0000000a   Code   RO           13    i.Error_Handler     main.o
    0x080007c0   0x080007c0   0x0000002a   Code   RO         1074    i.HAL_CAN_ActivateNotification  stm32f4xx_hal_can.o
    0x080007ea   0x080007ea   0x00000156   Code   RO         1075    i.HAL_CAN_AddTxMessage  stm32f4xx_hal_can.o
    0x08000940   0x08000940   0x00000124   Code   RO         1076    i.HAL_CAN_ConfigFilter  stm32f4xx_hal_can.o
    0x08000a64   0x08000a64   0x00000002   Code   RO         1079    i.HAL_CAN_ErrorCallback  stm32f4xx_hal_can.o
    0x08000a66   0x08000a66   0x00000028   Code   RO         1081    i.HAL_CAN_GetRxFifoFillLevel  stm32f4xx_hal_can.o
    0x08000a8e   0x08000a8e   0x0000017c   Code   RO         1082    i.HAL_CAN_GetRxMessage  stm32f4xx_hal_can.o
    0x08000c0a   0x08000c0a   0x0000024e   Code   RO         1086    i.HAL_CAN_IRQHandler  stm32f4xx_hal_can.o
    0x08000e58   0x08000e58   0x00000174   Code   RO         1087    i.HAL_CAN_Init      stm32f4xx_hal_can.o
    0x08000fcc   0x08000fcc   0x00000160   Code   RO          411    i.HAL_CAN_MspInit   can.o
    0x0800112c   0x0800112c   0x00000002   Code   RO         1094    i.HAL_CAN_RxFifo0FullCallback  stm32f4xx_hal_can.o
    0x0800112e   0x0800112e   0x00000002   PAD
    0x08001130   0x08001130   0x0000004c   Code   RO         7421    i.HAL_CAN_RxFifo0MsgPendingCallback  sentrycloudcan.o
    0x0800117c   0x0800117c   0x00000002   Code   RO         1096    i.HAL_CAN_RxFifo1FullCallback  stm32f4xx_hal_can.o
    0x0800117e   0x0800117e   0x00000002   Code   RO         1097    i.HAL_CAN_RxFifo1MsgPendingCallback  stm32f4xx_hal_can.o
    0x08001180   0x08001180   0x00000002   Code   RO         1098    i.HAL_CAN_SleepCallback  stm32f4xx_hal_can.o
    0x08001182   0x08001182   0x0000005e   Code   RO         1099    i.HAL_CAN_Start     stm32f4xx_hal_can.o
    0x080011e0   0x080011e0   0x00000002   Code   RO         1101    i.HAL_CAN_TxMailbox0AbortCallback  stm32f4xx_hal_can.o
    0x080011e2   0x080011e2   0x00000002   Code   RO         1102    i.HAL_CAN_TxMailbox0CompleteCallback  stm32f4xx_hal_can.o
    0x080011e4   0x080011e4   0x00000002   Code   RO         1103    i.HAL_CAN_TxMailbox1AbortCallback  stm32f4xx_hal_can.o
    0x080011e6   0x080011e6   0x00000002   Code   RO         1104    i.HAL_CAN_TxMailbox1CompleteCallback  stm32f4xx_hal_can.o
    0x080011e8   0x080011e8   0x00000002   Code   RO         1105    i.HAL_CAN_TxMailbox2AbortCallback  stm32f4xx_hal_can.o
    0x080011ea   0x080011ea   0x00000002   Code   RO         1106    i.HAL_CAN_TxMailbox2CompleteCallback  stm32f4xx_hal_can.o
    0x080011ec   0x080011ec   0x00000002   Code   RO         1108    i.HAL_CAN_WakeUpFromRxMsgCallback  stm32f4xx_hal_can.o
    0x080011ee   0x080011ee   0x000000aa   Code   RO         3767    i.HAL_DMA_Abort     stm32f4xx_hal_dma.o
    0x08001298   0x08001298   0x00000028   Code   RO         3768    i.HAL_DMA_Abort_IT  stm32f4xx_hal_dma.o
    0x080012c0   0x080012c0   0x00000008   Code   RO         3771    i.HAL_DMA_GetState  stm32f4xx_hal_dma.o
    0x080012c8   0x080012c8   0x00000240   Code   RO         3772    i.HAL_DMA_IRQHandler  stm32f4xx_hal_dma.o
    0x08001508   0x08001508   0x000000ec   Code   RO         3773    i.HAL_DMA_Init      stm32f4xx_hal_dma.o
    0x080015f4   0x080015f4   0x0000009e   Code   RO         3776    i.HAL_DMA_Start_IT  stm32f4xx_hal_dma.o
    0x08001692   0x08001692   0x00000002   PAD
    0x08001694   0x08001694   0x00000028   Code   RO         4252    i.HAL_Delay         stm32f4xx_hal.o
    0x080016bc   0x080016bc   0x00000200   Code   RO         3651    i.HAL_GPIO_Init     stm32f4xx_hal_gpio.o
    0x080018bc   0x080018bc   0x0000000c   Code   RO         3655    i.HAL_GPIO_WritePin  stm32f4xx_hal_gpio.o
    0x080018c8   0x080018c8   0x0000000c   Code   RO         4258    i.HAL_GetTick       stm32f4xx_hal.o
    0x080018d4   0x080018d4   0x00000018   Code   RO         4264    i.HAL_IncTick       stm32f4xx_hal.o
    0x080018ec   0x080018ec   0x0000003c   Code   RO         4265    i.HAL_Init          stm32f4xx_hal.o
    0x08001928   0x08001928   0x0000008c   Code   RO          992    i.HAL_InitTick      stm32f4xx_hal_timebase_tim.o
    0x080019b4   0x080019b4   0x00000054   Code   RO          967    i.HAL_MspInit       stm32f4xx_hal_msp.o
    0x08001a08   0x08001a08   0x00000020   Code   RO         4090    i.HAL_NVIC_EnableIRQ  stm32f4xx_hal_cortex.o
    0x08001a28   0x08001a28   0x0000007c   Code   RO         4096    i.HAL_NVIC_SetPriority  stm32f4xx_hal_cortex.o
    0x08001aa4   0x08001aa4   0x00000028   Code   RO         4097    i.HAL_NVIC_SetPriorityGrouping  stm32f4xx_hal_cortex.o
    0x08001acc   0x08001acc   0x00000180   Code   RO         3199    i.HAL_RCC_ClockConfig  stm32f4xx_hal_rcc.o
    0x08001c4c   0x08001c4c   0x00000044   Code   RO         3203    i.HAL_RCC_GetClockConfig  stm32f4xx_hal_rcc.o
    0x08001c90   0x08001c90   0x0000000c   Code   RO         3204    i.HAL_RCC_GetHCLKFreq  stm32f4xx_hal_rcc.o
    0x08001c9c   0x08001c9c   0x00000020   Code   RO         3206    i.HAL_RCC_GetPCLK1Freq  stm32f4xx_hal_rcc.o
    0x08001cbc   0x08001cbc   0x00000020   Code   RO         3207    i.HAL_RCC_GetPCLK2Freq  stm32f4xx_hal_rcc.o
    0x08001cdc   0x08001cdc   0x000000b0   Code   RO         3208    i.HAL_RCC_GetSysClockFreq  stm32f4xx_hal_rcc.o
    0x08001d8c   0x08001d8c   0x00000448   Code   RO         3211    i.HAL_RCC_OscConfig  stm32f4xx_hal_rcc.o
    0x080021d4   0x080021d4   0x00000002   Code   RO         1350    i.HAL_SPI_ErrorCallback  stm32f4xx_hal_spi.o
    0x080021d6   0x080021d6   0x00000002   PAD
    0x080021d8   0x080021d8   0x0000015c   Code   RO         1353    i.HAL_SPI_IRQHandler  stm32f4xx_hal_spi.o
    0x08002334   0x08002334   0x0000008c   Code   RO         1354    i.HAL_SPI_Init      stm32f4xx_hal_spi.o
    0x080023c0   0x080023c0   0x000000dc   Code   RO          616    i.HAL_SPI_MspInit   spi.o
    0x0800249c   0x0800249c   0x00000164   Code   RO         1357    i.HAL_SPI_Receive   stm32f4xx_hal_spi.o
    0x08002600   0x08002600   0x000001a2   Code   RO         1362    i.HAL_SPI_Transmit  stm32f4xx_hal_spi.o
    0x080027a2   0x080027a2   0x0000022a   Code   RO         1363    i.HAL_SPI_TransmitReceive  stm32f4xx_hal_spi.o
    0x080029cc   0x080029cc   0x00000002   Code   RO         2522    i.HAL_TIMEx_BreakCallback  stm32f4xx_hal_tim_ex.o
    0x080029ce   0x080029ce   0x00000002   Code   RO         2523    i.HAL_TIMEx_CommutCallback  stm32f4xx_hal_tim_ex.o
    0x080029d0   0x080029d0   0x00000034   Code   RO         1722    i.HAL_TIM_Base_Init  stm32f4xx_hal_tim.o
    0x08002a04   0x08002a04   0x00000002   Code   RO         1724    i.HAL_TIM_Base_MspInit  stm32f4xx_hal_tim.o
    0x08002a06   0x08002a06   0x0000002a   Code   RO         1727    i.HAL_TIM_Base_Start_IT  stm32f4xx_hal_tim.o
    0x08002a30   0x08002a30   0x00000002   Code   RO         1751    i.HAL_TIM_IC_CaptureCallback  stm32f4xx_hal_tim.o
    0x08002a32   0x08002a32   0x00000196   Code   RO         1765    i.HAL_TIM_IRQHandler  stm32f4xx_hal_tim.o
    0x08002bc8   0x08002bc8   0x00000002   Code   RO         1768    i.HAL_TIM_OC_DelayElapsedCallback  stm32f4xx_hal_tim.o
    0x08002bca   0x08002bca   0x00000002   Code   RO         1795    i.HAL_TIM_PWM_PulseFinishedCallback  stm32f4xx_hal_tim.o
    0x08002bcc   0x08002bcc   0x00000018   Code   RO           14    i.HAL_TIM_PeriodElapsedCallback  main.o
    0x08002be4   0x08002be4   0x00000002   Code   RO         1808    i.HAL_TIM_TriggerCallback  stm32f4xx_hal_tim.o
    0x08002be6   0x08002be6   0x00000002   Code   RO         2823    i.HAL_UART_AbortReceiveCpltCallback  stm32f4xx_hal_uart.o
    0x08002be8   0x08002be8   0x00000078   Code   RO         2824    i.HAL_UART_AbortReceive_IT  stm32f4xx_hal_uart.o
    0x08002c60   0x08002c60   0x00000066   Code   RO         2831    i.HAL_UART_DMAStop  stm32f4xx_hal_uart.o
    0x08002cc6   0x08002cc6   0x00000002   Code   RO         2833    i.HAL_UART_ErrorCallback  stm32f4xx_hal_uart.o
    0x08002cc8   0x08002cc8   0x0000014c   Code   RO         2836    i.HAL_UART_IRQHandler  stm32f4xx_hal_uart.o
    0x08002e14   0x08002e14   0x00000072   Code   RO         2837    i.HAL_UART_Init     stm32f4xx_hal_uart.o
    0x08002e86   0x08002e86   0x00000002   PAD
    0x08002e88   0x08002e88   0x0000032c   Code   RO          661    i.HAL_UART_MspInit  usart.o
    0x080031b4   0x080031b4   0x000000c4   Code   RO         2841    i.HAL_UART_Receive_DMA  stm32f4xx_hal_uart.o
    0x08003278   0x08003278   0x00000070   Code   RO         2842    i.HAL_UART_Receive_IT  stm32f4xx_hal_uart.o
    0x080032e8   0x080032e8   0x00000018   Code   RO         7630    i.HAL_UART_RxCpltCallback  sentrycloudvision.o
    0x08003300   0x08003300   0x00000002   Code   RO         2844    i.HAL_UART_RxHalfCpltCallback  stm32f4xx_hal_uart.o
    0x08003302   0x08003302   0x00000002   PAD
    0x08003304   0x08003304   0x0000009c   Code   RO         2846    i.HAL_UART_Transmit_DMA  stm32f4xx_hal_uart.o
    0x080033a0   0x080033a0   0x00000002   Code   RO         7631    i.HAL_UART_TxCpltCallback  sentrycloudvision.o
    0x080033a2   0x080033a2   0x00000002   Code   RO         2849    i.HAL_UART_TxHalfCpltCallback  stm32f4xx_hal_uart.o
    0x080033a4   0x080033a4   0x00000004   Code   RO          729    i.HardFault_Handler  stm32f4xx_it.o
    0x080033a8   0x080033a8   0x00000048   Code   RO          412    i.MX_CAN1_Init      can.o
    0x080033f0   0x080033f0   0x00000048   Code   RO          413    i.MX_CAN2_Init      can.o
    0x08003438   0x08003438   0x000000a8   Code   RO          463    i.MX_DMA_Init       dma.o
    0x080034e0   0x080034e0   0x0000011c   Code   RO          320    i.MX_GPIO_Init      gpio.o
    0x080035fc   0x080035fc   0x00000044   Code   RO          617    i.MX_SPI1_Init      spi.o
    0x08003640   0x08003640   0x00000038   Code   RO          662    i.MX_UART5_Init     usart.o
    0x08003678   0x08003678   0x00000040   Code   RO          663    i.MX_USART1_UART_Init  usart.o
    0x080036b8   0x080036b8   0x00000038   Code   RO          664    i.MX_USART3_UART_Init  usart.o
    0x080036f0   0x080036f0   0x00000004   Code   RO          730    i.MemManage_Handler  stm32f4xx_it.o
    0x080036f4   0x080036f4   0x00000002   Code   RO          731    i.NMI_Handler       stm32f4xx_it.o
    0x080036f6   0x080036f6   0x00000002   PAD
    0x080036f8   0x080036f8   0x00000010   Code   RO          732    i.SPI1_IRQHandler   stm32f4xx_it.o
    0x08003708   0x08003708   0x00000034   Code   RO         5788    i.SysTick_Handler   port.o
    0x0800373c   0x0800373c   0x0000001c   Code   RO         1035    i.SystemInit        system_stm32f4xx.o
    0x08003758   0x08003758   0x00000010   Code   RO          733    i.TIM8_TRG_COM_TIM14_IRQHandler  stm32f4xx_it.o
    0x08003768   0x08003768   0x000000d8   Code   RO         1810    i.TIM_Base_SetConfig  stm32f4xx_hal_tim.o
    0x08003840   0x08003840   0x00000038   Code   RO          734    i.UART5_IRQHandler  stm32f4xx_it.o
    0x08003878   0x08003878   0x00000038   Code   RO          735    i.USART1_IRQHandler  stm32f4xx_it.o
    0x080038b0   0x080038b0   0x00000014   Code   RO          736    i.USART3_IRQHandler  stm32f4xx_it.o
    0x080038c4   0x080038c4   0x00000004   Code   RO          737    i.UsageFault_Handler  stm32f4xx_it.o
    0x080038c8   0x080038c8   0x00000034   Code   RO         7863    i._Z10Cloud_Initv   task_senticloud.o
    0x080038fc   0x080038fc   0x00000028   Code   RO         7506    i._Z10GlobalSafev   sentrycloudlogic.o
    0x08003924   0x08003924   0x00000050   Code   RO         7507    i._Z10ManualFeedv   sentrycloudlogic.o
    0x08003974   0x08003974   0x00000150   Code   RO         7508    i._Z10ModeSelectv   sentrycloudlogic.o
    0x08003ac4   0x08003ac4   0x000000e0   Code   RO         7509    i._Z10VisionFeedv   sentrycloudlogic.o
    0x08003ba4   0x08003ba4   0x000000b0   Code   RO         7864    i._Z10task_CheckPv  task_senticloud.o
    0x08003c54   0x08003c54   0x0000006c   Code   RO         7510    i._Z11ManualShootv  sentrycloudlogic.o
    0x08003cc0   0x08003cc0   0x00000088   Code   RO         7865    i._Z11TaskStarterv  task_senticloud.o
    0x08003d48   0x08003d48   0x00000054   Code   RO         5867    i._Z11bsp_dbus_Itv  bsp_dbus.o
    0x08003d9c   0x08003d9c   0x0000004c   Code   RO         6803    i._Z12CMD_SHOOT_RxPh  app_vision.o
    0x08003de8   0x08003de8   0x00000034   Code   RO         6804    i._Z12ROBOT_ERR_Txh  app_vision.o
    0x08003e1c   0x08003e1c   0x0000035c   Code   RO         6580    i._Z12app_imu_Initv  app_imu.o
    0x08004178   0x08004178   0x0000006c   Code   RO         6315    i._Z12bsp_can_Initv  bsp_can.o
    0x080041e4   0x080041e4   0x00000054   Code   RO         7511    i._Z13ManualChassisv  sentrycloudlogic.o
    0x08004238   0x08004238   0x0000003a   Code   RO         7688    i._Z13SentryCanSendP19__CAN_HandleTypeDefjPhj  sentry_can_commom.o
    0x08004272   0x08004272   0x00000030   Code   RO         7689    i._Z13SentryCanSendP19__CAN_HandleTypeDefjff  sentry_can_commom.o
    0x080042a2   0x080042a2   0x00000002   PAD
    0x080042a4   0x080042a4   0x000000ac   Code   RO         7512    i._Z13VisionControlv  sentrycloudlogic.o
    0x08004350   0x08004350   0x00000040   Code   RO         5868    i._Z13bsp_dbus_Initv  bsp_dbus.o
    0x08004390   0x08004390   0x00000060   Code   RO         6806    i._Z14STA_CHASSIS_Txhhff  app_vision.o
    0x080043f0   0x080043f0   0x00000054   Code   RO         6419    i._Z14app_check_Initv  app_check.o
    0x08004444   0x08004444   0x00000026   Code   RO         6663    i._Z14app_math_Limitfff  app_math.o
    0x0800446a   0x0800446a   0x00000034   Code   RO         6807    i._Z15CMD_READ_PID_RxPh  app_vision.o
    0x0800449e   0x0800449e   0x00000002   PAD
    0x080044a0   0x080044a0   0x00000064   Code   RO         6808    i._Z15CMD_READ_PID_Txhfff  app_vision.o
    0x08004504   0x08004504   0x000000ec   Code   RO         6809    i._Z15app_vision_Initv  app_vision.o
    0x080045f0   0x080045f0   0x00000014   Code   RO         6118    i._Z15bsp_spi_ReadRegh  bsp_spi.o
    0x08004604   0x08004604   0x00000030   Code   RO          488    i._Z16MX_FREERTOS_Initv  freertos.o
    0x08004634   0x08004634   0x00000024   Code   RO         7513    i._Z16ManualShootEnterv  sentrycloudlogic.o
    0x08004658   0x08004658   0x0000006c   Code   RO         7514    i._Z16ManualShoot_Gyrov  sentrycloudlogic.o
    0x080046c4   0x080046c4   0x0000000a   Code   RO          489    i._Z16StartDefaultTaskPKv  freertos.o
    0x080046ce   0x080046ce   0x00000002   PAD
    0x080046d0   0x080046d0   0x0000006c   Code   RO         6667    i._Z16app_math_InvSqrtf  app_math.o
    0x0800473c   0x0800473c   0x00000048   Code   RO         6169    i._Z16bsp_judgement_Itv  bsp_judgement.o
    0x08004784   0x08004784   0x00000048   Code   RO         6119    i._Z16bsp_spi_ReadRegshPhh  bsp_spi.o
    0x080047cc   0x080047cc   0x0000000c   Code   RO         7515    i._Z17VisionControlExitv  sentrycloudlogic.o
    0x080047d8   0x080047d8   0x00000448   Code   RO         6581    i._Z17app_imu_So3threadv  app_imu.o
    0x08004c20   0x08004c20   0x0000002c   Code   RO         7866    i._Z17task_CommuRoutinePv  task_senticloud.o
    0x08004c4c   0x08004c4c   0x000000b8   Code   RO           15    i._Z18SystemClock_Configv  main.o
    0x08004d04   0x08004d04   0x0000000c   Code   RO         7517    i._Z18VisionControlEnterv  sentrycloudlogic.o
    0x08004d10   0x08004d10   0x000000d4   Code   RO         7472    i._Z19CloudVisonTxRoutinev  sentrycloudcommu.o
    0x08004de4   0x08004de4   0x000000d8   Code   RO         6421    i._Z19app_check_IsOffline21__app_check_device_id  app_check.o
    0x08004ebc   0x08004ebc   0x000000c0   Code   RO         6669    i._Z19app_math_LPF2pApplyP4LPF2f  app_math.o
    0x08004f7c   0x08004f7c   0x00000062   Code   RO         6316    i._Z19bsp_can_SendmessageP19__CAN_HandleTypeDefsPs  bsp_can.o
    0x08004fde   0x08004fde   0x00000002   PAD
    0x08004fe0   0x08004fe0   0x00000024   Code   RO         7692    i._Z20CHASSIS_PILLAR_CanRxjPh  sentry_can_commom.o
    0x08005004   0x08005004   0x00000034   Code   RO         7693    i._Z20CHASSIS_STATES_CanRxjPh  sentry_can_commom.o
    0x08005038   0x08005038   0x00000060   Code   RO         6812    i._Z20CMD_GET_MCU_STATE_Txfffhh  app_vision.o
    0x08005098   0x08005098   0x00000002   Code   RO         7114    i._Z20RunModeCloudCtrlGyrov  sentrycloud.o
    0x0800509a   0x0800509a   0x00000002   PAD
    0x0800509c   0x0800509c   0x0000002c   Code   RO         7115    i._Z20RunModeCloudCtrlMechv  sentrycloud.o
    0x080050c8   0x080050c8   0x00000014   Code   RO         5920    i._Z20bsp_icm20602_ReadRegh  bsp_icm20602.o
    0x080050dc   0x080050dc   0x000000c4   Code   RO         6120    i._Z20bsp_spi_Icm20602Initv  bsp_spi.o
    0x080051a0   0x080051a0   0x00000030   Code   RO         7695    i._Z21UP_CLOUD_STATES_CanTxv  sentry_can_commom.o
    0x080051d0   0x080051d0   0x00000020   Code   RO         6423    i._Z21app_check_RefreshListv  app_check.o
    0x080051f0   0x080051f0   0x00000048   Code   RO         5921    i._Z21bsp_icm20602_ReadRegshPhh  bsp_icm20602.o
    0x08005238   0x08005238   0x0000002c   Code   RO         6813    i._Z22CMD_CHASSIS_CONTROL_RxPh  app_vision.o
    0x08005264   0x08005264   0x00000024   Code   RO         7116    i._Z22EnterModeCloudCtrlGyrov  sentrycloud.o
    0x08005288   0x08005288   0x00000024   Code   RO         7117    i._Z22EnterModeCloudCtrlMechv  sentrycloud.o
    0x080052ac   0x080052ac   0x0000002c   Code   RO         7518    i._Z22ManualShoot_Gyro_Enterv  sentrycloudlogic.o
    0x080052d8   0x080052d8   0x00000028   Code   RO         7696    i._Z22UpCloudCanCommuRoutinev  sentry_can_commom.o
    0x08005300   0x08005300   0x0000001c   Code   RO         6424    i._Z22app_check_EnableDevice21__app_check_device_idj  app_check.o
    0x0800531c   0x0800531c   0x00000030   Code   RO         7697    i._Z23DOWN_CLOUD_STATES_CanRxjPh  sentry_can_commom.o
    0x0800534c   0x0800534c   0x00000050   Code   RO         6814    i._Z23app_vision_SendTxbufferh  app_vision.o
    0x0800539c   0x0800539c   0x00000028   Code   RO         7118    i._Z25CMD_SHOOT_ExecuteCallbackfhh  sentrycloud.o
    0x080053c4   0x080053c4   0x00000014   Code   RO         6427    i._Z26app_check_SignDeviceTickTo21__app_check_device_idPj  app_check.o
    0x080053d8   0x080053d8   0x00000040   Code   RO         6816    i._Z27CMD_GIMBAL_SPEED_CONTROL_RxPh  app_vision.o
    0x08005418   0x08005418   0x000000ec   Code   RO         6671    i._Z27app_math_LPF2pSetCutoffFreqP4LPF2ff  app_math.o
    0x08005504   0x08005504   0x00000018   Code   RO         6817    i._Z27app_vision_load_to_txbufferfi  app_vision.o
    0x0800551c   0x0800551c   0x0000000c   Code   RO         6818    i._Z27app_vision_load_to_txbufferhi  app_vision.o
    0x08005528   0x08005528   0x000000fc   Code   RO         6819    i._Z29app_vision_analysis_intgratedv  app_vision.o
    0x08005624   0x08005624   0x00000040   Code   RO         6820    i._Z30CMD_GIMBAL_ABSOLUTE_CONTROL_RxPh  app_vision.o
    0x08005664   0x08005664   0x00000040   Code   RO         6821    i._Z30CMD_GIMBAL_RELATIVE_CONTROL_RxPh  app_vision.o
    0x080056a4   0x080056a4   0x00000090   Code   RO         7119    i._Z30CMD_READ_PID_Rx_GetPidCallbackhPfS_S_  sentrycloud.o
    0x08005734   0x08005734   0x00000058   Code   RO         6823    i._Z30app_vision_dma_rx_cpltcallbackP20__UART_HandleTypeDef  app_vision.o
    0x0800578c   0x0800578c   0x00000030   Code   RO         6824    i._Z31CMD_CHASSIS_LOACTION_CONTROL_RxPh  app_vision.o
    0x080057bc   0x080057bc   0x00000048   Code   RO         6825    i._Z31app_vision_dma_rx_abort_in_idlev  app_vision.o
    0x08005804   0x08005804   0x00000022   Code   RO         7423    i._Z34CanRxCpltCallBack_CloudCommuUpdataP19__CAN_HandleTypeDefP19CAN_RxHeaderTypeDefPh  sentrycloudcan.o
    0x08005826   0x08005826   0x00000002   PAD
    0x08005828   0x08005828   0x00000030   Code   RO         6826    i._Z35CMD_CHASSIS_LOCATION_LIMIT_SPEED_RxPh  app_vision.o
    0x08005858   0x08005858   0x00000040   Code   RO         7867    i._Z9task_MainPv    task_senticloud.o
    0x08005898   0x08005898   0x0000000a   Code   RO         7929    i._ZN10block_type10Block_InitEttf  bsp_motor.o
    0x080058a2   0x080058a2   0x000000b0   Code   RO         7930    i._ZN10block_type11Block_CheckEv  bsp_motor.o
    0x08005952   0x08005952   0x0000000a   Code   RO         7931    i._ZN10block_type15Clear_BlockFlagEv  bsp_motor.o
    0x0800595c   0x0800595c   0x0000000c   Code   RO         8341    i._ZN10block_typeC1ERsRf  bsp_motor.o
    0x08005968   0x08005968   0x000000a2   Code   RO         7120    i._ZN11SentryCloud10SetAngleToEff  sentrycloud.o
    0x08005a0a   0x08005a0a   0x0000000e   Code   RO         7121    i._ZN11SentryCloud13Feed_Safe_SetEv  sentrycloud.o
    0x08005a18   0x08005a18   0x00000086   Code   RO         7122    i._ZN11SentryCloud13PitchModeCtrlEv  sentrycloud.o
    0x08005a9e   0x08005a9e   0x00000002   PAD
    0x08005aa0   0x08005aa0   0x00000024   Code   RO         7124    i._ZN11SentryCloud14LazerSwitchCmdEi  sentrycloud.o
    0x08005ac4   0x08005ac4   0x00000066   Code   RO         7125    i._ZN11SentryCloud15SetAngleTo_GyroEff  sentrycloud.o
    0x08005b2a   0x08005b2a   0x0000000a   Code   RO         7126    i._ZN11SentryCloud16RunModeDualPitchEv  sentrycloud.o
    0x08005b34   0x08005b34   0x00000050   Code   RO         7127    i._ZN11SentryCloud16ShooterSwitchCmdEi  sentrycloud.o
    0x08005b84   0x08005b84   0x00000028   Code   RO         7128    i._ZN11SentryCloud17ExitModeDualPitchEv  sentrycloud.o
    0x08005bac   0x08005bac   0x00000028   Code   RO         7129    i._ZN11SentryCloud18EnterModeDualPitchEv  sentrycloud.o
    0x08005bd4   0x08005bd4   0x0000001c   Code   RO         7131    i._ZN11SentryCloud18Feed_Free_Once_SetEis  sentrycloud.o
    0x08005bf0   0x08005bf0   0x0000017c   Code   RO         7133    i._ZN11SentryCloud20ImuDataProcessHandleEv  sentrycloud.o
    0x08005d6c   0x08005d6c   0x00000026   Code   RO         7134    i._ZN11SentryCloud22SetPitchRealAngleLimitEff  sentrycloud.o
    0x08005d92   0x08005d92   0x000000ec   Code   RO         7135    i._ZN11SentryCloud23PitchRealAngleLimitCtrlEv  sentrycloud.o
    0x08005e7e   0x08005e7e   0x0000004a   Code   RO         7136    i._ZN11SentryCloud5ShootEfhh  sentrycloud.o
    0x08005ec8   0x08005ec8   0x00000098   Code   RO         7137    i._ZN11SentryCloud6HandleEv  sentrycloud.o
    0x08005f60   0x08005f60   0x00000054   Code   RO         7138    i._ZN11SentryCloud8Safe_SetEv  sentrycloud.o
    0x08005fb4   0x08005fb4   0x00000036   Code   RO         7139    i._ZN11SentryCloud9ShootCtrlEv  sentrycloud.o
    0x08005fea   0x08005fea   0x00000002   PAD
    0x08005fec   0x08005fec   0x0000047c   Code   RO         7140    i._ZN11SentryCloudC1Ehthththththt  sentrycloud.o
    0x08006468   0x08006468   0x00000006   Code   RO         7362    i._ZN11str_Motor_tC1Eth  sentrycloud.o
    0x0800646e   0x0800646e   0x00000016   Code   RO         6997    i._ZN13__vision_dataC1Ev  app_vision.o
    0x08006484   0x08006484   0x00000094   Code   RO         6582    i._ZN30_INTERNAL_9_app_imu_c_42513fb710Soft_AngleEfh  app_imu.o
    0x08006518   0x08006518   0x0000041c   Code   RO         6583    i._ZN30_INTERNAL_9_app_imu_c_42513fb712MPU_Read_RawEv  app_imu.o
    0x08006934   0x08006934   0x000002bc   Code   RO         6584    i._ZN30_INTERNAL_9_app_imu_c_42513fb720NonlinearSO3AHRSinitEffffff  app_imu.o
    0x08006bf0   0x08006bf0   0x00000824   Code   RO         6585    i._ZN30_INTERNAL_9_app_imu_c_42513fb722NonlinearSO3AHRSupdateEfffffffffffff  app_imu.o
    0x08007414   0x08007414   0x00000044   Code   RO         6121    i._ZN30_INTERNAL_9_bsp_spi_c_b32090b216bsp_spi_writeregEhh  bsp_spi.o
    0x08007458   0x08007458   0x00000144   Code   RO         5869    i._ZN32_INTERNAL_10_bsp_dbus_c_520bcdd817bsp_dbus_AnalysisEv  bsp_dbus.o
    0x0800759c   0x0800759c   0x0000003c   Code   RO         5870    i._ZN32_INTERNAL_10_bsp_dbus_c_520bcdd818bsp_dbus_DatacheckEv  bsp_dbus.o
    0x080075d8   0x080075d8   0x00000036   Code   RO         6827    i._ZN36_INTERNAL_14_app_vision_cpp_VisionRx21SentryVisionUartRxAllEPh  app_vision.o
    0x0800760e   0x0800760e   0x00000038   Code   RO         7142    i._ZN37_INTERNAL_15_SentryCloud_cpp_819a63d123copy_array_to_pid_paramEP3pidPf  sentrycloud.o
    0x08007646   0x08007646   0x00000038   Code   RO         7143    i._ZN37_INTERNAL_15_SentryCloud_cpp_819a63d123copy_pid_param_to_arrayEPfP3pid  sentrycloud.o
    0x0800767e   0x0800767e   0x0000002e   Code   RO         7144    i._ZN37_INTERNAL_15_SentryCloud_cpp_819a63d125copy_array_to_cloud_paramEP9softcloudPf  sentrycloud.o
    0x080076ac   0x080076ac   0x00000030   Code   RO         7145    i._ZN37_INTERNAL_15_SentryCloud_cpp_819a63d126copy_cloud_param_to_backupEP9softcloud  sentrycloud.o
    0x080076dc   0x080076dc   0x00000024   Code   RO         6175    i._ZN37_INTERNAL_15_bsp_judgement_c_1fd0b44618Get_CRC8_Check_SumEPhjh  bsp_judgement.o
    0x08007700   0x08007700   0x00000034   Code   RO         6176    i._ZN37_INTERNAL_15_bsp_judgement_c_1fd0b44619Get_CRC16_Check_SumEPhjt  bsp_judgement.o
    0x08007734   0x08007734   0x0000002e   Code   RO         6178    i._ZN37_INTERNAL_15_bsp_judgement_c_1fd0b44621Verify_CRC8_Check_SumEPhj  bsp_judgement.o
    0x08007762   0x08007762   0x00000002   PAD
    0x08007764   0x08007764   0x00000044   Code   RO         6180    i._ZN37_INTERNAL_15_bsp_judgement_c_1fd0b44622Verify_CRC16_Check_SumEPhj  bsp_judgement.o
    0x080077a8   0x080077a8   0x000002a8   Code   RO         6181    i._ZN37_INTERNAL_15_bsp_judgement_c_1fd0b44623bsp_judgement_CalculateEv  bsp_judgement.o
    0x08007a50   0x08007a50   0x000000c4   Code   RO         7146    i._ZN3pid14PIDUserProcessEv  sentrycloud.o
    0x08007b14   0x08007b14   0x000000d4   Code   RO         7937    i._ZN3pid17nonlinear_pid_runEf  bsp_motor.o
    0x08007be8   0x08007be8   0x00000028   Code   RO         7938    i._ZN3pid4sechEf    bsp_motor.o
    0x08007c10   0x08007c10   0x00000184   Code   RO         7939    i._ZN3pid7pid_runEf  bsp_motor.o
    0x08007d94   0x08007d94   0x00000050   Code   RO         7941    i._ZN3pidC1Efffffttt  bsp_motor.o
    0x08007de4   0x08007de4   0x0000002c   Code   RO         3779    i._ZN41_INTERNAL_19_stm32f4xx_hal_dma_c_c25f65ec13DMA_SetConfigEP19__DMA_HandleTypeDefjjj  stm32f4xx_hal_dma.o
    0x08007e10   0x08007e10   0x000000aa   Code   RO         3780    i._ZN41_INTERNAL_19_stm32f4xx_hal_dma_c_c25f65ec18DMA_CheckFifoParamEP19__DMA_HandleTypeDef  stm32f4xx_hal_dma.o
    0x08007eba   0x08007eba   0x00000002   PAD
    0x08007ebc   0x08007ebc   0x00000034   Code   RO         3781    i._ZN41_INTERNAL_19_stm32f4xx_hal_dma_c_c25f65ec23DMA_CalcBaseAndBitshiftEP19__DMA_HandleTypeDef  stm32f4xx_hal_dma.o
    0x08007ef0   0x08007ef0   0x00000014   Code   RO         1383    i._ZN41_INTERNAL_19_stm32f4xx_hal_spi_c_5e7b22bd19SPI_DMAAbortOnErrorEP19__DMA_HandleTypeDef  stm32f4xx_hal_spi.o
    0x08007f04   0x08007f04   0x0000004c   Code   RO         1387    i._ZN41_INTERNAL_19_stm32f4xx_hal_spi_c_5e7b22bd20SPI_EndRxTransactionEP19__SPI_HandleTypeDefjj  stm32f4xx_hal_spi.o
    0x08007f50   0x08007f50   0x00000028   Code   RO         1393    i._ZN41_INTERNAL_19_stm32f4xx_hal_spi_c_5e7b22bd22SPI_EndRxTxTransactionEP19__SPI_HandleTypeDefjj  stm32f4xx_hal_spi.o
    0x08007f78   0x08007f78   0x000000a8   Code   RO         1396    i._ZN41_INTERNAL_19_stm32f4xx_hal_spi_c_5e7b22bd29SPI_WaitFlagStateUntilTimeoutEP19__SPI_HandleTypeDefj10FlagStatusjj  stm32f4xx_hal_spi.o
    0x08008020   0x08008020   0x00000050   Code   RO         2850    i._ZN42_INTERNAL_20_stm32f4xx_hal_uart_c_d497114f13UART_DMAErrorEP19__DMA_HandleTypeDef  stm32f4xx_hal_uart.o
    0x08008070   0x08008070   0x00000368   Code   RO         2851    i._ZN42_INTERNAL_20_stm32f4xx_hal_uart_c_d497114f14UART_SetConfigEP20__UART_HandleTypeDef  stm32f4xx_hal_uart.o
    0x080083d8   0x080083d8   0x000000a6   Code   RO         2852    i._ZN42_INTERNAL_20_stm32f4xx_hal_uart_c_d497114f15UART_Receive_ITEP20__UART_HandleTypeDef  stm32f4xx_hal_uart.o
    0x0800847e   0x0800847e   0x00000068   Code   RO         2853    i._ZN42_INTERNAL_20_stm32f4xx_hal_uart_c_d497114f16UART_Transmit_ITEP20__UART_HandleTypeDef  stm32f4xx_hal_uart.o
    0x080084e6   0x080084e6   0x0000000e   Code   RO         2854    i._ZN42_INTERNAL_20_stm32f4xx_hal_uart_c_d497114f18UART_DMARxHalfCpltEP19__DMA_HandleTypeDef  stm32f4xx_hal_uart.o
    0x080084f4   0x080084f4   0x0000000e   Code   RO         2855    i._ZN42_INTERNAL_20_stm32f4xx_hal_uart_c_d497114f18UART_DMATxHalfCpltEP19__DMA_HandleTypeDef  stm32f4xx_hal_uart.o
    0x08008502   0x08008502   0x00000020   Code   RO         2856    i._ZN42_INTERNAL_20_stm32f4xx_hal_uart_c_d497114f18UART_EndRxTransferEP20__UART_HandleTypeDef  stm32f4xx_hal_uart.o
    0x08008522   0x08008522   0x00000014   Code   RO         2857    i._ZN42_INTERNAL_20_stm32f4xx_hal_uart_c_d497114f18UART_EndTxTransferEP20__UART_HandleTypeDef  stm32f4xx_hal_uart.o
    0x08008536   0x08008536   0x00000046   Code   RO         2858    i._ZN42_INTERNAL_20_stm32f4xx_hal_uart_c_d497114f19UART_DMAReceiveCpltEP19__DMA_HandleTypeDef  stm32f4xx_hal_uart.o
    0x0800857c   0x0800857c   0x00000020   Code   RO         2859    i._ZN42_INTERNAL_20_stm32f4xx_hal_uart_c_d497114f19UART_EndTransmit_ITEP20__UART_HandleTypeDef  stm32f4xx_hal_uart.o
    0x0800859c   0x0800859c   0x00000014   Code   RO         2860    i._ZN42_INTERNAL_20_stm32f4xx_hal_uart_c_d497114f20UART_DMAAbortOnErrorEP19__DMA_HandleTypeDef  stm32f4xx_hal_uart.o
    0x080085b0   0x080085b0   0x00000036   Code   RO         2861    i._ZN42_INTERNAL_20_stm32f4xx_hal_uart_c_d497114f20UART_DMATransmitCpltEP19__DMA_HandleTypeDef  stm32f4xx_hal_uart.o
    0x080085e6   0x080085e6   0x00000018   Code   RO         2864    i._ZN42_INTERNAL_20_stm32f4xx_hal_uart_c_d497114f27UART_DMARxOnlyAbortCallbackEP19__DMA_HandleTypeDef  stm32f4xx_hal_uart.o
    0x080085fe   0x080085fe   0x00000002   PAD
    0x08008600   0x08008600   0x00000028   Code   RO         4103    i._ZN44_INTERNAL_22_stm32f4xx_hal_cortex_c_2992dbc018__NVIC_SetPriorityE9IRQn_Typej  stm32f4xx_hal_cortex.o
    0x08008628   0x08008628   0x00000010   Code   RO         4104    i._ZN44_INTERNAL_22_stm32f4xx_hal_cortex_c_2992dbc026__NVIC_GetPriorityGroupingEv  stm32f4xx_hal_cortex.o
    0x08008638   0x08008638   0x00000072   Code   RO         7943    i._ZN5cloud12Position_RunEv  bsp_motor.o
    0x080086aa   0x080086aa   0x00000002   PAD
    0x080086ac   0x080086ac   0x00000048   Code   RO         7944    i._ZN5cloud13InsertCurrentEv  bsp_motor.o
    0x080086f4   0x080086f4   0x00000036   Code   RO         7945    i._ZN5cloud14Gyro_Angle_SetEf  bsp_motor.o
    0x0800872a   0x0800872a   0x00000002   PAD
    0x0800872c   0x0800872c   0x000000e0   Code   RO         7946    i._ZN5cloud14Gyro_Speed_RunEv  bsp_motor.o
    0x0800880c   0x0800880c   0x00000074   Code   RO         7949    i._ZN5cloud17Gyro_Position_RunEv  bsp_motor.o
    0x08008880   0x08008880   0x00000060   Code   RO         7951    i._ZN5cloud6HandleEv  bsp_motor.o
    0x080088e0   0x080088e0   0x000000f0   Code   RO         7952    i._ZN5cloud6updateEPh  bsp_motor.o
    0x080089d0   0x080089d0   0x00000014   Code   RO         7953    i._ZN5cloud8Safe_SetEv  bsp_motor.o
    0x080089e4   0x080089e4   0x000000d4   Code   RO         7955    i._ZN5cloud9Speed_RunEv  bsp_motor.o
    0x08008ab8   0x08008ab8   0x0000000a   Code   RO         7956    i._ZN5cloud9Speed_SetEf  bsp_motor.o
    0x08008ac2   0x08008ac2   0x00000002   PAD
    0x08008ac4   0x08008ac4   0x000000a0   Code   RO         7957    i._ZN5cloudC1EhtsP11str_Motor_tP3pidS3_S3_S3_PfS4_  bsp_motor.o
    0x08008b64   0x08008b64   0x00000038   Code   RO         7959    i._ZN5motor12Position_RunEv  bsp_motor.o
    0x08008b9c   0x08008b9c   0x00000048   Code   RO         7960    i._ZN5motor13InsertCurrentEv  bsp_motor.o
    0x08008be4   0x08008be4   0x0000005c   Code   RO         7962    i._ZN5motor6HandleEv  bsp_motor.o
    0x08008c40   0x08008c40   0x00000078   Code   RO         7963    i._ZN5motor6updateEPh  bsp_motor.o
    0x08008cb8   0x08008cb8   0x0000001e   Code   RO         7964    i._ZN5motor8Safe_SetEv  bsp_motor.o
    0x08008cd6   0x08008cd6   0x00000002   PAD
    0x08008cd8   0x08008cd8   0x0000009c   Code   RO         7966    i._ZN5motor9Speed_RunEv  bsp_motor.o
    0x08008d74   0x08008d74   0x00000008   Code   RO         7967    i._ZN5motor9Speed_SetEs  bsp_motor.o
    0x08008d7c   0x08008d7c   0x00000068   Code   RO         7968    i._ZN5motorC1EhtP11str_Motor_tP3pidS3_  bsp_motor.o
    0x08008de4   0x08008de4   0x00000178   Code   RO         7972    i._ZN7chassis6HandleEv  bsp_motor.o
    0x08008f5c   0x08008f5c   0x00000058   Code   RO         7974    i._ZN7manager10Is_OfflineEv  bsp_motor.o
    0x08008fb4   0x08008fb4   0x00000024   Code   RO         7147    i._ZN7manager11UserProcessEv  sentrycloud.o
    0x08008fd8   0x08008fd8   0x000001e0   Code   RO         7977    i._ZN7manager7CANSendEv  bsp_motor.o
    0x080091b8   0x080091b8   0x00000014   Code   RO         7978    i._ZN7manager9CANSelectEP19__CAN_HandleTypeDefS1_  bsp_motor.o
    0x080091cc   0x080091cc   0x00000090   Code   RO         7979    i._ZN7manager9CANUpdateEP19__CAN_HandleTypeDefP19CAN_RxHeaderTypeDefPh  bsp_motor.o
    0x0800925c   0x0800925c   0x00000010   Code   RO         8347    i._ZN7managerC2Ev   bsp_motor.o
    0x0800926c   0x0800926c   0x0000000e   Code   RO         8448    i._ZN8AmmoFeed13Free_Once_SetEis  app_ammofeed.o
    0x0800927a   0x0800927a   0x000000b0   Code   RO         8449    i._ZN8AmmoFeed16Blocked_ReactionEv  app_ammofeed.o
    0x0800932a   0x0800932a   0x00000002   PAD
    0x0800932c   0x0800932c   0x00000034   Code   RO         8450    i._ZN8AmmoFeed5BurstEv  app_ammofeed.o
    0x08009360   0x08009360   0x00000070   Code   RO         8451    i._ZN8AmmoFeed6HandleEv  app_ammofeed.o
    0x080093d0   0x080093d0   0x00000016   Code   RO         8452    i._ZN8AmmoFeed8Safe_SetEv  app_ammofeed.o
    0x080093e6   0x080093e6   0x00000002   PAD
    0x080093e8   0x080093e8   0x0000014c   Code   RO         8453    i._ZN8AmmoFeed8Step_RunEv  app_ammofeed.o
    0x08009534   0x08009534   0x00000022   Code   RO         8455    i._ZN8AmmoFeed9Free_FireEv  app_ammofeed.o
    0x08009556   0x08009556   0x00000002   PAD
    0x08009558   0x08009558   0x00000080   Code   RO         8456    i._ZN8AmmoFeed9Free_OnceEv  app_ammofeed.o
    0x080095d8   0x080095d8   0x000000a0   Code   RO         7368    i._ZN8AmmoFeedC1EhtP11str_Motor_thaP3pidS3_  sentrycloud.o
    0x08009678   0x08009678   0x0000001c   Code   RO         6764    i._ZN8app_Mode3RunEv  app_mode.o
    0x08009694   0x08009694   0x0000001c   Code   RO         6765    i._ZN8app_Mode4ExitEv  app_mode.o
    0x080096b0   0x080096b0   0x0000001c   Code   RO         6766    i._ZN8app_Mode5EnterEv  app_mode.o
    0x080096cc   0x080096cc   0x0000000e   Code   RO         7356    i._ZN8app_ModeC1EPFvvES1_S1_  sentrycloud.o
    0x080096da   0x080096da   0x00000002   PAD
    0x080096dc   0x080096dc   0x000000f8   Code   RO         7980    i._ZN9softcloud12Position_RunEv  bsp_motor.o
    0x080097d4   0x080097d4   0x00000060   Code   RO         7981    i._ZN9softcloud6HandleEv  bsp_motor.o
    0x08009834   0x08009834   0x000001cc   Code   RO         7982    i._ZN9softcloud6updateEPh  bsp_motor.o
    0x08009a00   0x08009a00   0x00000036   Code   RO         7983    i._ZN9softcloud9Angle_SetEf  bsp_motor.o
    0x08009a36   0x08009a36   0x00000002   PAD
    0x08009a38   0x08009a38   0x00000048   Code   RO         7350    i._ZN9softcloudC1EhtsP11str_Motor_tP3pidS3_S3_S3_PfS4_  sentrycloud.o
    0x08009a80   0x08009a80   0x0000004c   Code   RO         7984    i._ZN9softmotor12Enable_BlockEttt  bsp_motor.o
    0x08009acc   0x08009acc   0x00000072   Code   RO         7985    i._ZN9softmotor12Position_RunEv  bsp_motor.o
    0x08009b3e   0x08009b3e   0x00000002   PAD
    0x08009b40   0x08009b40   0x00000124   Code   RO         7988    i._ZN9softmotor6updateEPh  bsp_motor.o
    0x08009c64   0x08009c64   0x00000084   Code   RO         7989    i._ZN9softmotor9Angle_SetEf  bsp_motor.o
    0x08009ce8   0x08009ce8   0x00000018   Code   RO         8335    i._ZSt3expf         bsp_motor.o
    0x08009d00   0x08009d00   0x00000020   Code   RO         6635    i._ZSt5atan2ff      app_imu.o
    0x08009d20   0x08009d20   0x00000016   Code   RO         8388    i._Znwj             bsp_universe.o
    0x08009d36   0x08009d36   0x00000026   Code   RO         9789    i.__ARM_fpclassifyf  m_wm.l(fpclassifyf.o)
    0x08009d5c   0x08009d5c   0x00000006   Code   RO         9403    i.__cxa_pure_virtual  cpprt_w.l(pure_virt.o)
    0x08009d62   0x08009d62   0x00000002   PAD
    0x08009d64   0x08009d64   0x0000012c   Code   RO         9534    i.__hardfp_asinf    m_wm.l(asinf.o)
    0x08009e90   0x08009e90   0x00000250   Code   RO         9546    i.__hardfp_atan2f   m_wm.l(atan2f.o)
    0x0800a0e0   0x0800a0e0   0x00000150   Code   RO         9558    i.__hardfp_cosf     m_wm.l(cosf.o)
    0x0800a230   0x0800a230   0x00000098   Code   RO         9570    i.__hardfp_coshf    m_wm.l(coshf.o)
    0x0800a2c8   0x0800a2c8   0x000001e8   Code   RO         9582    i.__hardfp_expf     m_wm.l(expf.o)
    0x0800a4b0   0x0800a4b0   0x00000070   Code   RO         9596    i.__hardfp_floorf   m_wm.l(floorf.o)
    0x0800a520   0x0800a520   0x00000190   Code   RO         9602    i.__hardfp_sinf     m_wm.l(sinf.o)
    0x0800a6b0   0x0800a6b0   0x0000003a   Code   RO         9614    i.__hardfp_sqrtf    m_wm.l(sqrtf.o)
    0x0800a6ea   0x0800a6ea   0x00000002   PAD
    0x0800a6ec   0x0800a6ec   0x0000017c   Code   RO         9626    i.__hardfp_tanf     m_wm.l(tanf.o)
    0x0800a868   0x0800a868   0x00000006   Code   RO         9792    i.__mathlib_flt_infnan  m_wm.l(funder.o)
    0x0800a86e   0x0800a86e   0x00000006   Code   RO         9793    i.__mathlib_flt_infnan2  m_wm.l(funder.o)
    0x0800a874   0x0800a874   0x00000010   Code   RO         9794    i.__mathlib_flt_invalid  m_wm.l(funder.o)
    0x0800a884   0x0800a884   0x00000010   Code   RO         9795    i.__mathlib_flt_overflow  m_wm.l(funder.o)
    0x0800a894   0x0800a894   0x00000010   Code   RO         9797    i.__mathlib_flt_underflow  m_wm.l(funder.o)
    0x0800a8a4   0x0800a8a4   0x00000154   Code   RO         9805    i.__mathlib_rredf2  m_wm.l(rredf.o)
    0x0800a9f8   0x0800a9f8   0x00000018   Code   RO         6828    i.__sti___14_app_vision_cpp_VisionRx  app_vision.o
    0x0800aa10   0x0800aa10   0x00000094   Code   RO         7148    i.__sti___15_SentryCloud_cpp_819a63d1  sentrycloud.o
    0x0800aaa4   0x0800aaa4   0x000000b0   Code   RO         7519    i.__sti___20_SentryCloudLogic_cpp_01508b5c  sentrycloudlogic.o
    0x0800ab54   0x0800ab54   0x00000042   Code   RO           16    i.main              main.o
    0x0800ab96   0x0800ab96   0x0000000e   Code   RO         5356    i.makeFreeRtosPriority  cmsis_os.o
    0x0800aba4   0x0800aba4   0x00000018   Code   RO         5358    i.osDelay           cmsis_os.o
    0x0800abbc   0x0800abbc   0x0000000a   Code   RO         5361    i.osKernelStart     cmsis_os.o
    0x0800abc6   0x0800abc6   0x00000030   Code   RO         5395    i.osThreadCreate    cmsis_os.o
    0x0800abf6   0x0800abf6   0x0000000e   Code   RO         5404    i.osThreadTerminate  cmsis_os.o
    0x0800ac04   0x0800ac04   0x00000098   Code   RO         5031    i.prvAddCurrentTaskToDelayedList  tasks.o
    0x0800ac9c   0x0800ac9c   0x000000b4   Code   RO         5032    i.prvAddNewTaskToReadyList  tasks.o
    0x0800ad50   0x0800ad50   0x00000048   Code   RO         5033    i.prvCheckTasksWaitingTermination  tasks.o
    0x0800ad98   0x0800ad98   0x00000012   Code   RO         5034    i.prvDeleteTCB      tasks.o
    0x0800adaa   0x0800adaa   0x00000002   PAD
    0x0800adac   0x0800adac   0x0000007c   Code   RO         5726    i.prvHeapInit       heap_4.o
    0x0800ae28   0x0800ae28   0x00000028   Code   RO         5035    i.prvIdleTask       tasks.o
    0x0800ae50   0x0800ae50   0x000000ba   Code   RO         5036    i.prvInitialiseNewTask  tasks.o
    0x0800af0a   0x0800af0a   0x00000002   PAD
    0x0800af0c   0x0800af0c   0x00000068   Code   RO         5037    i.prvInitialiseTaskLists  tasks.o
    0x0800af74   0x0800af74   0x00000068   Code   RO         5727    i.prvInsertBlockIntoFreeList  heap_4.o
    0x0800afdc   0x0800afdc   0x00000034   Code   RO         5038    i.prvResetNextTaskUnblockTime  tasks.o
    0x0800b010   0x0800b010   0x00000016   Code   RO         5039    i.prvTaskCheckFreeStackSpace  tasks.o
    0x0800b026   0x0800b026   0x00000002   PAD
    0x0800b028   0x0800b028   0x00000040   Code   RO         5789    i.prvTaskExitError  port.o
    0x0800b068   0x0800b068   0x0000013c   Code   RO         5728    i.pvPortMalloc      heap_4.o
    0x0800b1a4   0x0800b1a4   0x0000002c   Code   RO         5790    i.pxPortInitialiseStack  port.o
    0x0800b1d0   0x0800b1d0   0x0000003e   Code   RO         9616    i.sqrtf             m_wm.l(sqrtf.o)
    0x0800b20e   0x0800b20e   0x00000028   Code   RO         4681    i.uxListRemove      list.o
    0x0800b236   0x0800b236   0x00000002   PAD
    0x0800b238   0x0800b238   0x00000028   Code   RO         5044    i.uxTaskGetStackHighWaterMark  tasks.o
    0x0800b260   0x0800b260   0x0000001a   Code   RO         4682    i.vListInitialise   list.o
    0x0800b27a   0x0800b27a   0x00000006   Code   RO         4683    i.vListInitialiseItem  list.o
    0x0800b280   0x0800b280   0x00000034   Code   RO         4684    i.vListInsert       list.o
    0x0800b2b4   0x0800b2b4   0x00000018   Code   RO         4685    i.vListInsertEnd    list.o
    0x0800b2cc   0x0800b2cc   0x00000054   Code   RO         5792    i.vPortEnterCritical  port.o
    0x0800b320   0x0800b320   0x0000003c   Code   RO         5793    i.vPortExitCritical  port.o
    0x0800b35c   0x0800b35c   0x00000094   Code   RO         5729    i.vPortFree         heap_4.o
    0x0800b3f0   0x0800b3f0   0x00000028   Code   RO         5794    i.vPortSetupTimerInterrupt  port.o
    0x0800b418   0x0800b418   0x0000005c   Code   RO         5048    i.vTaskDelay        tasks.o
    0x0800b474   0x0800b474   0x000000d4   Code   RO         5049    i.vTaskDelayUntil   tasks.o
    0x0800b548   0x0800b548   0x000000f4   Code   RO         5050    i.vTaskDelete       tasks.o
    0x0800b63c   0x0800b63c   0x00000088   Code   RO         5062    i.vTaskStartScheduler  tasks.o
    0x0800b6c4   0x0800b6c4   0x00000010   Code   RO         5064    i.vTaskSuspendAll   tasks.o
    0x0800b6d4   0x0800b6d4   0x0000008c   Code   RO         5065    i.vTaskSwitchContext  tasks.o
    0x0800b760   0x0800b760   0x00000168   Code   RO         5796    i.xPortStartScheduler  port.o
    0x0800b8c8   0x0800b8c8   0x00000060   Code   RO         5067    i.xTaskCreate       tasks.o
    0x0800b928   0x0800b928   0x0000000c   Code   RO         5072    i.xTaskGetTickCount  tasks.o
    0x0800b934   0x0800b934   0x00000148   Code   RO         5074    i.xTaskIncrementTick  tasks.o
    0x0800ba7c   0x0800ba7c   0x00000104   Code   RO         5080    i.xTaskResumeAll    tasks.o
    0x0800bb80   0x0800bb80   0x00000062   Code   RO         9512    x$fpl$d2f           fz_wm.l(d2f.o)
    0x0800bbe2   0x0800bbe2   0x00000002   PAD
    0x0800bbe4   0x0800bbe4   0x00000150   Code   RO         9514    x$fpl$dadd          fz_wm.l(daddsub_clz.o)
    0x0800bd34   0x0800bd34   0x000002b0   Code   RO         9521    x$fpl$ddiv          fz_wm.l(ddiv.o)
    0x0800bfe4   0x0800bfe4   0x0000002e   Code   RO         9525    x$fpl$dflt          fz_wm.l(dflt_clz.o)
    0x0800c012   0x0800c012   0x00000026   Code   RO         9524    x$fpl$dfltu         fz_wm.l(dflt_clz.o)
    0x0800c038   0x0800c038   0x00000154   Code   RO         9530    x$fpl$dmul          fz_wm.l(dmul.o)
    0x0800c18c   0x0800c18c   0x0000009c   Code   RO         9776    x$fpl$dnaninf       fz_wm.l(dnaninf.o)
    0x0800c228   0x0800c228   0x0000000c   Code   RO         9778    x$fpl$dretinf       fz_wm.l(dretinf.o)
    0x0800c234   0x0800c234   0x000001d4   Code   RO         9516    x$fpl$dsub          fz_wm.l(daddsub_clz.o)
    0x0800c408   0x0800c408   0x00000056   Code   RO         9532    x$fpl$f2d           fz_wm.l(f2d.o)
    0x0800c45e   0x0800c45e   0x0000008c   Code   RO         9780    x$fpl$fnaninf       fz_wm.l(fnaninf.o)
    0x0800c4ea   0x0800c4ea   0x0000000a   Code   RO         9865    x$fpl$fpinit        fz_wm.l(fpinit.o)
    0x0800c4f4   0x0800c4f4   0x0000000a   Code   RO         9782    x$fpl$fretinf       fz_wm.l(fretinf.o)
    0x0800c4fe   0x0800c4fe   0x00000000   Code   RO         9788    x$fpl$usenofp       fz_wm.l(usenofp.o)
    0x0800c4fe   0x0800c4fe   0x00000002   PAD
    0x0800c500   0x0800c500   0x00000014   Data   RO          492    .constdata          freertos.o
    0x0800c514   0x0800c514   0x00000018   Data   RO         1038    .constdata          system_stm32f4xx.o
    0x0800c52c   0x0800c52c   0x00000008   Data   RO         3797    .constdata          stm32f4xx_hal_dma.o
    0x0800c534   0x0800c534   0x00000300   Data   RO         6201    .constdata          bsp_judgement.o
    0x0800c834   0x0800c834   0x00000024   Data   RO         6593    .constdata          app_imu.o
    0x0800c858   0x0800c858   0x00000030   Data   RO         9585    .constdata          m_wm.l(expf.o)
    0x0800c888   0x0800c888   0x00000020   Data   RO         9806    .constdata          m_wm.l(rredf.o)
    0x0800c8a8   0x0800c8a8   0x00000020   Data   RO         8332    .constdata__ZTV5cloud  bsp_motor.o
    0x0800c8c8   0x0800c8c8   0x00000028   Data   RO         8328    .constdata__ZTV5motor  bsp_motor.o
    0x0800c8f0   0x0800c8f0   0x00000014   Data   RO         8351    .constdata__ZTV7manager  bsp_motor.o
    0x0800c904   0x0800c904   0x0000002c   Data   RO         8526    .constdata__ZTV8AmmoFeed  app_ammofeed.o
    0x0800c930   0x0800c930   0x00000020   Data   RO         8334    .constdata__ZTV9softcloud  bsp_motor.o
    0x0800c950   0x0800c950   0x00000028   Data   RO         8330    .constdata__ZTV9softmotor  bsp_motor.o
    0x0800c978   0x0800c978   0x0000000c   Data   RO          493    .conststring        freertos.o
    0x0800c984   0x0800c984   0x00000020   Data   RO        10117    Region$$Table       anon$$obj.o
    0x0800c9a4   0x0800c9a4   0x00000004   Data   RO         6857    .init_array         app_vision.o
    0x0800c9a8   0x0800c9a4   0x00000004   Data   RO         7187    .init_array         sentrycloud.o
    0x0800c9ac   0x0800c9a4   0x00000004   Data   RO         7536    .init_array         sentrycloudlogic.o
    0x0800c9b0   0x0800c9a4   0x00000000   Data   RO         9398    .init_array         c_w.l(init_aeabi.o)


    Execution Region RW_IRAM2 (Exec base: 0x10000000, Load base: 0x0800ca64, Size: 0x00000000, Max: 0x00010000, ABSOLUTE)

    **** No section assigned to this execution region ****


    Execution Region RW_IRAM1 (Exec base: 0x20000000, Load base: 0x0800c9b0, Size: 0x0000c738, Max: 0x00020000, ABSOLUTE, COMPRESSED[0x000000b4])

    Exec Addr    Load Addr    Size         Type   Attr      Idx    E Section Name        Object

    0x20000000   COMPRESSED   0x00000004   Data   RW          419    .data               can.o
    0x20000004   COMPRESSED   0x00000004   Data   RW          494    .data               freertos.o
    0x20000008   COMPRESSED   0x00000004   Data   RW         1039    .data               system_stm32f4xx.o
    0x2000000c   COMPRESSED   0x00000009   Data   RW         4299    .data               stm32f4xx_hal.o
    0x20000015   COMPRESSED   0x00000003   PAD
    0x20000018   COMPRESSED   0x0000003c   Data   RW         5083    .data               tasks.o
    0x20000054   COMPRESSED   0x00000018   Data   RW         5734    .data               heap_4.o
    0x2000006c   COMPRESSED   0x0000000c   Data   RW         5797    .data               port.o
    0x20000078   COMPRESSED   0x00000008   Data   RW         5876    .data               bsp_dbus.o
    0x20000080   COMPRESSED   0x00000001   Data   RW         6126    .data               bsp_spi.o
    0x20000081   COMPRESSED   0x00000003   PAD
    0x20000084   COMPRESSED   0x00000030   Data   RW         6202    .data               bsp_judgement.o
    0x200000b4   COMPRESSED   0x0000009e   Data   RW         6594    .data               app_imu.o
    0x20000152   COMPRESSED   0x00000002   PAD
    0x20000154   COMPRESSED   0x00000008   Data   RW         6856    .data               app_vision.o
    0x2000015c   COMPRESSED   0x0000006e   Data   RW         7186    .data               sentrycloud.o
    0x200001ca   COMPRESSED   0x00000002   PAD
    0x200001cc   COMPRESSED   0x00000018   Data   RW         7535    .data               sentrycloudlogic.o
    0x200001e4   COMPRESSED   0x00000054   Data   RW         7727    .data               sentry_can_commom.o
    0x20000238   COMPRESSED   0x00000034   Data   RW         7873    .data               task_senticloud.o
    0x2000026c   COMPRESSED   0x00000014   Data   RW         8052    .data               bsp_motor.o
    0x20000280   COMPRESSED   0x00000011   Data   RW         8467    .data               app_ammofeed.o
    0x20000291   COMPRESSED   0x00000003   PAD
    0x20000294        -       0x00000050   Zero   RW          418    .bss                can.o
    0x200002e4        -       0x000000b8   Zero   RW          621    .bss                spi.o
    0x2000039c        -       0x000002a0   Zero   RW          670    .bss                usart.o
    0x2000063c        -       0x00000040   Zero   RW          998    .bss                stm32f4xx_hal_timebase_tim.o
    0x2000067c        -       0x000000f0   Zero   RW         5082    .bss                tasks.o
    0x2000076c        -       0x00003c00   Zero   RW         5733    .bss                heap_4.o
    0x2000436c        -       0x00000035   Zero   RW         5875    .bss                bsp_dbus.o
    0x200043a1        -       0x0000039c   Zero   RW         6200    .bss                bsp_judgement.o
    0x2000473d   COMPRESSED   0x00000003   PAD
    0x20004740        -       0x00000294   Zero   RW         6441    .bss                app_check.o
    0x200049d4        -       0x00005fb0   Zero   RW         6592    .bss                app_imu.o
    0x2000a984        -       0x0000010a   Zero   RW         6855    .bss                app_vision.o
    0x2000aa8e   COMPRESSED   0x00000002   PAD
    0x2000aa90        -       0x000009f8   Zero   RW         7185    .bss                sentrycloud.o
    0x2000b488        -       0x0000001c   Zero   RW         7427    .bss                sentrycloudcan.o
    0x2000b4a4        -       0x00000080   Zero   RW         7534    .bss                sentrycloudlogic.o
    0x2000b524        -       0x00000128   Zero   RW         7726    .bss                sentry_can_commom.o
    0x2000b64c        -       0x00000086   Zero   RW         8051    .bss                bsp_motor.o
    0x2000b6d2   COMPRESSED   0x00000002   PAD
    0x2000b6d4        -       0x00000060   Zero   RW         9870    .bss                c_w.l(libspace.o)
    0x2000b734   COMPRESSED   0x00000004   PAD
    0x2000b738        -       0x00000800   Zero   RW            2    HEAP                startup_stm32f405xx.o
    0x2000bf38        -       0x00000800   Zero   RW            1    STACK               startup_stm32f405xx.o


==============================================================================

Image component sizes


      Code (inc. data)   RO Data    RW Data    ZI Data      Debug   Object Name

       870         34         44         17          0       7291   app_ammofeed.o
       380         32          0          0        660       5407   app_check.o
      5972        460         36        158      24496      12777   app_imu.o
       574         22          0          0          0       6170   app_math.o
        84          0          0          0          0       2332   app_mode.o
      1668        162          4          8        266      17641   app_vision.o
       206         10          0          0          0     550453   bsp_can.o
       532         32          0          8         53       4619   bsp_dbus.o
        92         10          0          0          0       1847   bsp_icm20602.o
       954        112        768         48        924      11568   bsp_judgement.o
      5504        280        164         20        134      35582   bsp_motor.o
       356         26          0          1          0       2992   bsp_spi.o
        22          0          0          0          0        631   bsp_universe.o
       496         42          0          4         80       2426   can.o
       110          0          0          0          0      15091   cmsis_os.o
         0          0          0          0          0      11940   croutine.o
       168          6          0          0          0        850   dma.o
         0          0          0          0          0      12000   event_groups.o
        58         10         32          4          0      14298   freertos.o
       284         18          0          0          0     647479   gpio.o
       692         62          0         24      15360       7351   heap_4.o
       148          0          0          0          0       3594   list.o
       284         16          0          0          0     655524   main.o
       894         78          0         12          0      11160   port.o
         0          0          0          0          0       2256   queue.o
         0          0          0          0          0       5404   sentry.o
       330         32          0         84        296       9318   sentry_can_commom.o
      3952        256          4        110       2552      35171   sentrycloud.o
       110          6          0          0         28       2397   sentrycloudcan.o
       212         24          0          0          0        554   sentrycloudcommu.o
      1432        286          4         24        128       8302   sentrycloudlogic.o
        26          6          0          0          0       2080   sentrycloudvision.o
       288         32          0          0        184       1754   spi.o
        64         26        392          0       4096        844   startup_stm32f405xx.o
       136         24          0          9          0       3918   stm32f4xx_hal.o
      2176          6          0          0          0      15152   stm32f4xx_hal_can.o
       252         22          0          0          0      33710   stm32f4xx_hal_cortex.o
      1454         16          8          0          0       7685   stm32f4xx_hal_dma.o
       524         46          0          0          0       2344   stm32f4xx_hal_gpio.o
        84          6          0          0          0        862   stm32f4xx_hal_msp.o
      1800         94          0          0          0       6221   stm32f4xx_hal_rcc.o
      2122          6          0          0          0       9911   stm32f4xx_hal_spi.o
       726         46          0          0          0       6374   stm32f4xx_hal_tim.o
         4          0          0          0          0       1597   stm32f4xx_hal_tim_ex.o
       140         18          0          0         64       1476   stm32f4xx_hal_timebase_tim.o
      2642         44          0          0          0      16738   stm32f4xx_hal_uart.o
       312         74          0          0          0     592543   stm32f4xx_it.o
        28          4         24          4          0       1159   system_stm32f4xx.o
       472        124          0         52          0       4229   task_senticloud.o
      2402        334          0         60        240      19855   tasks.o
       988         94          0          0        672       3531   usart.o

    ----------------------------------------------------------------------
     43090       3038       1512        660      50240    2836408   Object Totals
         0          0         32          0          0          0   (incl. Generated)
        66          0          0         13          7          0   (incl. Padding)

    ----------------------------------------------------------------------

      Code (inc. data)   RO Data    RW Data    ZI Data      Debug   Library Member Name

        90          0          0          0          0          0   __dczerorl2.o
         8          0          0          0          0         68   __main.o
         0          0          0          0          0          0   __rtentry.o
        12          0          0          0          0          0   __rtentry2.o
         6          0          0          0          0          0   __rtentry4.o
        52          8          0          0          0          0   __scatter.o
        28          0          0          0          0          0   __scatter_zi.o
        22          0          0          0          0        100   _rserrno.o
        16          0          0          0          0         68   aeabi_memset.o
        10          0          0          0          0         68   defsig_exit.o
        50          0          0          0          0         88   defsig_general.o
        48         34          0          0          0         76   defsig_pvfn_inner.o
        14          0          0          0          0         80   defsig_pvfn_outer.o
        18          0          0          0          0         80   exit.o
         6          0          0          0          0        152   heapauxi.o
         0          0          0          0          0          0   indicate_semi.o
        36         10          0          0          0         80   init_aeabi.o
         2          0          0          0          0          0   libinit.o
        10          0          0          0          0          0   libinit2.o
         2          0          0          0          0          0   libshutdown.o
         2          0          0          0          0          0   libshutdown2.o
         8          4          0          0         96         68   libspace.o
       238          0          0          0          0        100   lludivv7m.o
         8          4          0          0          0         68   rt_errno_addr_intlibspace.o
        68          0          0          0          0         68   rt_memclr.o
        78          0          0          0          0         80   rt_memclr_w.o
       138          0          0          0          0         68   rt_memcpy_v6.o
       100          0          0          0          0         80   rt_memcpy_w.o
         2          0          0          0          0          0   rtexit.o
        10          0          0          0          0          0   rtexit2.o
        12          4          0          0          0         68   sys_exit.o
        74          0          0          0          0         80   sys_stackheap_outer.o
        14          0          0          0          0         76   sys_wrch.o
         2          0          0          0          0         68   use_no_semi.o
         6          0          0          0          0         68   pure_virt.o
        98          4          0          0          0        140   d2f.o
       804         16          0          0          0        368   daddsub_clz.o
       688        140          0          0          0        256   ddiv.o
        84          0          0          0          0        232   dflt_clz.o
       340         12          0          0          0        152   dmul.o
       156          4          0          0          0        140   dnaninf.o
        12          0          0          0          0        116   dretinf.o
        86          4          0          0          0        132   f2d.o
       140          4          0          0          0        132   fnaninf.o
        10          0          0          0          0        116   fpinit.o
        10          0          0          0          0        116   fretinf.o
         0          0          0          0          0          0   usenofp.o
       300         42          0          0          0        176   asinf.o
       592         90          0          0          0        184   atan2f.o
       336         56          0          0          0        136   cosf.o
       152         12          0          0          0        136   coshf.o
       488         62         48          0          0        236   expf.o
       112         14          0          0          0        116   floorf.o
        38          0          0          0          0        116   fpclassifyf.o
        60         18          0          0          0        580   funder.o
       340         24         32          0          0        160   rredf.o
       400         56          0          0          0        212   sinf.o
       120          0          0          0          0        272   sqrtf.o
       380         58          0          0          0        200   tanf.o

    ----------------------------------------------------------------------
      6950        680         80          0        100       6176   Library Totals
        14          0          0          0          4          0   (incl. Padding)

    ----------------------------------------------------------------------

      Code (inc. data)   RO Data    RW Data    ZI Data      Debug   Library Name

      1184         64          0          0         96       1684   c_w.l
         6          0          0          0          0         68   cpprt_w.l
      2428        184          0          0          0       1900   fz_wm.l
      3318        432         80          0          0       2524   m_wm.l

    ----------------------------------------------------------------------
      6950        680         80          0        100       6176   Library Totals

    ----------------------------------------------------------------------

==============================================================================


      Code (inc. data)   RO Data    RW Data    ZI Data      Debug   

     50040       3718       1592        660      50340    2805148   Grand Totals
     50040       3718       1592        180      50340    2805148   ELF Image Totals (compressed)
     50040       3718       1592        180          0          0   ROM Totals

==============================================================================

    Total RO  Size (Code + RO Data)                51632 (  50.42kB)
    Total RW  Size (RW Data + ZI Data)             51000 (  49.80kB)
    Total ROM Size (Code + RO Data + RW Data)      51812 (  50.60kB)

==============================================================================

