Component: ARM Compiler 5.06 update 6 (build 750) Tool: armlink [4d35ed]

==============================================================================

Section Cross References

    startup_stm32f405xx.o(STACK) refers (Special) to heapauxi.o(.text) for __use_two_region_memory
    startup_stm32f405xx.o(HEAP) refers (Special) to heapauxi.o(.text) for __use_two_region_memory
    startup_stm32f405xx.o(RESET) refers (Special) to heapauxi.o(.text) for __use_two_region_memory
    startup_stm32f405xx.o(RESET) refers to startup_stm32f405xx.o(STACK) for __initial_sp
    startup_stm32f405xx.o(RESET) refers to startup_stm32f405xx.o(.text) for Reset_Handler
    startup_stm32f405xx.o(RESET) refers to stm32f4xx_it.o(i.NMI_Handler) for NMI_Handler
    startup_stm32f405xx.o(RESET) refers to stm32f4xx_it.o(i.HardFault_Handler) for HardFault_Handler
    startup_stm32f405xx.o(RESET) refers to stm32f4xx_it.o(i.MemManage_Handler) for MemManage_Handler
    startup_stm32f405xx.o(RESET) refers to stm32f4xx_it.o(i.BusFault_Handler) for BusFault_Handler
    startup_stm32f405xx.o(RESET) refers to stm32f4xx_it.o(i.UsageFault_Handler) for UsageFault_Handler
    startup_stm32f405xx.o(RESET) refers to port.o(.emb_text) for SVC_Handler
    startup_stm32f405xx.o(RESET) refers to stm32f4xx_it.o(i.DebugMon_Handler) for DebugMon_Handler
    startup_stm32f405xx.o(RESET) refers to port.o(i.SysTick_Handler) for SysTick_Handler
    startup_stm32f405xx.o(RESET) refers to stm32f4xx_it.o(i.CAN1_RX0_IRQHandler) for CAN1_RX0_IRQHandler
    startup_stm32f405xx.o(RESET) refers to stm32f4xx_it.o(i.USART1_IRQHandler) for USART1_IRQHandler
    startup_stm32f405xx.o(RESET) refers to stm32f4xx_it.o(i.TIM8_TRG_COM_TIM14_IRQHandler) for TIM8_TRG_COM_TIM14_IRQHandler
    startup_stm32f405xx.o(RESET) refers to stm32f4xx_it.o(i.DMA2_Stream2_IRQHandler) for DMA2_Stream2_IRQHandler
    startup_stm32f405xx.o(RESET) refers to stm32f4xx_it.o(i.CAN2_RX0_IRQHandler) for CAN2_RX0_IRQHandler
    startup_stm32f405xx.o(.text) refers (Special) to heapauxi.o(.text) for __use_two_region_memory
    startup_stm32f405xx.o(.text) refers to system_stm32f4xx.o(i.SystemInit) for SystemInit
    startup_stm32f405xx.o(.text) refers to __main.o(!!!main) for __main
    startup_stm32f405xx.o(.text) refers to startup_stm32f405xx.o(HEAP) for Heap_Mem
    startup_stm32f405xx.o(.text) refers to startup_stm32f405xx.o(STACK) for Stack_Mem
    main.o(i.HAL_TIM_PeriodElapsedCallback) refers to stm32f4xx_hal.o(i.HAL_IncTick) for HAL_IncTick
    main.o(i._Z18SystemClock_Configv) refers to rt_memclr_w.o(.text) for __aeabi_memclr4
    main.o(i._Z18SystemClock_Configv) refers to stm32f4xx_hal_rcc.o(i.HAL_RCC_OscConfig) for HAL_RCC_OscConfig
    main.o(i._Z18SystemClock_Configv) refers to main.o(i.Error_Handler) for Error_Handler
    main.o(i._Z18SystemClock_Configv) refers to stm32f4xx_hal_rcc.o(i.HAL_RCC_ClockConfig) for HAL_RCC_ClockConfig
    main.o(i.main) refers to stm32f4xx_hal.o(i.HAL_Init) for HAL_Init
    main.o(i.main) refers to main.o(i._Z18SystemClock_Configv) for SystemClock_Config()
    main.o(i.main) refers to gpio.o(i.MX_GPIO_Init) for MX_GPIO_Init
    main.o(i.main) refers to dma.o(i.MX_DMA_Init) for MX_DMA_Init
    main.o(i.main) refers to can.o(i.MX_CAN1_Init) for MX_CAN1_Init
    main.o(i.main) refers to can.o(i.MX_CAN2_Init) for MX_CAN2_Init
    main.o(i.main) refers to spi.o(i.MX_SPI1_Init) for MX_SPI1_Init
    main.o(i.main) refers to usart.o(i.MX_UART5_Init) for MX_UART5_Init
    main.o(i.main) refers to usart.o(i.MX_USART3_UART_Init) for MX_USART3_UART_Init
    main.o(i.main) refers to usart.o(i.MX_USART1_UART_Init) for MX_USART1_UART_Init
    main.o(i.main) refers to task_sentrydowncloud.o(i._Z14DownCloud_Initv) for DownCloud_Init()
    main.o(i.main) refers to freertos.o(i._Z16MX_FREERTOS_Initv) for MX_FREERTOS_Init()
    main.o(i.main) refers to cmsis_os.o(i.osKernelStart) for osKernelStart
    main.o(.ARM.exidx) refers to main.o(i.Error_Handler) for i.Error_Handler
    main.o(.ARM.exidx) refers to main.o(i._Z18SystemClock_Configv) for i._Z18SystemClock_Configv
    main.o(.ARM.exidx) refers to main.o(i.main) for i.main
    main.o(.ARM.exidx) refers to main.o(i.HAL_TIM_PeriodElapsedCallback) for i.HAL_TIM_PeriodElapsedCallback
    gpio.o(i.MX_GPIO_Init) refers to rt_memclr_w.o(.text) for __aeabi_memclr4
    gpio.o(i.MX_GPIO_Init) refers to stm32f4xx_hal_gpio.o(i.HAL_GPIO_WritePin) for HAL_GPIO_WritePin
    gpio.o(i.MX_GPIO_Init) refers to stm32f4xx_hal_gpio.o(i.HAL_GPIO_Init) for HAL_GPIO_Init
    gpio.o(.ARM.exidx) refers to gpio.o(i.MX_GPIO_Init) for i.MX_GPIO_Init
    can.o(i.HAL_CAN_MspDeInit) refers to stm32f4xx_hal_gpio.o(i.HAL_GPIO_DeInit) for HAL_GPIO_DeInit
    can.o(i.HAL_CAN_MspDeInit) refers to stm32f4xx_hal_cortex.o(i.HAL_NVIC_DisableIRQ) for HAL_NVIC_DisableIRQ
    can.o(i.HAL_CAN_MspDeInit) refers to can.o(.data) for HAL_RCC_CAN1_CLK_ENABLED
    can.o(i.HAL_CAN_MspInit) refers to rt_memclr_w.o(.text) for __aeabi_memclr4
[...]
    SentryCloud::EnterModeDualPitch()        0x08004c29   Thumb Code    24  sentrydowncloud.o(i._ZN11SentryCloud18EnterModeDualPitchEv)
    SentryCloud::Feed_Free_Once_Set(int, short) 0x08004c45   Thumb Code    28  sentrydowncloud.o(i._ZN11SentryCloud18Feed_Free_Once_SetEis)
    SentryCloud::ImuDataProcessHandle()      0x08004c61   Thumb Code   376  sentrydowncloud.o(i._ZN11SentryCloud20ImuDataProcessHandleEv)
    SentryCloud::Shoot(float, unsigned char, unsigned char) 0x08004de9   Thumb Code    74  sentrydowncloud.o(i._ZN11SentryCloud5ShootEfhh)
    SentryCloud::Handle()                    0x08004e35   Thumb Code   136  sentrydowncloud.o(i._ZN11SentryCloud6HandleEv)
    SentryCloud::Safe_Set()                  0x08004ec5   Thumb Code    68  sentrydowncloud.o(i._ZN11SentryCloud8Safe_SetEv)
    SentryCloud::ShootCtrl()                 0x08004f0d   Thumb Code    62  sentrydowncloud.o(i._ZN11SentryCloud9ShootCtrlEv)
    SentryCloud::SentryCloud(unsigned char, unsigned short, unsigned char, unsigned short, unsigned char, unsigned short, unsigned char, unsigned short, unsigned char, unsigned short, unsigned char, unsigned short) 0x08004f4d   Thumb Code  1108  sentrydowncloud.o(i._ZN11SentryCloudC1Ehthththththt)
    SentryCloud::SentryCloud__sub_object(unsigned char, unsigned short, unsigned char, unsigned short, unsigned char, unsigned short, unsigned char, unsigned short, unsigned char, unsigned short, unsigned char, unsigned short) 0x08004f4d   Thumb Code     0  sentrydowncloud.o(i._ZN11SentryCloudC1Ehthththththt)
    str_Motor_t::str_Motor_t(unsigned short, unsigned char) 0x080053a1   Thumb Code     6  sentrydowncloud.o(i._ZN11str_Motor_tC1Eth)
    str_Motor_t::str_Motor_t__sub_object(unsigned short, unsigned char) 0x080053a1   Thumb Code     0  sentrydowncloud.o(i._ZN11str_Motor_tC1Eth)
    __vision_data::__vision_data()           0x080053a7   Thumb Code    22  app_vision.o(i._ZN13__vision_dataC1Ev)
    __vision_data::__vision_data__sub_object() 0x080053a7   Thumb Code     0  app_vision.o(i._ZN13__vision_dataC1Ev)
    pid::nonlinear_pid_run(float)            0x080063c7   Thumb Code   212  bsp_motor.o(i._ZN3pid17nonlinear_pid_runEf)
    pid::sech(float)                         0x0800649b   Thumb Code    40  bsp_motor.o(i._ZN3pid4sechEf)
    pid::pid_run(float)                      0x080064c5   Thumb Code   386  bsp_motor.o(i._ZN3pid7pid_runEf)
    pid::pid(float, float, float, float, float, unsigned short, unsigned short, unsigned short) 0x0800664d   Thumb Code    76  bsp_motor.o(i._ZN3pidC1Efffffttt)
    pid::pid__sub_object(float, float, float, float, float, unsigned short, unsigned short, unsigned short) 0x0800664d   Thumb Code     0  bsp_motor.o(i._ZN3pidC1Efffffttt)
    cloud::Position_Run()                    0x08006fad   Thumb Code   114  bsp_motor.o(i._ZN5cloud12Position_RunEv)
    cloud::InsertCurrent()                   0x08007021   Thumb Code    62  bsp_motor.o(i._ZN5cloud13InsertCurrentEv)
    cloud::Gyro_Speed_Run()                  0x08007069   Thumb Code   216  bsp_motor.o(i._ZN5cloud14Gyro_Speed_RunEv)
    cloud::Gyro_Position_Run()               0x08007149   Thumb Code   116  bsp_motor.o(i._ZN5cloud17Gyro_Position_RunEv)
    cloud::Handle()                          0x080071bd   Thumb Code    92  bsp_motor.o(i._ZN5cloud6HandleEv)
    cloud::update(unsigned char*)            0x0800721d   Thumb Code   236  bsp_motor.o(i._ZN5cloud6updateEPh)
    cloud::Safe_Set()                        0x0800730d   Thumb Code    20  bsp_motor.o(i._ZN5cloud8Safe_SetEv)
    cloud::Speed_Run()                       0x08007321   Thumb Code   202  bsp_motor.o(i._ZN5cloud9Speed_RunEv)
    cloud::Speed_Set(float)                  0x080073f5   Thumb Code    10  bsp_motor.o(i._ZN5cloud9Speed_SetEf)
    cloud::cloud(unsigned char, unsigned short, short, str_Motor_t*, pid*, pid*, pid*, pid*, float*, float*) 0x08007401   Thumb Code   140  bsp_motor.o(i._ZN5cloudC1EhtsP11str_Motor_tP3pidS3_S3_S3_PfS4_)
    cloud::cloud__sub_object(unsigned char, unsigned short, short, str_Motor_t*, pid*, pid*, pid*, pid*, float*, float*) 0x08007401   Thumb Code     0  bsp_motor.o(i._ZN5cloudC1EhtsP11str_Motor_tP3pidS3_S3_S3_PfS4_)
    motor::Position_Run()                    0x080074a1   Thumb Code    56  bsp_motor.o(i._ZN5motor12Position_RunEv)
    motor::InsertCurrent()                   0x080074d9   Thumb Code    62  bsp_motor.o(i._ZN5motor13InsertCurrentEv)
    motor::Handle()                          0x08007521   Thumb Code    88  bsp_motor.o(i._ZN5motor6HandleEv)
    motor::update(unsigned char*)            0x0800757d   Thumb Code   114  bsp_motor.o(i._ZN5motor6updateEPh)
    motor::Safe_Set()                        0x080075f5   Thumb Code    30  bsp_motor.o(i._ZN5motor8Safe_SetEv)
    motor::Speed_Run()                       0x08007615   Thumb Code   146  bsp_motor.o(i._ZN5motor9Speed_RunEv)
    motor::Speed_Set(short)                  0x080076b1   Thumb Code     8  bsp_motor.o(i._ZN5motor9Speed_SetEs)
    motor::motor(unsigned char, unsigned short, str_Motor_t*, pid*, pid*) 0x080076b9   Thumb Code    92  bsp_motor.o(i._ZN5motorC1EhtP11str_Motor_tP3pidS3_)
    motor::motor__sub_object(unsigned char, unsigned short, str_Motor_t*, pid*, pid*) 0x080076b9   Thumb Code     0  bsp_motor.o(i._ZN5motorC1EhtP11str_Motor_tP3pidS3_)
    chassis::Handle()                        0x08007721   Thumb Code   354  bsp_motor.o(i._ZN7chassis6HandleEv)
    manager::Is_Offline()                    0x08007899   Thumb Code    80  bsp_motor.o(i._ZN7manager10Is_OfflineEv)
    manager::UserProcess()                   0x080078f1   Thumb Code     2  bsp_motor.o(i._ZN7manager11UserProcessEv)
    manager::CANSend()                       0x080078f5   Thumb Code   442  bsp_motor.o(i._ZN7manager7CANSendEv)
    manager::CANSelect(__CAN_HandleTypeDef*, __CAN_HandleTypeDef*) 0x08007ad5   Thumb Code    10  bsp_motor.o(i._ZN7manager9CANSelectEP19__CAN_HandleTypeDefS1_)
    manager::CANUpdate(__CAN_HandleTypeDef*, CAN_RxHeaderTypeDef*, unsigned char*) 0x08007ae9   Thumb Code   126  bsp_motor.o(i._ZN7manager9CANUpdateEP19__CAN_HandleTypeDefP19CAN_RxHeaderTypeDefPh)
    manager::manager__sub_object()           0x08007b79   Thumb Code    10  bsp_motor.o(i._ZN7managerC2Ev)
    AmmoFeed::Free_Once_Set(int, short)      0x08007b89   Thumb Code    14  app_ammofeed.o(i._ZN8AmmoFeed13Free_Once_SetEis)
    AmmoFeed::Blocked_Reaction()             0x08007b97   Thumb Code   176  app_ammofeed.o(i._ZN8AmmoFeed16Blocked_ReactionEv)
    AmmoFeed::Burst()                        0x08007c49   Thumb Code    46  app_ammofeed.o(i._ZN8AmmoFeed5BurstEv)
    AmmoFeed::Handle()                       0x08007c7d   Thumb Code   108  app_ammofeed.o(i._ZN8AmmoFeed6HandleEv)
    AmmoFeed::Safe_Set()                     0x08007ced   Thumb Code    22  app_ammofeed.o(i._ZN8AmmoFeed8Safe_SetEv)
    AmmoFeed::Step_Run()                     0x08007d05   Thumb Code   320  app_ammofeed.o(i._ZN8AmmoFeed8Step_RunEv)
    AmmoFeed::Free_Fire()                    0x08007e51   Thumb Code    34  app_ammofeed.o(i._ZN8AmmoFeed9Free_FireEv)
    AmmoFeed::Free_Once()                    0x08007e75   Thumb Code   116  app_ammofeed.o(i._ZN8AmmoFeed9Free_OnceEv)
    AmmoFeed::AmmoFeed(unsigned char, unsigned short, str_Motor_t*, unsigned char, signed char, pid*, pid*) 0x08007ef5   Thumb Code   138  sentrydowncloud.o(i._ZN8AmmoFeedC1EhtP11str_Motor_thaP3pidS3_)
    AmmoFeed::AmmoFeed__sub_object(unsigned char, unsigned short, str_Motor_t*, unsigned char, signed char, pid*, pid*) 0x08007ef5   Thumb Code     0  sentrydowncloud.o(i._ZN8AmmoFeedC1EhtP11str_Motor_thaP3pidS3_)
    app_Mode::Run()                          0x08007f95   Thumb Code    28  app_mode.o(i._ZN8app_Mode3RunEv)
    app_Mode::Exit()                         0x08007fb1   Thumb Code    28  app_mode.o(i._ZN8app_Mode4ExitEv)
    app_Mode::Enter()                        0x08007fcd   Thumb Code    28  app_mode.o(i._ZN8app_Mode5EnterEv)
    app_Mode::app_Mode(void(*)(), void(*)(), void(*)()) 0x08007fe9   Thumb Code    14  sentrydowncloud.o(i._ZN8app_ModeC1EPFvvES1_S1_)
    app_Mode::app_Mode__sub_object(void(*)(), void(*)(), void(*)()) 0x08007fe9   Thumb Code     0  sentrydowncloud.o(i._ZN8app_ModeC1EPFvvES1_S1_)
    softcloud::Position_Run()                0x08007ff9   Thumb Code   244  bsp_motor.o(i._ZN9softcloud12Position_RunEv)
    softcloud::Handle()                      0x080080f1   Thumb Code    92  bsp_motor.o(i._ZN9softcloud6HandleEv)
    softcloud::update(unsigned char*)        0x08008151   Thumb Code   440  bsp_motor.o(i._ZN9softcloud6updateEPh)
    softcloud::Angle_Set(float)              0x0800831d   Thumb Code    54  bsp_motor.o(i._ZN9softcloud9Angle_SetEf)
    softcloud::softcloud(unsigned char, unsigned short, short, str_Motor_t*, pid*, pid*, pid*, pid*, float*, float*) 0x08008355   Thumb Code    68  sentrydowncloud.o(i._ZN9softcloudC1EhtsP11str_Motor_tP3pidS3_S3_S3_PfS4_)
    softcloud::softcloud__sub_object(unsigned char, unsigned short, short, str_Motor_t*, pid*, pid*, pid*, pid*, float*, float*) 0x08008355   Thumb Code     0  sentrydowncloud.o(i._ZN9softcloudC1EhtsP11str_Motor_tP3pidS3_S3_S3_PfS4_)
    softmotor::Enable_Block(unsigned short, unsigned short, unsigned short) 0x0800839d   Thumb Code    76  bsp_motor.o(i._ZN9softmotor12Enable_BlockEttt)
    softmotor::Position_Run()                0x080083e9   Thumb Code   114  bsp_motor.o(i._ZN9softmotor12Position_RunEv)
    softmotor::update(unsigned char*)        0x0800845d   Thumb Code   270  bsp_motor.o(i._ZN9softmotor6updateEPh)
    softmotor::Angle_Set(float)              0x08008581   Thumb Code   126  bsp_motor.o(i._ZN9softmotor9Angle_SetEf)
    std::exp(float)                          0x08008605   Thumb Code    24  bsp_motor.o(i._ZSt3expf)
    std::atan2(float, float)                 0x0800861d   Thumb Code    32  app_imu.o(i._ZSt5atan2ff)
    operator new(unsigned)                   0x0800863d   Thumb Code    22  bsp_universe.o(i._Znwj)
    __ARM_fpclassifyf                        0x08008653   Thumb Code    38  fpclassifyf.o(i.__ARM_fpclassifyf)
    __cxa_pure_virtual                       0x08008679   Thumb Code     6  pure_virt.o(i.__cxa_pure_virtual)
    __hardfp_asinf                           0x08008681   Thumb Code   258  asinf.o(i.__hardfp_asinf)
    __hardfp_atan2f                          0x080087ad   Thumb Code   502  atan2f.o(i.__hardfp_atan2f)
    __hardfp_cosf                            0x080089fd   Thumb Code   280  cosf.o(i.__hardfp_cosf)
    __hardfp_coshf                           0x08008b4d   Thumb Code   140  coshf.o(i.__hardfp_coshf)
    __hardfp_expf                            0x08008be5   Thumb Code   426  expf.o(i.__hardfp_expf)
    __mathlib_expf                           0x08008be5   Thumb Code     0  expf.o(i.__hardfp_expf)
    __hardfp_floorf                          0x08008dcd   Thumb Code    98  floorf.o(i.__hardfp_floorf)
    __hardfp_sinf                            0x08008e3d   Thumb Code   344  sinf.o(i.__hardfp_sinf)
    __hardfp_sqrtf                           0x08008fcd   Thumb Code    58  sqrtf.o(i.__hardfp_sqrtf)
    __hardfp_tanf                            0x08009009   Thumb Code   322  tanf.o(i.__hardfp_tanf)
    __mathlib_flt_infnan                     0x08009185   Thumb Code     6  funder.o(i.__mathlib_flt_infnan)
    __mathlib_flt_infnan2                    0x0800918b   Thumb Code     6  funder.o(i.__mathlib_flt_infnan2)
    __mathlib_flt_invalid                    0x08009191   Thumb Code    10  funder.o(i.__mathlib_flt_invalid)
    __mathlib_flt_overflow                   0x080091a1   Thumb Code    10  funder.o(i.__mathlib_flt_overflow)
    __mathlib_flt_underflow                  0x080091b1   Thumb Code    10  funder.o(i.__mathlib_flt_underflow)
    __mathlib_rredf2                         0x080091c1   Thumb Code   316  rredf.o(i.__mathlib_rredf2)
    main                                     0x080093ed   Thumb Code    56  main.o(i.main)
    osDelay                                  0x08009433   Thumb Code    24  cmsis_os.o(i.osDelay)
    osKernelStart                            0x0800944b   Thumb Code    10  cmsis_os.o(i.osKernelStart)
    osThreadCreate                           0x08009455   Thumb Code    48  cmsis_os.o(i.osThreadCreate)
    osThreadTerminate                        0x08009485   Thumb Code    14  cmsis_os.o(i.osThreadTerminate)
    pvPortMalloc                             0x080099a1   Thumb Code   296  heap_4.o(i.pvPortMalloc)
    pvTaskIncrementMutexHeldCount            0x08009add   Thumb Code    26  tasks.o(i.pvTaskIncrementMutexHeldCount)
    pxPortInitialiseStack                    0x08009afd   Thumb Code    38  port.o(i.pxPortInitialiseStack)
    sqrtf                                    0x08009b29   Thumb Code    62  sqrtf.o(i.sqrtf)
    uxListRemove                             0x08009b67   Thumb Code    40  list.o(i.uxListRemove)
    uxTaskGetStackHighWaterMark              0x08009b91   Thumb Code    34  tasks.o(i.uxTaskGetStackHighWaterMark)
    vListInitialise                          0x08009bb9   Thumb Code    26  list.o(i.vListInitialise)
    vListInitialiseItem                      0x08009bd3   Thumb Code     6  list.o(i.vListInitialiseItem)
    vListInsert                              0x08009bd9   Thumb Code    52  list.o(i.vListInsert)
    vListInsertEnd                           0x08009c0d   Thumb Code    24  list.o(i.vListInsertEnd)
    vPortEnterCritical                       0x08009c25   Thumb Code    76  port.o(i.vPortEnterCritical)
    vPortExitCritical                        0x08009c79   Thumb Code    56  port.o(i.vPortExitCritical)
    vPortFree                                0x08009cb5   Thumb Code   140  heap_4.o(i.vPortFree)
    vPortSetupTimerInterrupt                 0x08009d49   Thumb Code    36  port.o(i.vPortSetupTimerInterrupt)
    vPortValidateInterruptPriority           0x08009d71   Thumb Code   106  port.o(i.vPortValidateInterruptPriority)
    vTaskDelay                               0x08009de9   Thumb Code    82  tasks.o(i.vTaskDelay)
    vTaskDelayUntil                          0x08009e45   Thumb Code   200  tasks.o(i.vTaskDelayUntil)
    vTaskDelete                              0x08009f19   Thumb Code   202  tasks.o(i.vTaskDelete)
    vTaskInternalSetTimeOutState             0x0800a00d   Thumb Code    14  tasks.o(i.vTaskInternalSetTimeOutState)
    vTaskMissedYield                         0x0800a025   Thumb Code     8  tasks.o(i.vTaskMissedYield)
    vTaskPlaceOnEventList                    0x0800a031   Thumb Code    52  tasks.o(i.vTaskPlaceOnEventList)
    vTaskPriorityDisinheritAfterTimeout      0x0800a069   Thumb Code   230  tasks.o(i.vTaskPriorityDisinheritAfterTimeout)
    vTaskStartScheduler                      0x0800a15d   Thumb Code   108  tasks.o(i.vTaskStartScheduler)
    vTaskSuspendAll                          0x0800a1e5   Thumb Code    12  tasks.o(i.vTaskSuspendAll)
    vTaskSwitchContext                       0x0800a1f5   Thumb Code   118  tasks.o(i.vTaskSwitchContext)
    xPortStartScheduler                      0x0800a281   Thumb Code   330  port.o(i.xPortStartScheduler)
    xQueueGiveFromISR                        0x0800a3e9   Thumb Code   224  queue.o(i.xQueueGiveFromISR)
    xQueueSemaphoreTake                      0x0800a4c9   Thumb Code   434  queue.o(i.xQueueSemaphoreTake)
    xTaskCheckForTimeOut                     0x0800a681   Thumb Code   132  tasks.o(i.xTaskCheckForTimeOut)
    xTaskCreate                              0x0800a70d   Thumb Code    96  tasks.o(i.xTaskCreate)
    xTaskGetSchedulerState                   0x0800a76d   Thumb Code    24  tasks.o(i.xTaskGetSchedulerState)
    xTaskGetTickCount                        0x0800a78d   Thumb Code     6  tasks.o(i.xTaskGetTickCount)
    xTaskIncrementTick                       0x0800a799   Thumb Code   282  tasks.o(i.xTaskIncrementTick)
    xTaskPriorityInherit                     0x0800a8e1   Thumb Code   186  tasks.o(i.xTaskPriorityInherit)
    xTaskRemoveFromEventList                 0x0800a9a9   Thumb Code   128  tasks.o(i.xTaskRemoveFromEventList)
    xTaskResumeAll                           0x0800aa41   Thumb Code   224  tasks.o(i.xTaskResumeAll)
    __aeabi_d2f                              0x0800ab45   Thumb Code     0  d2f.o(x$fpl$d2f)
    _d2f                                     0x0800ab45   Thumb Code    98  d2f.o(x$fpl$d2f)
    __aeabi_dadd                             0x0800aba9   Thumb Code     0  daddsub_clz.o(x$fpl$dadd)
    _dadd                                    0x0800aba9   Thumb Code   332  daddsub_clz.o(x$fpl$dadd)
    __aeabi_ddiv                             0x0800acf9   Thumb Code     0  ddiv.o(x$fpl$ddiv)
    _ddiv                                    0x0800acf9   Thumb Code   552  ddiv.o(x$fpl$ddiv)
    __aeabi_i2d                              0x0800afa9   Thumb Code     0  dflt_clz.o(x$fpl$dflt)
    _dflt                                    0x0800afa9   Thumb Code    46  dflt_clz.o(x$fpl$dflt)
    __aeabi_ui2d                             0x0800afd7   Thumb Code     0  dflt_clz.o(x$fpl$dfltu)
    _dfltu                                   0x0800afd7   Thumb Code    38  dflt_clz.o(x$fpl$dfltu)
    __aeabi_dmul                             0x0800affd   Thumb Code     0  dmul.o(x$fpl$dmul)
    _dmul                                    0x0800affd   Thumb Code   332  dmul.o(x$fpl$dmul)
    __fpl_dnaninf                            0x0800b151   Thumb Code   156  dnaninf.o(x$fpl$dnaninf)
    __fpl_dretinf                            0x0800b1ed   Thumb Code    12  dretinf.o(x$fpl$dretinf)
    __aeabi_dsub                             0x0800b1f9   Thumb Code     0  daddsub_clz.o(x$fpl$dsub)
    _dsub                                    0x0800b1f9   Thumb Code   464  daddsub_clz.o(x$fpl$dsub)
    __aeabi_f2d                              0x0800b3cd   Thumb Code     0  f2d.o(x$fpl$f2d)
    _f2d                                     0x0800b3cd   Thumb Code    86  f2d.o(x$fpl$f2d)
    __fpl_fnaninf                            0x0800b423   Thumb Code   140  fnaninf.o(x$fpl$fnaninf)
    _fp_init                                 0x0800b4af   Thumb Code    10  fpinit.o(x$fpl$fpinit)
    __fplib_config_fpu_vfp                   0x0800b4b7   Thumb Code     0  fpinit.o(x$fpl$fpinit)
    __fplib_config_pureend_doubles           0x0800b4b7   Thumb Code     0  fpinit.o(x$fpl$fpinit)
    __fpl_fretinf                            0x0800b4b9   Thumb Code    10  fretinf.o(x$fpl$fretinf)
    __I$use$fp                               0x0800b4c2   Number         0  usenofp.o(x$fpl$usenofp)
    AHBPrescTable                            0x0800b4e0   Data          16  system_stm32f4xx.o(.constdata)
    APBPrescTable                            0x0800b4f0   Data           8  system_stm32f4xx.o(.constdata)
    vtable for cloud                         0x0800b56c   Data          32  bsp_motor.o(.constdata__ZTV5cloud)
    vtable for motor                         0x0800b58c   Data          40  bsp_motor.o(.constdata__ZTV5motor)
    vtable for manager                       0x0800b5b4   Data          20  bsp_motor.o(.constdata__ZTV7manager)
    vtable for AmmoFeed                      0x0800b5c8   Data          44  app_ammofeed.o(.constdata__ZTV8AmmoFeed)
    vtable for softcloud                     0x0800b5f4   Data          32  bsp_motor.o(.constdata__ZTV9softcloud)
    vtable for softmotor                     0x0800b614   Data          40  bsp_motor.o(.constdata__ZTV9softmotor)
    Region$$Table$$Base                      0x0800b648   Number         0  anon$$obj.o(Region$$Table)
    Region$$Table$$Limit                     0x0800b668   Number         0  anon$$obj.o(Region$$Table)
    SHT$$INIT_ARRAY$$Base                    0x0800b668   Number         0  app_vision.o(.init_array)
    SHT$$INIT_ARRAY$$Limit                   0x0800b674   Number         0  init_aeabi.o(.init_array)
    defaultTaskHandle                        0x20000004   Data           4  freertos.o(.data)
    uwTick                                   0x20000008   Data           4  stm32f4xx_hal.o(.data)
    uwTickPrio                               0x2000000c   Data           4  stm32f4xx_hal.o(.data)
    uwTickFreq                               0x20000010   Data           1  stm32f4xx_hal.o(.data)
    SystemCoreClock                          0x20000014   Data           4  system_stm32f4xx.o(.data)
    pxCurrentTCB                             0x20000018   Data           4  tasks.o(.data)
    so3_comp_params_Kp                       0x2000007c   Data           4  app_imu.o(.data)
    so3_comp_params_Ki                       0x20000080   Data           4  app_imu.o(.data)
    Zero_Threshold                           0x20000084   Data           6  app_imu.o(.data)
    Dynamic_Zero_Thre                        0x2000008c   Data           4  app_imu.o(.data)
    Offset_Coeff                             0x20000090   Data          12  app_imu.o(.data)
    kp_use                                   0x200000f0   Data           4  app_imu.o(.data)
    ki_use                                   0x200000f4   Data           4  app_imu.o(.data)
    mkp_use                                  0x200000f8   Data           4  app_imu.o(.data)
    tPrev                                    0x200000fc   Data           4  app_imu.o(.data)
    tNow                                     0x20000100   Data           4  app_imu.o(.data)
    tImuLastTick                             0x20000104   Data           4  app_imu.o(.data)
    Vision_IsTxUseDma                        0x2000011c   Data           1  app_vision.o(.data)
    Vision_IsRxUseDma                        0x2000011d   Data           1  app_vision.o(.data)
    not_analysed_index                       0x20000120   Data           4  app_vision.o(.data)
    app_vision_uart_semaphore                0x20000124   Data           4  app_vision.o(.data)
    dual_pitch_pid_param                     0x20000128   Data          96  sentrydowncloud.o(.data)
    DJI_2006                                 0x20000188   Data           4  sentrydowncloud.o(.data)
    DJI_6020                                 0x2000018c   Data           4  sentrydowncloud.o(.data)
    DJI_3508_Fric                            0x20000190   Data           4  sentrydowncloud.o(.data)
    LastMode                                 0x20000194   Data           4  sentrydowncloudlogic.o(.data)
    CurrentMode                              0x20000198   Data           4  sentrydowncloudlogic.o(.data)
    task_Main_Handle                         0x2000019c   Data           4  task_sentrydowncloud.o(.data)
    task_CommuRoutine_Handle                 0x200001a0   Data           4  task_sentrydowncloud.o(.data)
    task_Check_Handle                        0x200001a4   Data           4  task_sentrydowncloud.o(.data)
    mark1                                    0x200001a8   Data           4  task_sentrydowncloud.o(.data)
    mark2                                    0x200001ac   Data           4  task_sentrydowncloud.o(.data)
    mark3                                    0x200001b0   Data           4  task_sentrydowncloud.o(.data)
    Error_Code                               0x200001cc   Data           1  bsp_motor.o(.data)
    manager::CAN1_OnlineID                   0x200001ce   Data           2  bsp_motor.o(.data)
    manager::CAN2_OnlineID                   0x200001d0   Data           2  bsp_motor.o(.data)
    manager::CanHandle1                      0x200001d4   Data           4  bsp_motor.o(.data)
    manager::CanHandle2                      0x200001d8   Data           4  bsp_motor.o(.data)
    chassis::point                           0x200001dc   Data           4  bsp_motor.o(.data)
    hcan1                                    0x200001e0   Data          40  can.o(.bss)
    hcan2                                    0x20000208   Data          40  can.o(.bss)
    hspi1                                    0x20000230   Data          88  spi.o(.bss)
    huart5                                   0x20000288   Data          64  usart.o(.bss)
    huart1                                   0x200002c8   Data          64  usart.o(.bss)
    huart3                                   0x20000308   Data          64  usart.o(.bss)
    hdma_usart1_rx                           0x20000348   Data          96  usart.o(.bss)
    htim14                                   0x200003a8   Data          64  stm32f4xx_hal_timebase_tim.o(.bss)
    manualOffsetGyro                         0x200040d8   Data          12  app_imu.o(.bss)
    app_imu_data                             0x200040f0   Data       24240  app_imu.o(.bss)
    Acc_LPF                                  0x20009fa0   Data          96  app_imu.o(.bss)
    Gyro_LPF                                 0x2000a000   Data          96  app_imu.o(.bss)
    GlobalCheckList                          0x2000a088   Data         660  app_check.o(.bss)
    VisionRx                                 0x2000a31c   Data          64  app_vision.o(.bss)
    VisionTx                                 0x2000a35c   Data          64  app_vision.o(.bss)
    Vision_Rxbuffer                          0x2000a39c   Data         120  app_vision.o(.bss)
    Vision_Txbuffer                          0x2000a414   Data          18  app_vision.o(.bss)
    CanRx                                    0x2000a428   Data         148  sentry_can_commom.o(.bss)
    CanTx                                    0x2000a4bc   Data         148  sentry_can_commom.o(.bss)
    ModeCloudCtrlMech                        0x2000a550   Data          16  sentrydowncloud.o(.bss)
    ModeCloudCtrlGyro                        0x2000a560   Data          16  sentrydowncloud.o(.bss)
    pid_param_backup                         0x2000a570   Data          96  sentrydowncloud.o(.bss)
    DownCloudEntity                          0x2000a5d0   Data        2468  sentrydowncloud.o(.bss)
    ModeVisionControl                        0x2000af90   Data          16  sentrydowncloudlogic.o(.bss)
    ModeGlobalSafe                           0x2000afa0   Data          16  sentrydowncloudlogic.o(.bss)
    manager::CAN1MotorList                   0x2000afb0   Data          44  bsp_motor.o(.bss)
    manager::CAN1CurrentList                 0x2000afdc   Data          22  bsp_motor.o(.bss)
    manager::CAN2MotorList                   0x2000aff4   Data          44  bsp_motor.o(.bss)
    manager::CAN2CurrentList                 0x2000b020   Data          22  bsp_motor.o(.bss)
    __libspace_start                         0x2000b038   Data          96  libspace.o(.bss)
    __temporary_stack_top$libspace           0x2000b098   Data           0  libspace.o(.bss)



==============================================================================

Memory Map of the image

  Image Entry point : 0x08000189

  Load Region LR_IROM1 (Base: 0x08000000, Size: 0x0000b854, Max: 0x00100000, ABSOLUTE, COMPRESSED[0x0000b6d8])

    Execution Region ER_IROM1 (Exec base: 0x08000000, Load base: 0x08000000, Size: 0x0000b674, Max: 0x00100000, ABSOLUTE)

    Exec Addr    Load Addr    Size         Type   Attr      Idx    E Section Name        Object

    0x08000000   0x08000000   0x00000188   Data   RO            3    RESET               startup_stm32f405xx.o
    0x08000188   0x08000188   0x00000008   Code   RO         7949  * !!!main             c_w.l(__main.o)
    0x08000190   0x08000190   0x00000034   Code   RO         8698    !!!scatter          c_w.l(__scatter.o)
    0x080001c4   0x080001c4   0x0000005a   Code   RO         8696    !!dczerorl2         c_w.l(__dczerorl2.o)
    0x0800021e   0x0800021e   0x00000002   PAD
    0x08000220   0x08000220   0x0000001c   Code   RO         8700    !!handler_zi        c_w.l(__scatter_zi.o)
    0x0800023c   0x0800023c   0x00000002   Code   RO         8570    .ARM.Collect$$libinit$$00000000  c_w.l(libinit.o)
    0x0800023e   0x0800023e   0x00000004   Code   RO         8294    .ARM.Collect$$libinit$$00000001  c_w.l(libinit2.o)
    0x08000242   0x08000242   0x00000000   Code   RO         8297    .ARM.Collect$$libinit$$00000004  c_w.l(libinit2.o)
    0x08000242   0x08000242   0x00000000   Code   RO         8300    .ARM.Collect$$libinit$$0000000A  c_w.l(libinit2.o)
    0x08000242   0x08000242   0x00000000   Code   RO         8302    .ARM.Collect$$libinit$$0000000C  c_w.l(libinit2.o)
    0x08000242   0x08000242   0x00000000   Code   RO         8304    .ARM.Collect$$libinit$$0000000E  c_w.l(libinit2.o)
    0x08000242   0x08000242   0x00000000   Code   RO         8307    .ARM.Collect$$libinit$$00000011  c_w.l(libinit2.o)
    0x08000242   0x08000242   0x00000000   Code   RO         8309    .ARM.Collect$$libinit$$00000013  c_w.l(libinit2.o)
    0x08000242   0x08000242   0x00000000   Code   RO         8311    .ARM.Collect$$libinit$$00000015  c_w.l(libinit2.o)
    0x08000242   0x08000242   0x00000000   Code   RO         8313    .ARM.Collect$$libinit$$00000017  c_w.l(libinit2.o)
    0x08000242   0x08000242   0x00000000   Code   RO         8315    .ARM.Collect$$libinit$$00000019  c_w.l(libinit2.o)
    0x08000242   0x08000242   0x00000000   Code   RO         8317    .ARM.Collect$$libinit$$0000001B  c_w.l(libinit2.o)
    0x08000242   0x08000242   0x00000000   Code   RO         8319    .ARM.Collect$$libinit$$0000001D  c_w.l(libinit2.o)
    0x08000242   0x08000242   0x00000000   Code   RO         8321    .ARM.Collect$$libinit$$0000001F  c_w.l(libinit2.o)
    0x08000242   0x08000242   0x00000000   Code   RO         8323    .ARM.Collect$$libinit$$00000021  c_w.l(libinit2.o)
    0x08000242   0x08000242   0x00000000   Code   RO         8325    .ARM.Collect$$libinit$$00000023  c_w.l(libinit2.o)
    0x08000242   0x08000242   0x00000000   Code   RO         8327    .ARM.Collect$$libinit$$00000025  c_w.l(libinit2.o)
    0x08000242   0x08000242   0x00000000   Code   RO         8331    .ARM.Collect$$libinit$$0000002C  c_w.l(libinit2.o)
    0x08000242   0x08000242   0x00000000   Code   RO         8333    .ARM.Collect$$libinit$$0000002E  c_w.l(libinit2.o)
    0x08000242   0x08000242   0x00000000   Code   RO         8335    .ARM.Collect$$libinit$$00000030  c_w.l(libinit2.o)
    0x08000242   0x08000242   0x00000004   Code   RO         8336    .ARM.Collect$$libinit$$00000031  c_w.l(libinit2.o)
    0x08000246   0x08000246   0x00000000   Code   RO         8337    .ARM.Collect$$libinit$$00000032  c_w.l(libinit2.o)
    0x08000246   0x08000246   0x00000002   Code   RO         8338    .ARM.Collect$$libinit$$00000033  c_w.l(libinit2.o)
    0x08000248   0x08000248   0x00000002   Code   RO         8673    .ARM.Collect$$libshutdown$$00000000  c_w.l(libshutdown.o)
    0x0800024a   0x0800024a   0x00000000   Code   RO         8679    .ARM.Collect$$libshutdown$$00000002  c_w.l(libshutdown2.o)
    0x0800024a   0x0800024a   0x00000000   Code   RO         8681    .ARM.Collect$$libshutdown$$00000004  c_w.l(libshutdown2.o)
    0x0800024a   0x0800024a   0x00000000   Code   RO         8684    .ARM.Collect$$libshutdown$$00000007  c_w.l(libshutdown2.o)
    0x0800024a   0x0800024a   0x00000000   Code   RO         8687    .ARM.Collect$$libshutdown$$0000000A  c_w.l(libshutdown2.o)
    0x0800024a   0x0800024a   0x00000000   Code   RO         8689    .ARM.Collect$$libshutdown$$0000000C  c_w.l(libshutdown2.o)
    0x0800024a   0x0800024a   0x00000000   Code   RO         8692    .ARM.Collect$$libshutdown$$0000000F  c_w.l(libshutdown2.o)
    0x0800024a   0x0800024a   0x00000002   Code   RO         8693    .ARM.Collect$$libshutdown$$00000010  c_w.l(libshutdown2.o)
    0x0800024c   0x0800024c   0x00000000   Code   RO         8192    .ARM.Collect$$rtentry$$00000000  c_w.l(__rtentry.o)
    0x0800024c   0x0800024c   0x00000000   Code   RO         8385    .ARM.Collect$$rtentry$$00000002  c_w.l(__rtentry2.o)
    0x0800024c   0x0800024c   0x00000006   Code   RO         8397    .ARM.Collect$$rtentry$$00000004  c_w.l(__rtentry4.o)
    0x08000252   0x08000252   0x00000000   Code   RO         8387    .ARM.Collect$$rtentry$$00000009  c_w.l(__rtentry2.o)
    0x08000252   0x08000252   0x00000004   Code   RO         8388    .ARM.Collect$$rtentry$$0000000A  c_w.l(__rtentry2.o)
    0x08000256   0x08000256   0x00000000   Code   RO         8390    .ARM.Collect$$rtentry$$0000000C  c_w.l(__rtentry2.o)
    0x08000256   0x08000256   0x00000008   Code   RO         8391    .ARM.Collect$$rtentry$$0000000D  c_w.l(__rtentry2.o)
    0x0800025e   0x0800025e   0x00000002   Code   RO         8585    .ARM.Collect$$rtexit$$00000000  c_w.l(rtexit.o)
    0x08000260   0x08000260   0x00000000   Code   RO         8640    .ARM.Collect$$rtexit$$00000002  c_w.l(rtexit2.o)
    0x08000260   0x08000260   0x00000004   Code   RO         8641    .ARM.Collect$$rtexit$$00000003  c_w.l(rtexit2.o)
    0x08000264   0x08000264   0x00000006   Code   RO         8642    .ARM.Collect$$rtexit$$00000004  c_w.l(rtexit2.o)
    0x0800026a   0x0800026a   0x00000002   PAD
    0x0800026c   0x0800026c   0x000000be   Code   RO         5538    .emb_text           port.o
    0x0800032a   0x0800032a   0x00000002   PAD
    0x0800032c   0x0800032c   0x00000040   Code   RO            4    .text               startup_stm32f405xx.o
    0x0800036c   0x0800036c   0x000000ee   Code   RO         7931    .text               c_w.l(lludivv7m.o)
    0x0800045a   0x0800045a   0x0000008a   Code   RO         7935    .text               c_w.l(rt_memcpy_v6.o)
    0x080004e4   0x080004e4   0x00000064   Code   RO         7937    .text               c_w.l(rt_memcpy_w.o)
    0x08000548   0x08000548   0x00000010   Code   RO         7941    .text               c_w.l(aeabi_memset.o)
    0x08000558   0x08000558   0x00000044   Code   RO         7943    .text               c_w.l(rt_memclr.o)
    0x0800059c   0x0800059c   0x0000004e   Code   RO         7945    .text               c_w.l(rt_memclr_w.o)
    0x080005ea   0x080005ea   0x00000006   Code   RO         7947    .text               c_w.l(heapauxi.o)
    0x080005f0   0x080005f0   0x00000024   Code   RO         7954    .text               c_w.l(init_aeabi.o)
    0x08000614   0x08000614   0x00000016   Code   RO         8197    .text               c_w.l(_rserrno.o)
    0x0800062a   0x0800062a   0x0000000e   Code   RO         8290    .text               c_w.l(defsig_pvfn_outer.o)
    0x08000638   0x08000638   0x00000008   Code   RO         8406    .text               c_w.l(rt_errno_addr_intlibspace.o)
    0x08000640   0x08000640   0x0000000a   Code   RO         8423    .text               c_w.l(defsig_exit.o)
    0x0800064a   0x0800064a   0x00000002   PAD
    0x0800064c   0x0800064c   0x00000030   Code   RO         8425    .text               c_w.l(defsig_pvfn_inner.o)
    0x0800067c   0x0800067c   0x0000000c   Code   RO         8444    .text               c_w.l(sys_exit.o)
    0x08000688   0x08000688   0x00000008   Code   RO         8446    .text               c_w.l(libspace.o)
    0x08000690   0x08000690   0x0000004a   Code   RO         8449    .text               c_w.l(sys_stackheap_outer.o)
    0x080006da   0x080006da   0x00000012   Code   RO         8549    .text               c_w.l(exit.o)
    0x080006ec   0x080006ec   0x00000032   Code   RO         8555    .text               c_w.l(defsig_general.o)
    0x0800071e   0x0800071e   0x0000000e   Code   RO         8576    .text               c_w.l(sys_wrch.o)
    0x0800072c   0x0800072c   0x00000002   Code   RO         8580    .text               c_w.l(use_no_semi.o)
    0x0800072e   0x0800072e   0x00000000   Code   RO         8584    .text               c_w.l(indicate_semi.o)
    0x0800072e   0x0800072e   0x00000004   Code   RO          616    i.BusFault_Handler  stm32f4xx_it.o
    0x08000732   0x08000732   0x00000002   PAD
    0x08000734   0x08000734   0x00000010   Code   RO          617    i.CAN1_RX0_IRQHandler  stm32f4xx_it.o
    0x08000744   0x08000744   0x00000010   Code   RO          618    i.CAN2_RX0_IRQHandler  stm32f4xx_it.o
    0x08000754   0x08000754   0x00000010   Code   RO          619    i.DMA2_Stream2_IRQHandler  stm32f4xx_it.o
    0x08000764   0x08000764   0x00000002   Code   RO          620    i.DebugMon_Handler  stm32f4xx_it.o
    0x08000766   0x08000766   0x00000002   Code   RO           13    i.Error_Handler     main.o
    0x08000768   0x08000768   0x00000156   Code   RO          799    i.HAL_CAN_AddTxMessage  stm32f4xx_hal_can.o
    0x080008be   0x080008be   0x00000002   Code   RO          803    i.HAL_CAN_ErrorCallback  stm32f4xx_hal_can.o
    0x080008c0   0x080008c0   0x00000028   Code   RO          805    i.HAL_CAN_GetRxFifoFillLevel  stm32f4xx_hal_can.o
    0x080008e8   0x080008e8   0x0000017c   Code   RO          806    i.HAL_CAN_GetRxMessage  stm32f4xx_hal_can.o
    0x08000a64   0x08000a64   0x0000024e   Code   RO          810    i.HAL_CAN_IRQHandler  stm32f4xx_hal_can.o
    0x08000cb2   0x08000cb2   0x00000174   Code   RO          811    i.HAL_CAN_Init      stm32f4xx_hal_can.o
    0x08000e26   0x08000e26   0x00000002   PAD
    0x08000e28   0x08000e28   0x00000160   Code   RO          390    i.HAL_CAN_MspInit   can.o
    0x08000f88   0x08000f88   0x00000002   Code   RO          818    i.HAL_CAN_RxFifo0FullCallback  stm32f4xx_hal_can.o
    0x08000f8a   0x08000f8a   0x00000002   PAD
    0x08000f8c   0x08000f8c   0x00000034   Code   RO         7135    i.HAL_CAN_RxFifo0MsgPendingCallback  sentrydowncloudcan.o
    0x08000fc0   0x08000fc0   0x00000002   Code   RO          820    i.HAL_CAN_RxFifo1FullCallback  stm32f4xx_hal_can.o
    0x08000fc2   0x08000fc2   0x00000002   Code   RO          821    i.HAL_CAN_RxFifo1MsgPendingCallback  stm32f4xx_hal_can.o
    0x08000fc4   0x08000fc4   0x00000002   Code   RO          822    i.HAL_CAN_SleepCallback  stm32f4xx_hal_can.o
    0x08000fc6   0x08000fc6   0x00000002   Code   RO          825    i.HAL_CAN_TxMailbox0AbortCallback  stm32f4xx_hal_can.o
    0x08000fc8   0x08000fc8   0x00000002   Code   RO          826    i.HAL_CAN_TxMailbox0CompleteCallback  stm32f4xx_hal_can.o
    0x08000fca   0x08000fca   0x00000002   Code   RO          827    i.HAL_CAN_TxMailbox1AbortCallback  stm32f4xx_hal_can.o
    0x08000fcc   0x08000fcc   0x00000002   Code   RO          828    i.HAL_CAN_TxMailbox1CompleteCallback  stm32f4xx_hal_can.o
    0x08000fce   0x08000fce   0x00000002   Code   RO          829    i.HAL_CAN_TxMailbox2AbortCallback  stm32f4xx_hal_can.o
    0x08000fd0   0x08000fd0   0x00000002   Code   RO          830    i.HAL_CAN_TxMailbox2CompleteCallback  stm32f4xx_hal_can.o
    0x08000fd2   0x08000fd2   0x00000002   Code   RO          832    i.HAL_CAN_WakeUpFromRxMsgCallback  stm32f4xx_hal_can.o
    0x08000fd4   0x08000fd4   0x00000028   Code   RO         1637    i.HAL_DMA_Abort_IT  stm32f4xx_hal_dma.o
    0x08000ffc   0x08000ffc   0x00000008   Code   RO         1640    i.HAL_DMA_GetState  stm32f4xx_hal_dma.o
    0x08001004   0x08001004   0x00000240   Code   RO         1641    i.HAL_DMA_IRQHandler  stm32f4xx_hal_dma.o
    0x08001244   0x08001244   0x000000ec   Code   RO         1642    i.HAL_DMA_Init      stm32f4xx_hal_dma.o
    0x08001330   0x08001330   0x0000009e   Code   RO         1645    i.HAL_DMA_Start_IT  stm32f4xx_hal_dma.o
    0x080013ce   0x080013ce   0x00000002   PAD
    0x080013d0   0x080013d0   0x00000028   Code   RO         2121    i.HAL_Delay         stm32f4xx_hal.o
    0x080013f8   0x080013f8   0x00000200   Code   RO         1520    i.HAL_GPIO_Init     stm32f4xx_hal_gpio.o
    0x080015f8   0x080015f8   0x0000000c   Code   RO         1524    i.HAL_GPIO_WritePin  stm32f4xx_hal_gpio.o
    0x08001604   0x08001604   0x0000000c   Code   RO         2127    i.HAL_GetTick       stm32f4xx_hal.o
    0x08001610   0x08001610   0x00000018   Code   RO         2133    i.HAL_IncTick       stm32f4xx_hal.o
    0x08001628   0x08001628   0x0000003c   Code   RO         2134    i.HAL_Init          stm32f4xx_hal.o
    0x08001664   0x08001664   0x0000008c   Code   RO          755    i.HAL_InitTick      stm32f4xx_hal_timebase_tim.o
    0x080016f0   0x080016f0   0x00000054   Code   RO          730    i.HAL_MspInit       stm32f4xx_hal_msp.o
    0x08001744   0x08001744   0x00000020   Code   RO         1959    i.HAL_NVIC_EnableIRQ  stm32f4xx_hal_cortex.o
    0x08001764   0x08001764   0x0000007c   Code   RO         1965    i.HAL_NVIC_SetPriority  stm32f4xx_hal_cortex.o
    0x080017e0   0x080017e0   0x00000028   Code   RO         1966    i.HAL_NVIC_SetPriorityGrouping  stm32f4xx_hal_cortex.o
    0x08001808   0x08001808   0x00000180   Code   RO         1068    i.HAL_RCC_ClockConfig  stm32f4xx_hal_rcc.o
    0x08001988   0x08001988   0x00000044   Code   RO         1072    i.HAL_RCC_GetClockConfig  stm32f4xx_hal_rcc.o
    0x080019cc   0x080019cc   0x0000000c   Code   RO         1073    i.HAL_RCC_GetHCLKFreq  stm32f4xx_hal_rcc.o
    0x080019d8   0x080019d8   0x00000020   Code   RO         1075    i.HAL_RCC_GetPCLK1Freq  stm32f4xx_hal_rcc.o
    0x080019f8   0x080019f8   0x00000020   Code   RO         1076    i.HAL_RCC_GetPCLK2Freq  stm32f4xx_hal_rcc.o
    0x08001a18   0x08001a18   0x000000b0   Code   RO         1077    i.HAL_RCC_GetSysClockFreq  stm32f4xx_hal_rcc.o
    0x08001ac8   0x08001ac8   0x00000448   Code   RO         1080    i.HAL_RCC_OscConfig  stm32f4xx_hal_rcc.o
    0x08001f10   0x08001f10   0x0000008c   Code   RO         2416    i.HAL_SPI_Init      stm32f4xx_hal_spi.o
    0x08001f9c   0x08001f9c   0x00000088   Code   RO          513    i.HAL_SPI_MspInit   spi.o
    0x08002024   0x08002024   0x00000164   Code   RO         2419    i.HAL_SPI_Receive   stm32f4xx_hal_spi.o
    0x08002188   0x08002188   0x000001a2   Code   RO         2424    i.HAL_SPI_Transmit  stm32f4xx_hal_spi.o
    0x0800232a   0x0800232a   0x0000022a   Code   RO         2425    i.HAL_SPI_TransmitReceive  stm32f4xx_hal_spi.o
    0x08002554   0x08002554   0x00000002   Code   RO         3584    i.HAL_TIMEx_BreakCallback  stm32f4xx_hal_tim_ex.o
    0x08002556   0x08002556   0x00000002   Code   RO         3585    i.HAL_TIMEx_CommutCallback  stm32f4xx_hal_tim_ex.o
    0x08002558   0x08002558   0x00000034   Code   RO         2784    i.HAL_TIM_Base_Init  stm32f4xx_hal_tim.o
    0x0800258c   0x0800258c   0x00000002   Code   RO         2786    i.HAL_TIM_Base_MspInit  stm32f4xx_hal_tim.o
    0x0800258e   0x0800258e   0x0000002a   Code   RO         2789    i.HAL_TIM_Base_Start_IT  stm32f4xx_hal_tim.o
    0x080025b8   0x080025b8   0x00000002   Code   RO         2813    i.HAL_TIM_IC_CaptureCallback  stm32f4xx_hal_tim.o
    0x080025ba   0x080025ba   0x00000196   Code   RO         2827    i.HAL_TIM_IRQHandler  stm32f4xx_hal_tim.o
    0x08002750   0x08002750   0x00000002   Code   RO         2830    i.HAL_TIM_OC_DelayElapsedCallback  stm32f4xx_hal_tim.o
    0x08002752   0x08002752   0x00000002   Code   RO         2857    i.HAL_TIM_PWM_PulseFinishedCallback  stm32f4xx_hal_tim.o
    0x08002754   0x08002754   0x00000018   Code   RO           14    i.HAL_TIM_PeriodElapsedCallback  main.o
    0x0800276c   0x0800276c   0x00000002   Code   RO         2870    i.HAL_TIM_TriggerCallback  stm32f4xx_hal_tim.o
    0x0800276e   0x0800276e   0x00000002   Code   RO         3888    i.HAL_UART_AbortTransmitCpltCallback  stm32f4xx_hal_uart.o
    0x08002770   0x08002770   0x0000006c   Code   RO         3889    i.HAL_UART_AbortTransmit_IT  stm32f4xx_hal_uart.o
    0x080027dc   0x080027dc   0x00000002   Code   RO         3895    i.HAL_UART_ErrorCallback  stm32f4xx_hal_uart.o
    0x080027de   0x080027de   0x00000002   PAD
    0x080027e0   0x080027e0   0x0000014c   Code   RO         3898    i.HAL_UART_IRQHandler  stm32f4xx_hal_uart.o
    0x0800292c   0x0800292c   0x00000072   Code   RO         3899    i.HAL_UART_Init     stm32f4xx_hal_uart.o
    0x0800299e   0x0800299e   0x00000002   PAD
    0x080029a0   0x080029a0   0x00000204   Code   RO          558    i.HAL_UART_MspInit  usart.o
    0x08002ba4   0x08002ba4   0x000000c4   Code   RO         3903    i.HAL_UART_Receive_DMA  stm32f4xx_hal_uart.o
    0x08002c68   0x08002c68   0x00000070   Code   RO         3904    i.HAL_UART_Receive_IT  stm32f4xx_hal_uart.o
    0x08002cd8   0x08002cd8   0x0000000c   Code   RO         6353    i.HAL_UART_RxCpltCallback  app_vision.o
    0x08002ce4   0x08002ce4   0x00000002   Code   RO         3906    i.HAL_UART_RxHalfCpltCallback  stm32f4xx_hal_uart.o
    0x08002ce6   0x08002ce6   0x00000002   PAD
    0x08002ce8   0x08002ce8   0x0000009c   Code   RO         3908    i.HAL_UART_Transmit_DMA  stm32f4xx_hal_uart.o
    0x08002d84   0x08002d84   0x0000000c   Code   RO         6354    i.HAL_UART_TxCpltCallback  app_vision.o
    0x08002d90   0x08002d90   0x00000002   Code   RO         3911    i.HAL_UART_TxHalfCpltCallback  stm32f4xx_hal_uart.o
    0x08002d92   0x08002d92   0x00000004   Code   RO          621    i.HardFault_Handler  stm32f4xx_it.o
    0x08002d96   0x08002d96   0x00000002   PAD
    0x08002d98   0x08002d98   0x00000048   Code   RO          391    i.MX_CAN1_Init      can.o
    0x08002de0   0x08002de0   0x00000048   Code   RO          392    i.MX_CAN2_Init      can.o
    0x08002e28   0x08002e28   0x00000038   Code   RO          442    i.MX_DMA_Init       dma.o
    0x08002e60   0x08002e60   0x00000124   Code   RO          299    i.MX_GPIO_Init      gpio.o
    0x08002f84   0x08002f84   0x00000044   Code   RO          514    i.MX_SPI1_Init      spi.o
    0x08002fc8   0x08002fc8   0x00000038   Code   RO          559    i.MX_UART5_Init     usart.o
    0x08003000   0x08003000   0x00000038   Code   RO          560    i.MX_USART1_UART_Init  usart.o
    0x08003038   0x08003038   0x00000038   Code   RO          561    i.MX_USART3_UART_Init  usart.o
    0x08003070   0x08003070   0x00000004   Code   RO          622    i.MemManage_Handler  stm32f4xx_it.o
    0x08003074   0x08003074   0x00000002   Code   RO          623    i.NMI_Handler       stm32f4xx_it.o
    0x08003076   0x08003076   0x00000002   PAD
    0x08003078   0x08003078   0x00000034   Code   RO         5539    i.SysTick_Handler   port.o
    0x080030ac   0x080030ac   0x00000064   Code   RO         4261    i.SystemInit        system_stm32f4xx.o
    0x08003110   0x08003110   0x00000010   Code   RO          624    i.TIM8_TRG_COM_TIM14_IRQHandler  stm32f4xx_it.o
    0x08003120   0x08003120   0x000000d8   Code   RO         2872    i.TIM_Base_SetConfig  stm32f4xx_hal_tim.o
    0x080031f8   0x080031f8   0x00000010   Code   RO          625    i.USART1_IRQHandler  stm32f4xx_it.o
    0x08003208   0x08003208   0x00000004   Code   RO          626    i.UsageFault_Handler  stm32f4xx_it.o
    0x0800320c   0x0800320c   0x00000028   Code   RO         7205    i._Z10GlobalSafev   sentrydowncloudlogic.o
    0x08003234   0x08003234   0x00000030   Code   RO         7206    i._Z10ModeSelectv   sentrydowncloudlogic.o
    0x08003264   0x08003264   0x000000b0   Code   RO         7260    i._Z10task_CheckPv  task_sentrydowncloud.o
    0x08003314   0x08003314   0x00000094   Code   RO         7261    i._Z11TaskStarterv  task_sentrydowncloud.o
    0x080033a8   0x080033a8   0x0000004c   Code   RO         6355    i._Z12CMD_SHOOT_RxPh  app_vision.o
    0x080033f4   0x080033f4   0x0000035c   Code   RO         5967    i._Z12app_imu_Initv  app_imu.o
    0x08003750   0x08003750   0x0000003a   Code   RO         6587    i._Z13SentryCanSendP19__CAN_HandleTypeDefjPhj  sentry_can_commom.o
    0x0800378a   0x0800378a   0x00000030   Code   RO         6588    i._Z13SentryCanSendP19__CAN_HandleTypeDefjff  sentry_can_commom.o
    0x080037ba   0x080037ba   0x00000002   PAD
    0x080037bc   0x080037bc   0x000000ac   Code   RO         7207    i._Z13VisionControlv  sentrydowncloudlogic.o
    0x08003868   0x08003868   0x00000028   Code   RO         7262    i._Z14DownCloud_Initv  task_sentrydowncloud.o
    0x08003890   0x08003890   0x00000054   Code   RO         6252    i._Z14app_check_Initv  app_check.o
    0x080038e4   0x080038e4   0x00000026   Code   RO         6112    i._Z14app_math_Limitfff  app_math.o
    0x0800390a   0x0800390a   0x00000034   Code   RO         6359    i._Z15CMD_READ_PID_RxPh  app_vision.o
    0x0800393e   0x0800393e   0x00000002   PAD
    0x08003940   0x08003940   0x00000064   Code   RO         6360    i._Z15CMD_READ_PID_Txhfff  app_vision.o
    0x080039a4   0x080039a4   0x00000014   Code   RO         5722    i._Z15bsp_spi_ReadRegh  bsp_spi.o
    0x080039b8   0x080039b8   0x00000034   Code   RO          467    i._Z16MX_FREERTOS_Initv  freertos.o
    0x080039ec   0x080039ec   0x0000000a   Code   RO          468    i._Z16StartDefaultTaskPKv  freertos.o
    0x080039f6   0x080039f6   0x00000002   PAD
    0x080039f8   0x080039f8   0x0000006c   Code   RO         6116    i._Z16app_math_InvSqrtf  app_math.o
    0x08003a64   0x08003a64   0x00000048   Code   RO         5723    i._Z16bsp_spi_ReadRegshPhh  bsp_spi.o
    0x08003aac   0x08003aac   0x00000040   Code   RO         6858    i._Z16pidPitchCallBackP3pid  sentrydowncloud.o
    0x08003aec   0x08003aec   0x00000448   Code   RO         5968    i._Z17app_imu_So3threadv  app_imu.o
    0x08003f34   0x08003f34   0x0000002c   Code   RO         7263    i._Z17task_CommuRoutinePv  task_sentrydowncloud.o
    0x08003f60   0x08003f60   0x000000b4   Code   RO           15    i._Z18SystemClock_Configv  main.o
    0x08004014   0x08004014   0x000000d8   Code   RO         6254    i._Z19app_check_IsOffline21__app_check_device_id  app_check.o
    0x080040ec   0x080040ec   0x000000c0   Code   RO         6118    i._Z19app_math_LPF2pApplyP4LPF2f  app_math.o
    0x080041ac   0x080041ac   0x00000062   Code   RO         5619    i._Z19bsp_can_SendmessageP19__CAN_HandleTypeDefsPs  bsp_can.o
    0x0800420e   0x0800420e   0x00000002   PAD
    0x08004210   0x08004210   0x00000034   Code   RO         6592    i._Z20CHASSIS_STATES_CanRxjPh  sentry_can_commom.o
    0x08004244   0x08004244   0x00000002   Code   RO         6859    i._Z20RunModeCloudCtrlGyrov  sentrydowncloud.o
    0x08004246   0x08004246   0x00000002   PAD
    0x08004248   0x08004248   0x0000002c   Code   RO         6860    i._Z20RunModeCloudCtrlMechv  sentrydowncloud.o
    0x08004274   0x08004274   0x00000014   Code   RO         5919    i._Z20bsp_icm20602_ReadRegh  bsp_icm20602.o
    0x08004288   0x08004288   0x000000c4   Code   RO         5724    i._Z20bsp_spi_Icm20602Initv  bsp_spi.o
    0x0800434c   0x0800434c   0x00000020   Code   RO         6256    i._Z21app_check_RefreshListv  app_check.o
    0x0800436c   0x0800436c   0x00000048   Code   RO         5920    i._Z21bsp_icm20602_ReadRegshPhh  bsp_icm20602.o
    0x080043b4   0x080043b4   0x0000002c   Code   RO         6365    i._Z22CMD_CHASSIS_CONTROL_RxPh  app_vision.o
    0x080043e0   0x080043e0   0x00000024   Code   RO         6861    i._Z22EnterModeCloudCtrlGyrov  sentrydowncloud.o
    0x08004404   0x08004404   0x00000024   Code   RO         6862    i._Z22EnterModeCloudCtrlMechv  sentrydowncloud.o
    0x08004428   0x08004428   0x0000001c   Code   RO         6257    i._Z22app_check_EnableDevice21__app_check_device_idj  app_check.o
    0x08004444   0x08004444   0x00000030   Code   RO         6594    i._Z23DOWN_CLOUD_STATES_CanRxjPh  sentry_can_commom.o
    0x08004474   0x08004474   0x00000028   Code   RO         6595    i._Z23DOWN_CLOUD_STATES_CanTxv  sentry_can_commom.o
    0x0800449c   0x0800449c   0x0000005c   Code   RO         6366    i._Z23app_vision_SendTxbufferh  app_vision.o
    0x080044f8   0x080044f8   0x00000028   Code   RO         6596    i._Z24DownCloudCanCommuRoutinev  sentry_can_commom.o
    0x08004520   0x08004520   0x00000028   Code   RO         6863    i._Z25CMD_SHOOT_ExecuteCallbackfhh  sentrydowncloud.o
    0x08004548   0x08004548   0x00000014   Code   RO         6260    i._Z26app_check_SignDeviceTickTo21__app_check_device_idPj  app_check.o
    0x0800455c   0x0800455c   0x00000040   Code   RO         6368    i._Z27CMD_GIMBAL_SPEED_CONTROL_RxPh  app_vision.o
    0x0800459c   0x0800459c   0x000000ec   Code   RO         6120    i._Z27app_math_LPF2pSetCutoffFreqP4LPF2ff  app_math.o
    0x08004688   0x08004688   0x00000018   Code   RO         6369    i._Z27app_vision_load_to_txbufferfi  app_vision.o
    0x080046a0   0x080046a0   0x0000000c   Code   RO         6370    i._Z27app_vision_load_to_txbufferhi  app_vision.o
    0x080046ac   0x080046ac   0x000000fc   Code   RO         6371    i._Z29app_vision_analysis_intgratedv  app_vision.o
    0x080047a8   0x080047a8   0x00000040   Code   RO         6372    i._Z30CMD_GIMBAL_ABSOLUTE_CONTROL_RxPh  app_vision.o
    0x080047e8   0x080047e8   0x00000040   Code   RO         6373    i._Z30CMD_GIMBAL_RELATIVE_CONTROL_RxPh  app_vision.o
    0x08004828   0x08004828   0x00000094   Code   RO         6864    i._Z30CMD_READ_PID_Rx_GetPidCallbackhPfS_S_  sentrydowncloud.o
    0x080048bc   0x080048bc   0x00000058   Code   RO         6375    i._Z30app_vision_dma_rx_cpltcallbackP20__UART_HandleTypeDef  app_vision.o
    0x08004914   0x08004914   0x00000014   Code   RO         6376    i._Z30app_vision_dma_tx_cpltcallbackP20__UART_HandleTypeDef  app_vision.o
    0x08004928   0x08004928   0x00000030   Code   RO         6377    i._Z31CMD_CHASSIS_LOACTION_CONTROL_RxPh  app_vision.o
    0x08004958   0x08004958   0x0000001a   Code   RO         7137    i._Z34CanRxCpltCallBack_CloudCommuUpdataP19__CAN_HandleTypeDefP19CAN_RxHeaderTypeDefPh  sentrydowncloudcan.o
    0x08004972   0x08004972   0x00000002   PAD
    0x08004974   0x08004974   0x00000030   Code   RO         6379    i._Z35CMD_CHASSIS_LOCATION_LIMIT_SPEED_RxPh  app_vision.o
    0x080049a4   0x080049a4   0x00000040   Code   RO         7264    i._Z9task_MainPv    task_sentrydowncloud.o
    0x080049e4   0x080049e4   0x0000000a   Code   RO         7426    i._ZN10block_type10Block_InitEttf  bsp_motor.o
    0x080049ee   0x080049ee   0x000000b0   Code   RO         7427    i._ZN10block_type11Block_CheckEv  bsp_motor.o
    0x08004a9e   0x08004a9e   0x0000000a   Code   RO         7428    i._ZN10block_type15Clear_BlockFlagEv  bsp_motor.o
    0x08004aa8   0x08004aa8   0x0000000c   Code   RO         7832    i._ZN10block_typeC1ERsRf  bsp_motor.o
    0x08004ab4   0x08004ab4   0x0000004e   Code   RO         6865    i._ZN11SentryCloud10SetAngleToEff  sentrydowncloud.o
    0x08004b02   0x08004b02   0x0000000e   Code   RO         6866    i._ZN11SentryCloud13Feed_Safe_SetEv  sentrydowncloud.o
    0x08004b10   0x08004b10   0x0000006c   Code   RO         6867    i._ZN11SentryCloud13PitchModeCtrlEv  sentrydowncloud.o
    0x08004b7c   0x08004b7c   0x00000024   Code   RO         6869    i._ZN11SentryCloud14LazerSwitchCmdEi  sentrydowncloud.o
    0x08004ba0   0x08004ba0   0x0000001a   Code   RO         6871    i._ZN11SentryCloud16RunModeDualPitchEv  sentrydowncloud.o
    0x08004bba   0x08004bba   0x00000002   PAD
    0x08004bbc   0x08004bbc   0x00000050   Code   RO         6872    i._ZN11SentryCloud16ShooterSwitchCmdEi  sentrydowncloud.o
    0x08004c0c   0x08004c0c   0x0000001c   Code   RO         6873    i._ZN11SentryCloud17ExitModeDualPitchEv  sentrydowncloud.o
    0x08004c28   0x08004c28   0x0000001c   Code   RO         6874    i._ZN11SentryCloud18EnterModeDualPitchEv  sentrydowncloud.o
    0x08004c44   0x08004c44   0x0000001c   Code   RO         6876    i._ZN11SentryCloud18Feed_Free_Once_SetEis  sentrydowncloud.o
    0x08004c60   0x08004c60   0x00000188   Code   RO         6878    i._ZN11SentryCloud20ImuDataProcessHandleEv  sentrydowncloud.o
    0x08004de8   0x08004de8   0x0000004a   Code   RO         6879    i._ZN11SentryCloud5ShootEfhh  sentrydowncloud.o
    0x08004e32   0x08004e32   0x00000002   PAD
    0x08004e34   0x08004e34   0x00000090   Code   RO         6880    i._ZN11SentryCloud6HandleEv  sentrydowncloud.o
    0x08004ec4   0x08004ec4   0x00000048   Code   RO         6881    i._ZN11SentryCloud8Safe_SetEv  sentrydowncloud.o
    0x08004f0c   0x08004f0c   0x0000003e   Code   RO         6882    i._ZN11SentryCloud9ShootCtrlEv  sentrydowncloud.o
    0x08004f4a   0x08004f4a   0x00000002   PAD
    0x08004f4c   0x08004f4c   0x00000454   Code   RO         6883    i._ZN11SentryCloudC1Ehthththththt  sentrydowncloud.o
    0x080053a0   0x080053a0   0x00000006   Code   RO         7083    i._ZN11str_Motor_tC1Eth  sentrydowncloud.o
    0x080053a6   0x080053a6   0x00000016   Code   RO         6568    i._ZN13__vision_dataC1Ev  app_vision.o
    0x080053bc   0x080053bc   0x00000094   Code   RO         5969    i._ZN30_INTERNAL_9_app_imu_c_42513fb710Soft_AngleEfh  app_imu.o
    0x08005450   0x08005450   0x0000041c   Code   RO         5970    i._ZN30_INTERNAL_9_app_imu_c_42513fb712MPU_Read_RawEv  app_imu.o
    0x0800586c   0x0800586c   0x000002bc   Code   RO         5971    i._ZN30_INTERNAL_9_app_imu_c_42513fb720NonlinearSO3AHRSinitEffffff  app_imu.o
    0x08005b28   0x08005b28   0x00000824   Code   RO         5972    i._ZN30_INTERNAL_9_app_imu_c_42513fb722NonlinearSO3AHRSupdateEfffffffffffff  app_imu.o
    0x0800634c   0x0800634c   0x00000044   Code   RO         5725    i._ZN30_INTERNAL_9_bsp_spi_c_b32090b216bsp_spi_writeregEhh  bsp_spi.o
    0x08006390   0x08006390   0x00000036   Code   RO         6380    i._ZN36_INTERNAL_14_app_vision_cpp_VisionRx21SentryVisionUartRxAllEPh  app_vision.o
    0x080063c6   0x080063c6   0x000000d4   Code   RO         7433    i._ZN3pid17nonlinear_pid_runEf  bsp_motor.o
    0x0800649a   0x0800649a   0x00000028   Code   RO         7434    i._ZN3pid4sechEf    bsp_motor.o
    0x080064c2   0x080064c2   0x00000002   PAD
    0x080064c4   0x080064c4   0x00000188   Code   RO         7435    i._ZN3pid7pid_runEf  bsp_motor.o
    0x0800664c   0x0800664c   0x00000050   Code   RO         7437    i._ZN3pidC1Efffffttt  bsp_motor.o
    0x0800669c   0x0800669c   0x00000038   Code   RO         6885    i._ZN41_INTERNAL_19_SentryDownCloud_cpp_819a63d123copy_array_to_pid_paramEP3pidPf  sentrydowncloud.o
    0x080066d4   0x080066d4   0x00000038   Code   RO         6886    i._ZN41_INTERNAL_19_SentryDownCloud_cpp_819a63d123copy_pid_param_to_arrayEPfP3pid  sentrydowncloud.o
    0x0800670c   0x0800670c   0x0000002e   Code   RO         6887    i._ZN41_INTERNAL_19_SentryDownCloud_cpp_819a63d125copy_array_to_cloud_paramEP9softcloudPf  sentrydowncloud.o
    0x0800673a   0x0800673a   0x00000002   PAD
    0x0800673c   0x0800673c   0x00000030   Code   RO         6888    i._ZN41_INTERNAL_19_SentryDownCloud_cpp_819a63d126copy_cloud_param_to_backupEP9softcloud  sentrydowncloud.o
    0x0800676c   0x0800676c   0x0000002c   Code   RO         1648    i._ZN41_INTERNAL_19_stm32f4xx_hal_dma_c_c25f65ec13DMA_SetConfigEP19__DMA_HandleTypeDefjjj  stm32f4xx_hal_dma.o
    0x08006798   0x08006798   0x000000aa   Code   RO         1649    i._ZN41_INTERNAL_19_stm32f4xx_hal_dma_c_c25f65ec18DMA_CheckFifoParamEP19__DMA_HandleTypeDef  stm32f4xx_hal_dma.o
    0x08006842   0x08006842   0x00000002   PAD
    0x08006844   0x08006844   0x00000034   Code   RO         1650    i._ZN41_INTERNAL_19_stm32f4xx_hal_dma_c_c25f65ec23DMA_CalcBaseAndBitshiftEP19__DMA_HandleTypeDef  stm32f4xx_hal_dma.o
    0x08006878   0x08006878   0x0000004c   Code   RO         2449    i._ZN41_INTERNAL_19_stm32f4xx_hal_spi_c_5e7b22bd20SPI_EndRxTransactionEP19__SPI_HandleTypeDefjj  stm32f4xx_hal_spi.o
    0x080068c4   0x080068c4   0x00000028   Code   RO         2455    i._ZN41_INTERNAL_19_stm32f4xx_hal_spi_c_5e7b22bd22SPI_EndRxTxTransactionEP19__SPI_HandleTypeDefjj  stm32f4xx_hal_spi.o
    0x080068ec   0x080068ec   0x000000a8   Code   RO         2458    i._ZN41_INTERNAL_19_stm32f4xx_hal_spi_c_5e7b22bd29SPI_WaitFlagStateUntilTimeoutEP19__SPI_HandleTypeDefj10FlagStatusjj  stm32f4xx_hal_spi.o
    0x08006994   0x08006994   0x00000050   Code   RO         3912    i._ZN42_INTERNAL_20_stm32f4xx_hal_uart_c_d497114f13UART_DMAErrorEP19__DMA_HandleTypeDef  stm32f4xx_hal_uart.o
    0x080069e4   0x080069e4   0x00000368   Code   RO         3913    i._ZN42_INTERNAL_20_stm32f4xx_hal_uart_c_d497114f14UART_SetConfigEP20__UART_HandleTypeDef  stm32f4xx_hal_uart.o
    0x08006d4c   0x08006d4c   0x000000a6   Code   RO         3914    i._ZN42_INTERNAL_20_stm32f4xx_hal_uart_c_d497114f15UART_Receive_ITEP20__UART_HandleTypeDef  stm32f4xx_hal_uart.o
    0x08006df2   0x08006df2   0x00000068   Code   RO         3915    i._ZN42_INTERNAL_20_stm32f4xx_hal_uart_c_d497114f16UART_Transmit_ITEP20__UART_HandleTypeDef  stm32f4xx_hal_uart.o
    0x08006e5a   0x08006e5a   0x0000000e   Code   RO         3916    i._ZN42_INTERNAL_20_stm32f4xx_hal_uart_c_d497114f18UART_DMARxHalfCpltEP19__DMA_HandleTypeDef  stm32f4xx_hal_uart.o
    0x08006e68   0x08006e68   0x0000000e   Code   RO         3917    i._ZN42_INTERNAL_20_stm32f4xx_hal_uart_c_d497114f18UART_DMATxHalfCpltEP19__DMA_HandleTypeDef  stm32f4xx_hal_uart.o
    0x08006e76   0x08006e76   0x00000020   Code   RO         3918    i._ZN42_INTERNAL_20_stm32f4xx_hal_uart_c_d497114f18UART_EndRxTransferEP20__UART_HandleTypeDef  stm32f4xx_hal_uart.o
    0x08006e96   0x08006e96   0x00000014   Code   RO         3919    i._ZN42_INTERNAL_20_stm32f4xx_hal_uart_c_d497114f18UART_EndTxTransferEP20__UART_HandleTypeDef  stm32f4xx_hal_uart.o
    0x08006eaa   0x08006eaa   0x00000046   Code   RO         3920    i._ZN42_INTERNAL_20_stm32f4xx_hal_uart_c_d497114f19UART_DMAReceiveCpltEP19__DMA_HandleTypeDef  stm32f4xx_hal_uart.o
    0x08006ef0   0x08006ef0   0x00000020   Code   RO         3921    i._ZN42_INTERNAL_20_stm32f4xx_hal_uart_c_d497114f19UART_EndTransmit_ITEP20__UART_HandleTypeDef  stm32f4xx_hal_uart.o
    0x08006f10   0x08006f10   0x00000014   Code   RO         3922    i._ZN42_INTERNAL_20_stm32f4xx_hal_uart_c_d497114f20UART_DMAAbortOnErrorEP19__DMA_HandleTypeDef  stm32f4xx_hal_uart.o
    0x08006f24   0x08006f24   0x00000036   Code   RO         3923    i._ZN42_INTERNAL_20_stm32f4xx_hal_uart_c_d497114f20UART_DMATransmitCpltEP19__DMA_HandleTypeDef  stm32f4xx_hal_uart.o
    0x08006f5a   0x08006f5a   0x00000018   Code   RO         3927    i._ZN42_INTERNAL_20_stm32f4xx_hal_uart_c_d497114f27UART_DMATxOnlyAbortCallbackEP19__DMA_HandleTypeDef  stm32f4xx_hal_uart.o
    0x08006f72   0x08006f72   0x00000002   PAD
    0x08006f74   0x08006f74   0x00000028   Code   RO         1972    i._ZN44_INTERNAL_22_stm32f4xx_hal_cortex_c_2992dbc018__NVIC_SetPriorityE9IRQn_Typej  stm32f4xx_hal_cortex.o
    0x08006f9c   0x08006f9c   0x00000010   Code   RO         1973    i._ZN44_INTERNAL_22_stm32f4xx_hal_cortex_c_2992dbc026__NVIC_GetPriorityGroupingEv  stm32f4xx_hal_cortex.o
    0x08006fac   0x08006fac   0x00000072   Code   RO         7439    i._ZN5cloud12Position_RunEv  bsp_motor.o
    0x0800701e   0x0800701e   0x00000002   PAD
    0x08007020   0x08007020   0x00000048   Code   RO         7440    i._ZN5cloud13InsertCurrentEv  bsp_motor.o
    0x08007068   0x08007068   0x000000e0   Code   RO         7442    i._ZN5cloud14Gyro_Speed_RunEv  bsp_motor.o
    0x08007148   0x08007148   0x00000074   Code   RO         7445    i._ZN5cloud17Gyro_Position_RunEv  bsp_motor.o
    0x080071bc   0x080071bc   0x00000060   Code   RO         7447    i._ZN5cloud6HandleEv  bsp_motor.o
    0x0800721c   0x0800721c   0x000000f0   Code   RO         7448    i._ZN5cloud6updateEPh  bsp_motor.o
    0x0800730c   0x0800730c   0x00000014   Code   RO         7449    i._ZN5cloud8Safe_SetEv  bsp_motor.o
    0x08007320   0x08007320   0x000000d4   Code   RO         7451    i._ZN5cloud9Speed_RunEv  bsp_motor.o
    0x080073f4   0x080073f4   0x0000000a   Code   RO         7452    i._ZN5cloud9Speed_SetEf  bsp_motor.o
    0x080073fe   0x080073fe   0x00000002   PAD
    0x08007400   0x08007400   0x000000a0   Code   RO         7453    i._ZN5cloudC1EhtsP11str_Motor_tP3pidS3_S3_S3_PfS4_  bsp_motor.o
    0x080074a0   0x080074a0   0x00000038   Code   RO         7455    i._ZN5motor12Position_RunEv  bsp_motor.o
    0x080074d8   0x080074d8   0x00000048   Code   RO         7456    i._ZN5motor13InsertCurrentEv  bsp_motor.o
    0x08007520   0x08007520   0x0000005c   Code   RO         7458    i._ZN5motor6HandleEv  bsp_motor.o
    0x0800757c   0x0800757c   0x00000078   Code   RO         7459    i._ZN5motor6updateEPh  bsp_motor.o
    0x080075f4   0x080075f4   0x0000001e   Code   RO         7460    i._ZN5motor8Safe_SetEv  bsp_motor.o
    0x08007612   0x08007612   0x00000002   PAD
    0x08007614   0x08007614   0x0000009c   Code   RO         7462    i._ZN5motor9Speed_RunEv  bsp_motor.o
    0x080076b0   0x080076b0   0x00000008   Code   RO         7463    i._ZN5motor9Speed_SetEs  bsp_motor.o
    0x080076b8   0x080076b8   0x00000068   Code   RO         7464    i._ZN5motorC1EhtP11str_Motor_tP3pidS3_  bsp_motor.o
    0x08007720   0x08007720   0x00000178   Code   RO         7468    i._ZN7chassis6HandleEv  bsp_motor.o
    0x08007898   0x08007898   0x00000058   Code   RO         7470    i._ZN7manager10Is_OfflineEv  bsp_motor.o
    0x080078f0   0x080078f0   0x00000002   Code   RO         7472    i._ZN7manager11UserProcessEv  bsp_motor.o
    0x080078f2   0x080078f2   0x00000002   PAD
    0x080078f4   0x080078f4   0x000001e0   Code   RO         7473    i._ZN7manager7CANSendEv  bsp_motor.o
    0x08007ad4   0x08007ad4   0x00000014   Code   RO         7474    i._ZN7manager9CANSelectEP19__CAN_HandleTypeDefS1_  bsp_motor.o
    0x08007ae8   0x08007ae8   0x00000090   Code   RO         7475    i._ZN7manager9CANUpdateEP19__CAN_HandleTypeDefP19CAN_RxHeaderTypeDefPh  bsp_motor.o
    0x08007b78   0x08007b78   0x00000010   Code   RO         7838    i._ZN7managerC2Ev   bsp_motor.o
    0x08007b88   0x08007b88   0x0000000e   Code   RO         7323    i._ZN8AmmoFeed13Free_Once_SetEis  app_ammofeed.o
    0x08007b96   0x08007b96   0x000000b0   Code   RO         7324    i._ZN8AmmoFeed16Blocked_ReactionEv  app_ammofeed.o
    0x08007c46   0x08007c46   0x00000002   PAD
    0x08007c48   0x08007c48   0x00000034   Code   RO         7325    i._ZN8AmmoFeed5BurstEv  app_ammofeed.o
    0x08007c7c   0x08007c7c   0x00000070   Code   RO         7326    i._ZN8AmmoFeed6HandleEv  app_ammofeed.o
    0x08007cec   0x08007cec   0x00000016   Code   RO         7327    i._ZN8AmmoFeed8Safe_SetEv  app_ammofeed.o
    0x08007d02   0x08007d02   0x00000002   PAD
    0x08007d04   0x08007d04   0x0000014c   Code   RO         7328    i._ZN8AmmoFeed8Step_RunEv  app_ammofeed.o
    0x08007e50   0x08007e50   0x00000022   Code   RO         7330    i._ZN8AmmoFeed9Free_FireEv  app_ammofeed.o
    0x08007e72   0x08007e72   0x00000002   PAD
    0x08007e74   0x08007e74   0x00000080   Code   RO         7331    i._ZN8AmmoFeed9Free_OnceEv  app_ammofeed.o
    0x08007ef4   0x08007ef4   0x000000a0   Code   RO         7089    i._ZN8AmmoFeedC1EhtP11str_Motor_thaP3pidS3_  sentrydowncloud.o
    0x08007f94   0x08007f94   0x0000001c   Code   RO         6213    i._ZN8app_Mode3RunEv  app_mode.o
    0x08007fb0   0x08007fb0   0x0000001c   Code   RO         6214    i._ZN8app_Mode4ExitEv  app_mode.o
    0x08007fcc   0x08007fcc   0x0000001c   Code   RO         6215    i._ZN8app_Mode5EnterEv  app_mode.o
    0x08007fe8   0x08007fe8   0x0000000e   Code   RO         7077    i._ZN8app_ModeC1EPFvvES1_S1_  sentrydowncloud.o
    0x08007ff6   0x08007ff6   0x00000002   PAD
    0x08007ff8   0x08007ff8   0x000000f8   Code   RO         7476    i._ZN9softcloud12Position_RunEv  bsp_motor.o
    0x080080f0   0x080080f0   0x00000060   Code   RO         7477    i._ZN9softcloud6HandleEv  bsp_motor.o
    0x08008150   0x08008150   0x000001cc   Code   RO         7478    i._ZN9softcloud6updateEPh  bsp_motor.o
    0x0800831c   0x0800831c   0x00000036   Code   RO         7479    i._ZN9softcloud9Angle_SetEf  bsp_motor.o
    0x08008352   0x08008352   0x00000002   PAD
    0x08008354   0x08008354   0x00000048   Code   RO         7071    i._ZN9softcloudC1EhtsP11str_Motor_tP3pidS3_S3_S3_PfS4_  sentrydowncloud.o
    0x0800839c   0x0800839c   0x0000004c   Code   RO         7480    i._ZN9softmotor12Enable_BlockEttt  bsp_motor.o
    0x080083e8   0x080083e8   0x00000072   Code   RO         7481    i._ZN9softmotor12Position_RunEv  bsp_motor.o
    0x0800845a   0x0800845a   0x00000002   PAD
    0x0800845c   0x0800845c   0x00000124   Code   RO         7484    i._ZN9softmotor6updateEPh  bsp_motor.o
    0x08008580   0x08008580   0x00000084   Code   RO         7485    i._ZN9softmotor9Angle_SetEf  bsp_motor.o
    0x08008604   0x08008604   0x00000018   Code   RO         7826    i._ZSt3expf         bsp_motor.o
    0x0800861c   0x0800861c   0x00000020   Code   RO         6022    i._ZSt5atan2ff      app_imu.o
    0x0800863c   0x0800863c   0x00000016   Code   RO         7879    i._Znwj             bsp_universe.o
    0x08008652   0x08008652   0x00000026   Code   RO         8365    i.__ARM_fpclassifyf  m_wm.l(fpclassifyf.o)
    0x08008678   0x08008678   0x00000006   Code   RO         7957    i.__cxa_pure_virtual  cpprt_w.l(pure_virt.o)
    0x0800867e   0x0800867e   0x00000002   PAD
    0x08008680   0x08008680   0x0000012c   Code   RO         8088    i.__hardfp_asinf    m_wm.l(asinf.o)
    0x080087ac   0x080087ac   0x00000250   Code   RO         8100    i.__hardfp_atan2f   m_wm.l(atan2f.o)
    0x080089fc   0x080089fc   0x00000150   Code   RO         8112    i.__hardfp_cosf     m_wm.l(cosf.o)
    0x08008b4c   0x08008b4c   0x00000098   Code   RO         8124    i.__hardfp_coshf    m_wm.l(coshf.o)
    0x08008be4   0x08008be4   0x000001e8   Code   RO         8136    i.__hardfp_expf     m_wm.l(expf.o)
    0x08008dcc   0x08008dcc   0x00000070   Code   RO         8150    i.__hardfp_floorf   m_wm.l(floorf.o)
    0x08008e3c   0x08008e3c   0x00000190   Code   RO         8156    i.__hardfp_sinf     m_wm.l(sinf.o)
    0x08008fcc   0x08008fcc   0x0000003a   Code   RO         8168    i.__hardfp_sqrtf    m_wm.l(sqrtf.o)
    0x08009006   0x08009006   0x00000002   PAD
    0x08009008   0x08009008   0x0000017c   Code   RO         8180    i.__hardfp_tanf     m_wm.l(tanf.o)
    0x08009184   0x08009184   0x00000006   Code   RO         8368    i.__mathlib_flt_infnan  m_wm.l(funder.o)
    0x0800918a   0x0800918a   0x00000006   Code   RO         8369    i.__mathlib_flt_infnan2  m_wm.l(funder.o)
    0x08009190   0x08009190   0x00000010   Code   RO         8370    i.__mathlib_flt_invalid  m_wm.l(funder.o)
    0x080091a0   0x080091a0   0x00000010   Code   RO         8371    i.__mathlib_flt_overflow  m_wm.l(funder.o)
    0x080091b0   0x080091b0   0x00000010   Code   RO         8373    i.__mathlib_flt_underflow  m_wm.l(funder.o)
    0x080091c0   0x080091c0   0x00000154   Code   RO         8381    i.__mathlib_rredf2  m_wm.l(rredf.o)
    0x08009314   0x08009314   0x00000018   Code   RO         6381    i.__sti___14_app_vision_cpp_VisionRx  app_vision.o
    0x0800932c   0x0800932c   0x00000094   Code   RO         6889    i.__sti___19_SentryDownCloud_cpp_819a63d1  sentrydowncloud.o
    0x080093c0   0x080093c0   0x0000002c   Code   RO         7208    i.__sti___24_SentryDownCloudLogic_cpp_5e978f0a  sentrydowncloudlogic.o
    0x080093ec   0x080093ec   0x00000038   Code   RO           16    i.main              main.o
    0x08009424   0x08009424   0x0000000e   Code   RO         5107    i.makeFreeRtosPriority  cmsis_os.o
    0x08009432   0x08009432   0x00000018   Code   RO         5109    i.osDelay           cmsis_os.o
    0x0800944a   0x0800944a   0x0000000a   Code   RO         5112    i.osKernelStart     cmsis_os.o
    0x08009454   0x08009454   0x00000030   Code   RO         5146    i.osThreadCreate    cmsis_os.o
    0x08009484   0x08009484   0x0000000e   Code   RO         5155    i.osThreadTerminate  cmsis_os.o
    0x08009492   0x08009492   0x00000002   PAD
    0x08009494   0x08009494   0x00000098   Code   RO         4782    i.prvAddCurrentTaskToDelayedList  tasks.o
    0x0800952c   0x0800952c   0x000000b4   Code   RO         4783    i.prvAddNewTaskToReadyList  tasks.o
    0x080095e0   0x080095e0   0x00000048   Code   RO         4784    i.prvCheckTasksWaitingTermination  tasks.o
    0x08009628   0x08009628   0x00000012   Code   RO         4785    i.prvDeleteTCB      tasks.o
    0x0800963a   0x0800963a   0x00000014   Code   RO         4474    i.prvGetDisinheritPriorityAfterTimeout  queue.o
    0x0800964e   0x0800964e   0x00000002   PAD
    0x08009650   0x08009650   0x0000007c   Code   RO         5477    i.prvHeapInit       heap_4.o
    0x080096cc   0x080096cc   0x00000028   Code   RO         4786    i.prvIdleTask       tasks.o
    0x080096f4   0x080096f4   0x000000b4   Code   RO         4787    i.prvInitialiseNewTask  tasks.o
    0x080097a8   0x080097a8   0x00000068   Code   RO         4788    i.prvInitialiseTaskLists  tasks.o
    0x08009810   0x08009810   0x00000068   Code   RO         5478    i.prvInsertBlockIntoFreeList  heap_4.o
    0x08009878   0x08009878   0x0000001a   Code   RO         4477    i.prvIsQueueEmpty   queue.o
    0x08009892   0x08009892   0x00000002   PAD
    0x08009894   0x08009894   0x00000034   Code   RO         4789    i.prvResetNextTaskUnblockTime  tasks.o
    0x080098c8   0x080098c8   0x00000016   Code   RO         4790    i.prvTaskCheckFreeStackSpace  tasks.o
    0x080098de   0x080098de   0x00000002   PAD
    0x080098e0   0x080098e0   0x00000040   Code   RO         5540    i.prvTaskExitError  port.o
    0x08009920   0x08009920   0x0000007e   Code   RO         4479    i.prvUnlockQueue    queue.o
    0x0800999e   0x0800999e   0x00000002   PAD
    0x080099a0   0x080099a0   0x0000013c   Code   RO         5479    i.pvPortMalloc      heap_4.o
    0x08009adc   0x08009adc   0x00000020   Code   RO         4792    i.pvTaskIncrementMutexHeldCount  tasks.o
    0x08009afc   0x08009afc   0x0000002c   Code   RO         5541    i.pxPortInitialiseStack  port.o
    0x08009b28   0x08009b28   0x0000003e   Code   RO         8170    i.sqrtf             m_wm.l(sqrtf.o)
    0x08009b66   0x08009b66   0x00000028   Code   RO         4432    i.uxListRemove      list.o
    0x08009b8e   0x08009b8e   0x00000002   PAD
    0x08009b90   0x08009b90   0x00000028   Code   RO         4795    i.uxTaskGetStackHighWaterMark  tasks.o
    0x08009bb8   0x08009bb8   0x0000001a   Code   RO         4433    i.vListInitialise   list.o
    0x08009bd2   0x08009bd2   0x00000006   Code   RO         4434    i.vListInitialiseItem  list.o
    0x08009bd8   0x08009bd8   0x00000034   Code   RO         4435    i.vListInsert       list.o
    0x08009c0c   0x08009c0c   0x00000018   Code   RO         4436    i.vListInsertEnd    list.o
    0x08009c24   0x08009c24   0x00000054   Code   RO         5543    i.vPortEnterCritical  port.o
    0x08009c78   0x08009c78   0x0000003c   Code   RO         5544    i.vPortExitCritical  port.o
    0x08009cb4   0x08009cb4   0x00000094   Code   RO         5480    i.vPortFree         heap_4.o
    0x08009d48   0x08009d48   0x00000028   Code   RO         5545    i.vPortSetupTimerInterrupt  port.o
    0x08009d70   0x08009d70   0x00000078   Code   RO         5546    i.vPortValidateInterruptPriority  port.o
    0x08009de8   0x08009de8   0x0000005c   Code   RO         4799    i.vTaskDelay        tasks.o
    0x08009e44   0x08009e44   0x000000d4   Code   RO         4800    i.vTaskDelayUntil   tasks.o
    0x08009f18   0x08009f18   0x000000f4   Code   RO         4801    i.vTaskDelete       tasks.o
    0x0800a00c   0x0800a00c   0x00000018   Code   RO         4803    i.vTaskInternalSetTimeOutState  tasks.o
    0x0800a024   0x0800a024   0x0000000c   Code   RO         4804    i.vTaskMissedYield  tasks.o
    0x0800a030   0x0800a030   0x00000038   Code   RO         4806    i.vTaskPlaceOnEventList  tasks.o
    0x0800a068   0x0800a068   0x000000f4   Code   RO         4808    i.vTaskPriorityDisinheritAfterTimeout  tasks.o
    0x0800a15c   0x0800a15c   0x00000088   Code   RO         4813    i.vTaskStartScheduler  tasks.o
    0x0800a1e4   0x0800a1e4   0x00000010   Code   RO         4815    i.vTaskSuspendAll   tasks.o
    0x0800a1f4   0x0800a1f4   0x0000008c   Code   RO         4816    i.vTaskSwitchContext  tasks.o
    0x0800a280   0x0800a280   0x00000168   Code   RO         5547    i.xPortStartScheduler  port.o
    0x0800a3e8   0x0800a3e8   0x000000e0   Code   RO         4491    i.xQueueGiveFromISR  queue.o
    0x0800a4c8   0x0800a4c8   0x000001b8   Code   RO         4498    i.xQueueSemaphoreTake  queue.o
    0x0800a680   0x0800a680   0x0000008c   Code   RO         4817    i.xTaskCheckForTimeOut  tasks.o
    0x0800a70c   0x0800a70c   0x00000060   Code   RO         4818    i.xTaskCreate       tasks.o
    0x0800a76c   0x0800a76c   0x00000020   Code   RO         4822    i.xTaskGetSchedulerState  tasks.o
    0x0800a78c   0x0800a78c   0x0000000c   Code   RO         4823    i.xTaskGetTickCount  tasks.o
    0x0800a798   0x0800a798   0x00000148   Code   RO         4825    i.xTaskIncrementTick  tasks.o
    0x0800a8e0   0x0800a8e0   0x000000c8   Code   RO         4829    i.xTaskPriorityInherit  tasks.o
    0x0800a9a8   0x0800a9a8   0x00000098   Code   RO         4830    i.xTaskRemoveFromEventList  tasks.o
    0x0800aa40   0x0800aa40   0x00000104   Code   RO         4831    i.xTaskResumeAll    tasks.o
    0x0800ab44   0x0800ab44   0x00000062   Code   RO         8066    x$fpl$d2f           fz_wm.l(d2f.o)
    0x0800aba6   0x0800aba6   0x00000002   PAD
    0x0800aba8   0x0800aba8   0x00000150   Code   RO         8068    x$fpl$dadd          fz_wm.l(daddsub_clz.o)
    0x0800acf8   0x0800acf8   0x000002b0   Code   RO         8075    x$fpl$ddiv          fz_wm.l(ddiv.o)
    0x0800afa8   0x0800afa8   0x0000002e   Code   RO         8079    x$fpl$dflt          fz_wm.l(dflt_clz.o)
    0x0800afd6   0x0800afd6   0x00000026   Code   RO         8078    x$fpl$dfltu         fz_wm.l(dflt_clz.o)
    0x0800affc   0x0800affc   0x00000154   Code   RO         8084    x$fpl$dmul          fz_wm.l(dmul.o)
    0x0800b150   0x0800b150   0x0000009c   Code   RO         8352    x$fpl$dnaninf       fz_wm.l(dnaninf.o)
    0x0800b1ec   0x0800b1ec   0x0000000c   Code   RO         8354    x$fpl$dretinf       fz_wm.l(dretinf.o)
    0x0800b1f8   0x0800b1f8   0x000001d4   Code   RO         8070    x$fpl$dsub          fz_wm.l(daddsub_clz.o)
    0x0800b3cc   0x0800b3cc   0x00000056   Code   RO         8086    x$fpl$f2d           fz_wm.l(f2d.o)
    0x0800b422   0x0800b422   0x0000008c   Code   RO         8356    x$fpl$fnaninf       fz_wm.l(fnaninf.o)
    0x0800b4ae   0x0800b4ae   0x0000000a   Code   RO         8442    x$fpl$fpinit        fz_wm.l(fpinit.o)
    0x0800b4b8   0x0800b4b8   0x0000000a   Code   RO         8358    x$fpl$fretinf       fz_wm.l(fretinf.o)
    0x0800b4c2   0x0800b4c2   0x00000000   Code   RO         8364    x$fpl$usenofp       fz_wm.l(usenofp.o)
    0x0800b4c2   0x0800b4c2   0x00000002   PAD
    0x0800b4c4   0x0800b4c4   0x00000014   Data   RO          471    .constdata          freertos.o
    0x0800b4d8   0x0800b4d8   0x00000008   Data   RO         1666    .constdata          stm32f4xx_hal_dma.o
    0x0800b4e0   0x0800b4e0   0x00000018   Data   RO         4264    .constdata          system_stm32f4xx.o
    0x0800b4f8   0x0800b4f8   0x00000024   Data   RO         5980    .constdata          app_imu.o
    0x0800b51c   0x0800b51c   0x00000030   Data   RO         8139    .constdata          m_wm.l(expf.o)
    0x0800b54c   0x0800b54c   0x00000020   Data   RO         8382    .constdata          m_wm.l(rredf.o)
    0x0800b56c   0x0800b56c   0x00000020   Data   RO         7823    .constdata__ZTV5cloud  bsp_motor.o
    0x0800b58c   0x0800b58c   0x00000028   Data   RO         7819    .constdata__ZTV5motor  bsp_motor.o
    0x0800b5b4   0x0800b5b4   0x00000014   Data   RO         7842    .constdata__ZTV7manager  bsp_motor.o
    0x0800b5c8   0x0800b5c8   0x0000002c   Data   RO         7401    .constdata__ZTV8AmmoFeed  app_ammofeed.o
    0x0800b5f4   0x0800b5f4   0x00000020   Data   RO         7825    .constdata__ZTV9softcloud  bsp_motor.o
    0x0800b614   0x0800b614   0x00000028   Data   RO         7821    .constdata__ZTV9softmotor  bsp_motor.o
    0x0800b63c   0x0800b63c   0x0000000c   Data   RO          472    .conststring        freertos.o
    0x0800b648   0x0800b648   0x00000020   Data   RO         8694    Region$$Table       anon$$obj.o
    0x0800b668   0x0800b668   0x00000004   Data   RO         6413    .init_array         app_vision.o
    0x0800b66c   0x0800b668   0x00000004   Data   RO         6924    .init_array         sentrydowncloud.o
    0x0800b670   0x0800b668   0x00000004   Data   RO         7215    .init_array         sentrydowncloudlogic.o
    0x0800b674   0x0800b668   0x00000000   Data   RO         7952    .init_array         c_w.l(init_aeabi.o)


    Execution Region RW_IRAM2 (Exec base: 0x10000000, Load base: 0x0800b6d8, Size: 0x00000000, Max: 0x00010000, ABSOLUTE)

    **** No section assigned to this execution region ****


    Execution Region RW_IRAM1 (Exec base: 0x20000000, Load base: 0x0800b674, Size: 0x0000b698, Max: 0x00020000, ABSOLUTE, COMPRESSED[0x00000064])

    Exec Addr    Load Addr    Size         Type   Attr      Idx    E Section Name        Object

    0x20000000   COMPRESSED   0x00000004   Data   RW          398    .data               can.o
    0x20000004   COMPRESSED   0x00000004   Data   RW          473    .data               freertos.o
    0x20000008   COMPRESSED   0x00000009   Data   RW         2168    .data               stm32f4xx_hal.o
    0x20000011   COMPRESSED   0x00000003   PAD
    0x20000014   COMPRESSED   0x00000004   Data   RW         4265    .data               system_stm32f4xx.o
    0x20000018   COMPRESSED   0x0000003c   Data   RW         4834    .data               tasks.o
    0x20000054   COMPRESSED   0x00000018   Data   RW         5485    .data               heap_4.o
    0x2000006c   COMPRESSED   0x0000000c   Data   RW         5548    .data               port.o
    0x20000078   COMPRESSED   0x00000001   Data   RW         5730    .data               bsp_spi.o
    0x20000079   COMPRESSED   0x00000003   PAD
    0x2000007c   COMPRESSED   0x0000009e   Data   RW         5981    .data               app_imu.o
    0x2000011a   COMPRESSED   0x00000002   PAD
    0x2000011c   COMPRESSED   0x0000000c   Data   RW         6412    .data               app_vision.o
    0x20000128   COMPRESSED   0x0000006c   Data   RW         6923    .data               sentrydowncloud.o
    0x20000194   COMPRESSED   0x00000008   Data   RW         7214    .data               sentrydowncloudlogic.o
    0x2000019c   COMPRESSED   0x00000019   Data   RW         7270    .data               task_sentrydowncloud.o
    0x200001b5   COMPRESSED   0x00000003   PAD
    0x200001b8   COMPRESSED   0x00000011   Data   RW         7342    .data               app_ammofeed.o
    0x200001c9   COMPRESSED   0x00000003   PAD
    0x200001cc   COMPRESSED   0x00000014   Data   RW         7547    .data               bsp_motor.o
    0x200001e0        -       0x00000050   Zero   RW          397    .bss                can.o
    0x20000230        -       0x00000058   Zero   RW          518    .bss                spi.o
    0x20000288        -       0x00000120   Zero   RW          567    .bss                usart.o
    0x200003a8        -       0x00000040   Zero   RW          761    .bss                stm32f4xx_hal_timebase_tim.o
    0x200003e8        -       0x000000f0   Zero   RW         4833    .bss                tasks.o
    0x200004d8        -       0x00003c00   Zero   RW         5484    .bss                heap_4.o
    0x200040d8        -       0x00005fb0   Zero   RW         5979    .bss                app_imu.o
    0x2000a088        -       0x00000294   Zero   RW         6274    .bss                app_check.o
    0x2000a31c        -       0x0000010a   Zero   RW         6411    .bss                app_vision.o
    0x2000a426   COMPRESSED   0x00000002   PAD
    0x2000a428        -       0x00000128   Zero   RW         6625    .bss                sentry_can_commom.o
    0x2000a550        -       0x00000a24   Zero   RW         6922    .bss                sentrydowncloud.o
    0x2000af74        -       0x0000001c   Zero   RW         7141    .bss                sentrydowncloudcan.o
    0x2000af90        -       0x00000020   Zero   RW         7213    .bss                sentrydowncloudlogic.o
    0x2000afb0        -       0x00000086   Zero   RW         7546    .bss                bsp_motor.o
    0x2000b036   COMPRESSED   0x00000002   PAD
    0x2000b038        -       0x00000060   Zero   RW         8447    .bss                c_w.l(libspace.o)
    0x2000b098        -       0x00000200   Zero   RW            2    HEAP                startup_stm32f405xx.o
    0x2000b298        -       0x00000400   Zero   RW            1    STACK               startup_stm32f405xx.o


==============================================================================

Image component sizes


      Code (inc. data)   RO Data    RW Data    ZI Data      Debug   Object Name

       870         34         44         17          0       7319   app_ammofeed.o
       380         32          0          0        660       5435   app_check.o
      5972        460         36        158      24496      14081   app_imu.o
       574         22          0          0          0       6190   app_math.o
        84          0          0          0          0       2332   app_mode.o
      1172        110          4         12        266      16157   app_vision.o
        98          0          0          0          0     527574   bsp_can.o
        92         10          0          0          0       1851   bsp_icm20602.o
      5456        278        164         20        134      35546   bsp_motor.o
       356         26          0          1          0       3012   bsp_spi.o
        22          0          0          0          0        635   bsp_universe.o
       496         42          0          4         80       2442   can.o
       110          0          0          0          0      15127   cmsis_os.o
         0          0          0          0          0      11944   croutine.o
        56          4          0          0          0        774   dma.o
         0          0          0          0          0      12012   event_groups.o
        62         10         32          4          0       2430   freertos.o
       292         18          0          0          0     647527   gpio.o
       692         62          0         24      15360       7371   heap_4.o
       148          0          0          0          0       3606   list.o
       262         16          0          0          0     675564   main.o
      1014         92          0         12          0      12081   port.o
       836          6          0          0          0       9114   queue.o
       286         28          0          0        296       8683   sentry_can_commom.o
      3254        220          4        108       2596      33870   sentrydowncloud.o
        78          4          0          0         28       2417   sentrydowncloudcan.o
       304         52          4          8         32       3062   sentrydowncloudlogic.o
       204         24          0          0         88       1669   spi.o
        64         26        392          0       1536        848   startup_stm32f405xx.o
       136         24          0          9          0       3938   stm32f4xx_hal.o
      1748          0          0          0          0      12666   stm32f4xx_hal_can.o
       252         22          0          0          0      33726   stm32f4xx_hal_cortex.o
      1284         16          8          0          0       6885   stm32f4xx_hal_dma.o
       524         46          0          0          0       2352   stm32f4xx_hal_gpio.o
        84          6          0          0          0        866   stm32f4xx_hal_msp.o
      1800         94          0          0          0       6249   stm32f4xx_hal_rcc.o
      1752          0          0          0          0       7686   stm32f4xx_hal_spi.o
       726         46          0          0          0       6406   stm32f4xx_hal_tim.o
         4          0          0          0          0       1609   stm32f4xx_hal_tim_ex.o
       140         18          0          0         64       1488   stm32f4xx_hal_timebase_tim.o
      2528         44          0          0          0      16073   stm32f4xx_hal_uart.o
       100         30          0          0          0       5263   stm32f4xx_it.o
       100         18         24          4          0       1195   system_stm32f4xx.o
       472        132          0         25          0       3296   task_sentrydowncloud.o
      3288        426          0         60        240      27033   tasks.o
       684         72          0          0        288       3157   usart.o

    ----------------------------------------------------------------------
     38934       2570        744        480      46168    2210561   Object Totals
         0          0         32          0          0          0   (incl. Generated)
        78          0          0         14          4          0   (incl. Padding)

    ----------------------------------------------------------------------

      Code (inc. data)   RO Data    RW Data    ZI Data      Debug   Library Member Name

        90          0          0          0          0          0   __dczerorl2.o
         8          0          0          0          0         68   __main.o
         0          0          0          0          0          0   __rtentry.o
        12          0          0          0          0          0   __rtentry2.o
         6          0          0          0          0          0   __rtentry4.o
        52          8          0          0          0          0   __scatter.o
        28          0          0          0          0          0   __scatter_zi.o
        22          0          0          0          0        100   _rserrno.o
        16          0          0          0          0         68   aeabi_memset.o
        10          0          0          0          0         68   defsig_exit.o
        50          0          0          0          0         88   defsig_general.o
        48         34          0          0          0         76   defsig_pvfn_inner.o
        14          0          0          0          0         80   defsig_pvfn_outer.o
        18          0          0          0          0         80   exit.o
         6          0          0          0          0        152   heapauxi.o
         0          0          0          0          0          0   indicate_semi.o
        36         10          0          0          0         80   init_aeabi.o
         2          0          0          0          0          0   libinit.o
        10          0          0          0          0          0   libinit2.o
         2          0          0          0          0          0   libshutdown.o
         2          0          0          0          0          0   libshutdown2.o
         8          4          0          0         96         68   libspace.o
       238          0          0          0          0        100   lludivv7m.o
         8          4          0          0          0         68   rt_errno_addr_intlibspace.o
        68          0          0          0          0         68   rt_memclr.o
        78          0          0          0          0         80   rt_memclr_w.o
       138          0          0          0          0         68   rt_memcpy_v6.o
       100          0          0          0          0         80   rt_memcpy_w.o
         2          0          0          0          0          0   rtexit.o
        10          0          0          0          0          0   rtexit2.o
        12          4          0          0          0         68   sys_exit.o
        74          0          0          0          0         80   sys_stackheap_outer.o
        14          0          0          0          0         76   sys_wrch.o
         2          0          0          0          0         68   use_no_semi.o
         6          0          0          0          0         68   pure_virt.o
        98          4          0          0          0        140   d2f.o
       804         16          0          0          0        368   daddsub_clz.o
       688        140          0          0          0        256   ddiv.o
        84          0          0          0          0        232   dflt_clz.o
       340         12          0          0          0        152   dmul.o
       156          4          0          0          0        140   dnaninf.o
        12          0          0          0          0        116   dretinf.o
        86          4          0          0          0        132   f2d.o
       140          4          0          0          0        132   fnaninf.o
        10          0          0          0          0        116   fpinit.o
        10          0          0          0          0        116   fretinf.o
         0          0          0          0          0          0   usenofp.o
       300         42          0          0          0        176   asinf.o
       592         90          0          0          0        184   atan2f.o
       336         56          0          0          0        136   cosf.o
       152         12          0          0          0        136   coshf.o
       488         62         48          0          0        236   expf.o
       112         14          0          0          0        116   floorf.o
        38          0          0          0          0        116   fpclassifyf.o
        60         18          0          0          0        580   funder.o
       340         24         32          0          0        160   rredf.o
       400         56          0          0          0        212   sinf.o
       120          0          0          0          0        272   sqrtf.o
       380         58          0          0          0        200   tanf.o

    ----------------------------------------------------------------------
      6950        680         80          0         96       6176   Library Totals
        14          0          0          0          0          0   (incl. Padding)

    ----------------------------------------------------------------------

      Code (inc. data)   RO Data    RW Data    ZI Data      Debug   Library Name

      1184         64          0          0         96       1684   c_w.l
         6          0          0          0          0         68   cpprt_w.l
      2428        184          0          0          0       1900   fz_wm.l
      3318        432         80          0          0       2524   m_wm.l

    ----------------------------------------------------------------------
      6950        680         80          0         96       6176   Library Totals

    ----------------------------------------------------------------------

==============================================================================


      Code (inc. data)   RO Data    RW Data    ZI Data      Debug   

     45884       3250        824        480      46264    2182401   Grand Totals
     45884       3250        824        100      46264    2182401   ELF Image Totals (compressed)
     45884       3250        824        100          0          0   ROM Totals

==============================================================================

    Total RO  Size (Code + RO Data)                46708 (  45.61kB)
    Total RW  Size (RW Data + ZI Data)             46744 (  45.65kB)
    Total ROM Size (Code + RO Data + RW Data)      46808 (  45.71kB)

==============================================================================

