Component: ARM Compiler 5.06 update 6 (build 750) Tool: armlink [4d35ed]

==============================================================================

Section Cross References

    startup_stm32f405xx.o(STACK) refers (Special) to heapauxi.o(.text) for __use_two_region_memory
    startup_stm32f405xx.o(HEAP) refers (Special) to heapauxi.o(.text) for __use_two_region_memory
    startup_stm32f405xx.o(RESET) refers (Special) to heapauxi.o(.text) for __use_two_region_memory
    startup_stm32f405xx.o(RESET) refers to startup_stm32f405xx.o(STACK) for __initial_sp
    startup_stm32f405xx.o(RESET) refers to startup_stm32f405xx.o(.text) for Reset_Handler
    startup_stm32f405xx.o(RESET) refers to stm32f4xx_it.o(i.NMI_Handler) for NMI_Handler
    startup_stm32f405xx.o(RESET) refers to stm32f4xx_it.o(i.HardFault_Handler) for HardFault_Handler
    startup_stm32f405xx.o(RESET) refers to stm32f4xx_it.o(i.MemManage_Handler) for MemManage_Handler
    startup_stm32f405xx.o(RESET) refers to stm32f4xx_it.o(i.BusFault_Handler) for BusFault_Handler
    startup_stm32f405xx.o(RESET) refers to stm32f4xx_it.o(i.UsageFault_Handler) for UsageFault_Handler
    startup_stm32f405xx.o(RESET) refers to port.o(.emb_text) for SVC_Handler
    startup_stm32f405xx.o(RESET) refers to stm32f4xx_it.o(i.DebugMon_Handler) for DebugMon_Handler
    startup_stm32f405xx.o(RESET) refers to port.o(i.SysTick_Handler) for SysTick_Handler
    startup_stm32f405xx.o(RESET) refers to stm32f4xx_it.o(i.DMA1_Stream0_IRQHandler) for DMA1_Stream0_IRQHandler
    startup_stm32f405xx.o(RESET) refers to stm32f4xx_it.o(i.DMA1_Stream1_IRQHandler) for DMA1_Stream1_IRQHandler
    startup_stm32f405xx.o(RESET) refers to stm32f4xx_it.o(i.DMA1_Stream2_IRQHandler) for DMA1_Stream2_IRQHandler
    startup_stm32f405xx.o(RESET) refers to stm32f4xx_it.o(i.DMA1_Stream3_IRQHandler) for DMA1_Stream3_IRQHandler
    startup_stm32f405xx.o(RESET) refers to stm32f4xx_it.o(i.DMA1_Stream4_IRQHandler) for DMA1_Stream4_IRQHandler
    startup_stm32f405xx.o(RESET) refers to stm32f4xx_it.o(i.CAN1_RX0_IRQHandler) for CAN1_RX0_IRQHandler
    startup_stm32f405xx.o(RESET) refers to stm32f4xx_it.o(i.USART3_IRQHandler) for USART3_IRQHandler
    startup_stm32f405xx.o(RESET) refers to stm32f4xx_it.o(i.TIM8_UP_TIM13_IRQHandler) for TIM8_UP_TIM13_IRQHandler
    startup_stm32f405xx.o(RESET) refers to stm32f4xx_it.o(i.DMA1_Stream7_IRQHandler) for DMA1_Stream7_IRQHandler
    startup_stm32f405xx.o(RESET) refers to stm32f4xx_it.o(i.UART4_IRQHandler) for UART4_IRQHandler
    startup_stm32f405xx.o(RESET) refers to stm32f4xx_it.o(i.UART5_IRQHandler) for UART5_IRQHandler
    startup_stm32f405xx.o(RESET) refers to stm32f4xx_it.o(i.TIM7_IRQHandler) for TIM7_IRQHandler
    startup_stm32f405xx.o(RESET) refers to stm32f4xx_it.o(i.CAN2_RX0_IRQHandler) for CAN2_RX0_IRQHandler
    startup_stm32f405xx.o(.text) refers (Special) to heapauxi.o(.text) for __use_two_region_memory
    startup_stm32f405xx.o(.text) refers to system_stm32f4xx.o(i.SystemInit) for SystemInit
    startup_stm32f405xx.o(.text) refers to __main.o(!!!main) for __main
    startup_stm32f405xx.o(.text) refers to startup_stm32f405xx.o(HEAP) for Heap_Mem
    startup_stm32f405xx.o(.text) refers to startup_stm32f405xx.o(STACK) for Stack_Mem
    main.o(i.HAL_TIM_PeriodElapsedCallback) refers to stm32f4xx_hal.o(i.HAL_IncTick) for HAL_IncTick
    main.o(i._Z18SystemClock_Configv) refers to stm32f4xx_hal_rcc.o(i.HAL_RCC_OscConfig) for HAL_RCC_OscConfig
    main.o(i._Z18SystemClock_Configv) refers to main.o(i.Error_Handler) for Error_Handler
    main.o(i._Z18SystemClock_Configv) refers to stm32f4xx_hal_rcc.o(i.HAL_RCC_ClockConfig) for HAL_RCC_ClockConfig
    main.o(i.main) refers to stm32f4xx_hal.o(i.HAL_Init) for HAL_Init
    main.o(i.main) refers to main.o(i._Z18SystemClock_Configv) for SystemClock_Config()
    main.o(i.main) refers to gpio.o(i.MX_GPIO_Init) for MX_GPIO_Init
    main.o(i.main) refers to dma.o(i.MX_DMA_Init) for MX_DMA_Init
    main.o(i.main) refers to can.o(i.MX_CAN1_Init) for MX_CAN1_Init
    main.o(i.main) refers to can.o(i.MX_CAN2_Init) for MX_CAN2_Init
    main.o(i.main) refers to spi.o(i.MX_SPI1_Init) for MX_SPI1_Init
    main.o(i.main) refers to tim.o(i.MX_TIM8_Init) for MX_TIM8_Init
    main.o(i.main) refers to usart.o(i.MX_UART4_Init) for MX_UART4_Init
    main.o(i.main) refers to usart.o(i.MX_UART5_Init) for MX_UART5_Init
    main.o(i.main) refers to usart.o(i.MX_USART3_UART_Init) for MX_USART3_UART_Init
    main.o(i.main) refers to i2c.o(i.MX_I2C3_Init) for MX_I2C3_Init
    main.o(i.main) refers to task_sentcha.o(i._Z8RoboInitv) for RoboInit()
    main.o(i.main) refers to segger_sysview.o(i.SEGGER_SYSVIEW_SendSysDesc) for SEGGER_SYSVIEW_SendSysDesc
    main.o(i.main) refers to segger_sysview_config_freertos.o(i.SEGGER_SYSVIEW_Conf) for SEGGER_SYSVIEW_Conf
    main.o(i.main) refers to freertos.o(i._Z16MX_FREERTOS_Initv) for MX_FREERTOS_Init()
    main.o(i.main) refers to cmsis_os.o(i.osKernelStart) for osKernelStart
[...]
    CHASSIS_PILLAR_CanTx()                   0x080055d1   Thumb Code    38  sentry_can_commom.o(i._Z20CHASSIS_PILLAR_CanTxv)
    CHASSIS_STATES_CanTx()                   0x08005605   Thumb Code    20  sentry_can_commom.o(i._Z20CHASSIS_STATES_CanTxv)
    bsp_encoder_SetValue(int)                0x08005621   Thumb Code    26  bsp_encoder.o(i._Z20bsp_encoder_SetValuei)
    bsp_icm20602_ReadReg(unsigned char)      0x08005645   Thumb Code    16  bsp_icm20602.o(i._Z20bsp_icm20602_ReadRegh)
    bsp_spi_Icm20602Init()                   0x08005655   Thumb Code   186  bsp_spi.o(i._Z20bsp_spi_Icm20602Initv)
    UP_CLOUD_STATES_CanRx(unsigned, unsigned char*) 0x08005715   Thumb Code    32  sentry_can_commom.o(i._Z21UP_CLOUD_STATES_CanRxjPh)
    app_check_RefreshList()                  0x08005739   Thumb Code    28  app_check.o(i._Z21app_check_RefreshListv)
    bsp_icm20602_ReadRegs(unsigned char, unsigned char*, unsigned char) 0x08005759   Thumb Code    66  bsp_icm20602.o(i._Z21bsp_icm20602_ReadRegshPhh)
    ChassisCanCommuRoutine()                 0x080057a5   Thumb Code    42  sentry_can_commom.o(i._Z22ChassisCanCommuRoutinev)
    app_check_EnableDevice(__app_check_device_id, unsigned) 0x080057d9   Thumb Code    24  app_check.o(i._Z22app_check_EnableDevice21__app_check_device_idj)
    bsp_GY53L1_Object_Init(bsp_GY53L1_Object*, __UART_HandleTypeDef*) 0x080057f5   Thumb Code    82  bsp_gy53l1.o(i._Z22bsp_GY53L1_Object_InitP17bsp_GY53L1_ObjectP20__UART_HandleTypeDef)
    DOWN_CLOUD_STATES_CanRx(unsigned, unsigned char*) 0x08005849   Thumb Code    34  sentry_can_commom.o(i._Z23DOWN_CLOUD_STATES_CanRxjPh)
    bsp_Current_StartRead_IT(unsigned char)  0x08005871   Thumb Code     4  bsp_current.o(i._Z24bsp_Current_StartRead_ITh)
    CHASSIS_SUPERIOR_ALL_CanRx(unsigned, unsigned char*) 0x08005875   Thumb Code    50  sentry_can_commom.o(i._Z26CHASSIS_SUPERIOR_ALL_CanRxjPh)
    app_check_SignDeviceTickTo(__app_check_device_id, unsigned*) 0x080058a9   Thumb Code    14  app_check.o(i._Z26app_check_SignDeviceTickTo21__app_check_device_idPj)
    bsp_Current_Read_IT_RxCplt(unsigned char) 0x080058c1   Thumb Code   206  bsp_current.o(i._Z26bsp_Current_Read_IT_RxCplth)
    SUPERIOR_CHASSIS_MOVE_CanRx(unsigned, unsigned char*) 0x080059b5   Thumb Code    36  sentry_can_commom.o(i._Z27SUPERIOR_CHASSIS_MOVE_CanRxjPh)
    app_math_LPF2pSetCutoffFreq(LPF2*, float, float) 0x080059dd   Thumb Code   160  app_math.o(i._Z27app_math_LPF2pSetCutoffFreqP4LPF2ff)
    bsp_GY53L1_Object_SendCommand(bsp_GY53L1_Object*, Gy53l1_UartCommand) 0x08005a85   Thumb Code    32  bsp_gy53l1.o(i._Z29bsp_GY53L1_Object_SendCommandP17bsp_GY53L1_Object18Gy53l1_UartCommand)
    SUPERIOR_CHASSIS_SET_LOACTION_CanRx(unsigned, unsigned char*) 0x08005aa5   Thumb Code    38  sentry_can_commom.o(i._Z35SUPERIOR_CHASSIS_SET_LOACTION_CanRxjPh)
    CanRxCpltCallBack_ChassisCommuUpdata(__CAN_HandleTypeDef*, CAN_RxHeaderTypeDef*, unsigned char*) 0x08005ad1   Thumb Code    34  sentry_can_commom.o(i._Z36CanRxCpltCallBack_ChassisCommuUpdataP19__CAN_HandleTypeDefP19CAN_RxHeaderTypeDefPh)
    bsp_GY53L1_Object_Idle_RxCpltCallback(bsp_GY53L1_Object*) 0x08005af3   Thumb Code    34  bsp_gy53l1.o(i._Z37bsp_GY53L1_Object_Idle_RxCpltCallbackP17bsp_GY53L1_Object)
    SUPERIOR_CHASSIS_SET_LOACTION_LIMIT_SPEED_CanRx(unsigned, unsigned char*) 0x08005b15   Thumb Code    36  sentry_can_commom.o(i._Z47SUPERIOR_CHASSIS_SET_LOACTION_LIMIT_SPEED_CanRxjPh)
    RoboInit()                               0x08005b3d   Thumb Code    74  task_sentcha.o(i._Z8RoboInitv)
    task_Led(void*)                          0x08005b9d   Thumb Code    22  task_sentcha.o(i._Z8task_LedPv)
    Automonus()                              0x08005bb9   Thumb Code    28  sentrychassislogic.o(i._Z9Automonusv)
    task_Main(void*)                         0x08005bdd   Thumb Code    88  task_sentcha.o(i._Z9task_MainPv)
    block_type::Block_Check()                0x08005cbd   Thumb Code   126  bsp_motor.o(i._ZN10block_type11Block_CheckEv)
    SentryChassis::CanSendHandle()           0x08005d3b   Thumb Code   100  sentrychassis.o(i._ZN13SentryChassis13CanSendHandleEv)
    SentryChassis::MotorSpeed_Set(float)     0x08005da1   Thumb Code    40  sentrychassis.o(i._ZN13SentryChassis14MotorSpeed_SetEf)
    SentryChassis::PowerFeedbackSystem(float, float, float) 0x08005dcd   Thumb Code   204  sentrychassis.o(i._ZN13SentryChassis19PowerFeedbackSystemEfff)
    SentryChassis::MotorSoftLocation_Set(float) 0x08005ea1   Thumb Code    30  sentrychassis.o(i._ZN13SentryChassis21MotorSoftLocation_SetEf)
    SentryChassis::LocationSpeedDataMultiplexer() 0x08005ec5   Thumb Code   108  sentrychassis.o(i._ZN13SentryChassis28LocationSpeedDataMultiplexerEv)
    SentryChassis::MotorSoftLocation_LimitSpeed_Set(float, float) 0x08005f3d   Thumb Code    32  sentrychassis.o(i._ZN13SentryChassis32MotorSoftLocation_LimitSpeed_SetEff)
    SentryChassis::Handle()                  0x08005f5d   Thumb Code   364  sentrychassis.o(i._ZN13SentryChassis6HandleEv)
    SentryChassis::Safe_Set()                0x080060e9   Thumb Code    22  sentrychassis.o(i._ZN13SentryChassis8Safe_SetEv)
    SentryChassis::SentryChassis(unsigned char, unsigned short) 0x08006101   Thumb Code   296  sentrychassis.o(i._ZN13SentryChassisC1Eht)
    SentryChassis::SentryChassis__sub_object(unsigned char, unsigned short) 0x08006101   Thumb Code     0  sentrychassis.o(i._ZN13SentryChassisC1Eht)
    pid::pid_run(float)                      0x08006d55   Thumb Code   332  bsp_motor.o(i._ZN3pid7pid_runEf)
    pid::pid(float, float, float, float, float, unsigned short, unsigned short, unsigned short) 0x08006ea5   Thumb Code    64  bsp_motor.o(i._ZN3pidC1Efffffttt)
    pid::pid__sub_object(float, float, float, float, float, unsigned short, unsigned short, unsigned short) 0x08006ea5   Thumb Code     0  bsp_motor.o(i._ZN3pidC1Efffffttt)
    motor::Position_Run()                    0x08007cf3   Thumb Code    54  bsp_motor.o(i._ZN5motor12Position_RunEv)
    motor::InsertCurrent()                   0x08007d29   Thumb Code    76  bsp_motor.o(i._ZN5motor13InsertCurrentEv)
    motor::InsertCurrentBy(short)            0x08007d81   Thumb Code    80  bsp_motor.o(i._ZN5motor15InsertCurrentByEs)
    motor::Handle()                          0x08007ddd   Thumb Code    88  bsp_motor.o(i._ZN5motor6HandleEv)
    motor::update(unsigned char*)            0x08007e39   Thumb Code   102  bsp_motor.o(i._ZN5motor6updateEPh)
    motor::Safe_Set()                        0x08007ea5   Thumb Code    20  bsp_motor.o(i._ZN5motor8Safe_SetEv)
    motor::Speed_Run()                       0x08007eb9   Thumb Code   130  bsp_motor.o(i._ZN5motor9Speed_RunEv)
    motor::Speed_Set(short)                  0x08007f45   Thumb Code     8  bsp_motor.o(i._ZN5motor9Speed_SetEs)
    motor::motor(unsigned char, unsigned short, str_Motor_t*, pid*, pid*) 0x08007f4d   Thumb Code    76  bsp_motor.o(i._ZN5motorC1EhtP11str_Motor_tP3pidS3_)
    motor::motor__sub_object(unsigned char, unsigned short, str_Motor_t*, pid*, pid*) 0x08007f4d   Thumb Code     0  bsp_motor.o(i._ZN5motorC1EhtP11str_Motor_tP3pidS3_)
    manager::UserProcess()                   0x08007fa5   Thumb Code     2  bsp_motor.o(i._ZN7manager11UserProcessEv)
    manager::CANSend()                       0x08007fa9   Thumb Code   380  bsp_motor.o(i._ZN7manager7CANSendEv)
    manager::CANSelect(__CAN_HandleTypeDef*, __CAN_HandleTypeDef*) 0x0800813d   Thumb Code     8  bsp_motor.o(i._ZN7manager9CANSelectEP19__CAN_HandleTypeDefS1_)
    manager::CANUpdate(__CAN_HandleTypeDef*, CAN_RxHeaderTypeDef*, unsigned char*) 0x08008149   Thumb Code    88  bsp_motor.o(i._ZN7manager9CANUpdateEP19__CAN_HandleTypeDefP19CAN_RxHeaderTypeDefPh)
    app_Mode::Run()                          0x080081ad   Thumb Code    14  app_mode.o(i._ZN8app_Mode3RunEv)
    app_Mode::Exit()                         0x080081bb   Thumb Code    14  app_mode.o(i._ZN8app_Mode4ExitEv)
    app_Mode::Enter()                        0x080081c9   Thumb Code    14  app_mode.o(i._ZN8app_Mode5EnterEv)
    softmotor::Position_Run()                0x080081d7   Thumb Code   102  bsp_motor.o(i._ZN9softmotor12Position_RunEv)
    softmotor::ForceSetSoftAngle(float)      0x0800823d   Thumb Code    26  bsp_motor.o(i._ZN9softmotor17ForceSetSoftAngleEf)
    softmotor::update(unsigned char*)        0x08008259   Thumb Code   198  bsp_motor.o(i._ZN9softmotor6updateEPh)
    softmotor::Angle_Set(float)              0x08008331   Thumb Code   106  bsp_motor.o(i._ZN9softmotor9Angle_SetEf)
    __ARM_fpclassifyf                        0x080083a1   Thumb Code    38  fpclassifyf.o(i.__ARM_fpclassifyf)
    __hardfp_asinf                           0x080083c9   Thumb Code   258  asinf.o(i.__hardfp_asinf)
    __hardfp_atan2f                          0x080084f5   Thumb Code   502  atan2f.o(i.__hardfp_atan2f)
    __hardfp_cosf                            0x08008745   Thumb Code   280  cosf.o(i.__hardfp_cosf)
    __hardfp_sinf                            0x08008895   Thumb Code   344  sinf.o(i.__hardfp_sinf)
    __hardfp_sqrtf                           0x08008a25   Thumb Code    58  sqrtf.o(i.__hardfp_sqrtf)
    __hardfp_tanf                            0x08008a61   Thumb Code   322  tanf.o(i.__hardfp_tanf)
    __mathlib_flt_infnan                     0x08008bdd   Thumb Code     6  funder.o(i.__mathlib_flt_infnan)
    __mathlib_flt_infnan2                    0x08008be3   Thumb Code     6  funder.o(i.__mathlib_flt_infnan2)
    __mathlib_flt_invalid                    0x08008be9   Thumb Code    10  funder.o(i.__mathlib_flt_invalid)
    __mathlib_flt_underflow                  0x08008bf9   Thumb Code    10  funder.o(i.__mathlib_flt_underflow)
    __mathlib_rredf2                         0x08008c09   Thumb Code   316  rredf.o(i.__mathlib_rredf2)
    main                                     0x08008e7d   Thumb Code    72  main.o(i.main)
    osDelay                                  0x08008efd   Thumb Code    16  cmsis_os.o(i.osDelay)
    osKernelStart                            0x08008f0d   Thumb Code    10  cmsis_os.o(i.osKernelStart)
    osThreadCreate                           0x08008f17   Thumb Code    52  cmsis_os.o(i.osThreadCreate)
    osThreadTerminate                        0x08008f4b   Thumb Code    10  cmsis_os.o(i.osThreadTerminate)
    pvPortMalloc                             0x080092e1   Thumb Code   218  heap_4.o(i.pvPortMalloc)
    pxPortInitialiseStack                    0x080093c5   Thumb Code    38  port.o(i.pxPortInitialiseStack)
    sqrtf                                    0x080093f1   Thumb Code    62  sqrtf.o(i.sqrtf)
    uxListRemove                             0x0800942f   Thumb Code    38  list.o(i.uxListRemove)
    vListInitialise                          0x08009455   Thumb Code    22  list.o(i.vListInitialise)
    vListInitialiseItem                      0x0800946b   Thumb Code     6  list.o(i.vListInitialiseItem)
    vListInsert                              0x08009471   Thumb Code    54  list.o(i.vListInsert)
    vListInsertEnd                           0x080094a7   Thumb Code    24  list.o(i.vListInsertEnd)
    vPortEnterCritical                       0x080094c1   Thumb Code    54  port.o(i.vPortEnterCritical)
    vPortExitCritical                        0x08009501   Thumb Code    38  port.o(i.vPortExitCritical)
    vPortFree                                0x0800952d   Thumb Code    88  heap_4.o(i.vPortFree)
    vPortSetupTimerInterrupt                 0x08009589   Thumb Code    32  port.o(i.vPortSetupTimerInterrupt)
    vPortValidateInterruptPriority           0x080095ad   Thumb Code    74  port.o(i.vPortValidateInterruptPriority)
    vTaskDelay                               0x08009601   Thumb Code    78  tasks.o(i.vTaskDelay)
    vTaskDelayUntil                          0x08009659   Thumb Code   148  tasks.o(i.vTaskDelayUntil)
    vTaskDelete                              0x080096f5   Thumb Code   180  tasks.o(i.vTaskDelete)
    vTaskStartScheduler                      0x080097b9   Thumb Code    92  tasks.o(i.vTaskStartScheduler)
    vTaskSuspendAll                          0x08009829   Thumb Code    10  tasks.o(i.vTaskSuspendAll)
    vTaskSwitchContext                       0x08009839   Thumb Code   118  tasks.o(i.vTaskSwitchContext)
    xPortStartScheduler                      0x080098c1   Thumb Code   232  port.o(i.xPortStartScheduler)
    xTaskCreate                              0x080099c5   Thumb Code   104  tasks.o(i.xTaskCreate)
    xTaskGetTickCount                        0x08009a2d   Thumb Code     6  tasks.o(i.xTaskGetTickCount)
    xTaskGetTickCountFromISR                 0x08009a39   Thumb Code    12  tasks.o(i.xTaskGetTickCountFromISR)
    xTaskIncrementTick                       0x08009a49   Thumb Code   206  tasks.o(i.xTaskIncrementTick)
    xTaskResumeAll                           0x08009b21   Thumb Code   196  tasks.o(i.xTaskResumeAll)
    __aeabi_d2f                              0x08009bf1   Thumb Code     0  d2f.o(x$fpl$d2f)
    _d2f                                     0x08009bf1   Thumb Code    98  d2f.o(x$fpl$d2f)
    __aeabi_dadd                             0x08009c55   Thumb Code     0  daddsub_clz.o(x$fpl$dadd)
    _dadd                                    0x08009c55   Thumb Code   332  daddsub_clz.o(x$fpl$dadd)
    __aeabi_ddiv                             0x08009da5   Thumb Code     0  ddiv.o(x$fpl$ddiv)
    _ddiv                                    0x08009da5   Thumb Code   552  ddiv.o(x$fpl$ddiv)
    __aeabi_d2iz                             0x0800a055   Thumb Code     0  dfix.o(x$fpl$dfix)
    _dfix                                    0x0800a055   Thumb Code    94  dfix.o(x$fpl$dfix)
    __aeabi_i2d                              0x0800a0b3   Thumb Code     0  dflt_clz.o(x$fpl$dflt)
    _dflt                                    0x0800a0b3   Thumb Code    46  dflt_clz.o(x$fpl$dflt)
    __aeabi_ui2d                             0x0800a0e1   Thumb Code     0  dflt_clz.o(x$fpl$dfltu)
    _dfltu                                   0x0800a0e1   Thumb Code    38  dflt_clz.o(x$fpl$dfltu)
    __aeabi_dmul                             0x0800a109   Thumb Code     0  dmul.o(x$fpl$dmul)
    _dmul                                    0x0800a109   Thumb Code   332  dmul.o(x$fpl$dmul)
    __fpl_dnaninf                            0x0800a25d   Thumb Code   156  dnaninf.o(x$fpl$dnaninf)
    __fpl_dretinf                            0x0800a2f9   Thumb Code    12  dretinf.o(x$fpl$dretinf)
    __aeabi_dsub                             0x0800a305   Thumb Code     0  daddsub_clz.o(x$fpl$dsub)
    _dsub                                    0x0800a305   Thumb Code   464  daddsub_clz.o(x$fpl$dsub)
    __aeabi_f2d                              0x0800a4d9   Thumb Code     0  f2d.o(x$fpl$f2d)
    _f2d                                     0x0800a4d9   Thumb Code    86  f2d.o(x$fpl$f2d)
    __fpl_fnaninf                            0x0800a52f   Thumb Code   140  fnaninf.o(x$fpl$fnaninf)
    _fp_init                                 0x0800a5bb   Thumb Code    10  fpinit.o(x$fpl$fpinit)
    __fplib_config_fpu_vfp                   0x0800a5c3   Thumb Code     0  fpinit.o(x$fpl$fpinit)
    __fplib_config_pureend_doubles           0x0800a5c3   Thumb Code     0  fpinit.o(x$fpl$fpinit)
    __fpl_fretinf                            0x0800a5c5   Thumb Code    10  fretinf.o(x$fpl$fretinf)
    __I$use$fp                               0x0800a5ce   Number         0  usenofp.o(x$fpl$usenofp)
    AHBPrescTable                            0x0800a5e4   Data          16  system_stm32f4xx.o(.constdata)
    APBPrescTable                            0x0800a5f4   Data           8  system_stm32f4xx.o(.constdata)
    SYSVIEW_X_OS_TraceAPI                    0x0800a630   Data           8  segger_sysview_freertos.o(.constdata)
    vtable for motor                         0x0800a674   Data          40  bsp_motor.o(.constdata__ZTV5motor)
    vtable for softmotor                     0x0800a69c   Data          40  bsp_motor.o(.constdata__ZTV9softmotor)
    Region$$Table$$Base                      0x0800a720   Number         0  anon$$obj.o(Region$$Table)
    Region$$Table$$Limit                     0x0800a740   Number         0  anon$$obj.o(Region$$Table)
    SHT$$INIT_ARRAY$$Base                    0x0800a740   Number         0  sentrychassis.o(.init_array)
    SHT$$INIT_ARRAY$$Limit                   0x0800a748   Number         0  init_aeabi.o(.init_array)
    defaultTaskHandle                        0x20000004   Data           4  freertos.o(.data)
    SystemCoreClock                          0x20000008   Data           4  system_stm32f4xx.o(.data)
    so3_comp_params_Kp                       0x20000014   Data           4  app_imu.o(.data)
    so3_comp_params_Ki                       0x20000018   Data           4  app_imu.o(.data)
    Dynamic_Zero_Thre                        0x2000001c   Data           4  app_imu.o(.data)
    kp_use                                   0x20000040   Data           4  app_imu.o(.data)
    ki_use                                   0x20000044   Data           4  app_imu.o(.data)
    mkp_use                                  0x20000048   Data           4  app_imu.o(.data)
    tPrev                                    0x20000078   Data           4  app_imu.o(.data)
    tNow                                     0x2000007c   Data           4  app_imu.o(.data)
    tImuLastTick                             0x20000080   Data           4  app_imu.o(.data)
    Zero_Threshold                           0x20000084   Data           6  app_imu.o(.data)
    Offset_Coeff                             0x20000098   Data          12  app_imu.o(.data)
    DiffTime                                 0x200000a8   Data           4  bsp_encoder.o(.data)
    value_before_difftime                    0x200000ac   Data           4  bsp_encoder.o(.data)
    bsp_encoder_PeriodCount                  0x200000b0   Data           4  bsp_encoder.o(.data)
    bsp_encoder_UpdateTime                   0x200000b4   Data           4  bsp_encoder.o(.data)
    bsp_encoder_HandleTime                   0x200000b8   Data           4  bsp_encoder.o(.data)
    bsp_encoder_lastupdate                   0x200000bc   Data           4  bsp_encoder.o(.data)
    bsp_encoder_Value                        0x200000c0   Data           4  bsp_encoder.o(.data)
    bsp_encoder_speed_update_time            0x200000c4   Data           4  bsp_encoder.o(.data)
    bsp_encoder_Speed                        0x200000c8   Data           4  bsp_encoder.o(.data)
    soft_period_passed                       0x200000cc   Data           4  bsp_encoder.o(.data)
    last_encode_value                        0x200000d0   Data           4  bsp_encoder.o(.data)
    INA226_ID                                0x200000e4   Data           5  bsp_current.o(.data)
    Gy53l1_CheckBytes                        0x200000f9   Data           4  bsp_gy53l1.o(.data)
    test_tick                                0x20000100   Data           4  task_sentcha.o(.data)
    update_test                              0x20000104   Data           4  task_sentcha.o(.data)
    update_report                            0x20000108   Data           4  task_sentcha.o(.data)
    Error_Code                               0x2000010c   Data           1  bsp_motor.o(.data)
    manager::CAN1_OnlineID                   0x2000010e   Data           2  bsp_motor.o(.data)
    manager::CAN2_OnlineID                   0x20000110   Data           2  bsp_motor.o(.data)
    manager::CanHandle1                      0x20000114   Data           4  bsp_motor.o(.data)
    manager::CanHandle2                      0x20000118   Data           4  bsp_motor.o(.data)
    chassis::point                           0x2000011c   Data           4  bsp_motor.o(.data)
    RAIL_RIGHT_END_MM                        0x20000120   Data           4  sentrychassis.o(.data)
    RATIO_ENCODE_PER_MM                      0x20000124   Data           4  sentrychassis.o(.data)
    RATIO_ENCODE_SPD_PER_MM_S                0x20000128   Data           4  sentrychassis.o(.data)
    RATIO_MOTOR_MM_PER_ANG                   0x2000012c   Data           4  sentrychassis.o(.data)
    RATIO_MOTOR_MM_S_PER_SPD                 0x20000130   Data           4  sentrychassis.o(.data)
    LAZER_LEFT_RANGE                         0x20000134   Data           4  sentrychassis.o(.data)
    LAZER_RIGHT_RANGE                        0x20000138   Data           4  sentrychassis.o(.data)
    LAZER_TOUCH_LEFT                         0x2000013c   Data           4  sentrychassis.o(.data)
    LAZER_TOUCH_RIGHT                        0x20000140   Data           4  sentrychassis.o(.data)
    SpeedMax                                 0x20000144   Data           4  sentrychassis.o(.data)
    pwr_idle_I                               0x20000148   Data           4  sentrychassis.o(.data)
    SentryChassis::pointer                   0x2000014c   Data           4  sentrychassis.o(.data)
    DJI_2006                                 0x20000150   Data           4  sentrychassis.o(.data)
    DJI_6020                                 0x20000154   Data           4  sentrychassis.o(.data)
    DJI_3508                                 0x20000158   Data           4  sentrychassis.o(.data)
    pwr_exceed                               0x2000015c   Data           4  sentrychassis.o(.data)
    pwr_idle                                 0x20000160   Data           4  sentrychassis.o(.data)
    ft                                       0x20000164   Data           4  sentrychassis.o(.data)
    et                                       0x20000168   Data           4  sentrychassis.o(.data)
    ct                                       0x2000016c   Data           4  sentrychassis.o(.data)
    force_mode                               0x20000170   Data           1  sentrychassislogic.o(.data)
    hit_action_state_indicator               0x20000171   Data           1  sentrychassislogic.o(.data)
    hit_direction                            0x20000172   Data           1  sentrychassislogic.o(.data)
    last_hit_direction                       0x20000173   Data           1  sentrychassislogic.o(.data)
    CurrentMode                              0x20000174   Data           4  sentrychassislogic.o(.data)
    LastMode                                 0x20000178   Data           4  sentrychassislogic.o(.data)
    reach_target_thres                       0x2000017c   Data           4  sentrychassislogic.o(.data)
    hit_speed_setting                        0x20000180   Data           4  sentrychassislogic.o(.data)
    bang_tick                                0x20000184   Data           4  sentrychassislogic.o(.data)
    ready_location                           0x20000188   Data           4  sentrychassislogic.o(.data)
    uwTickFreq                               0x2000018c   Data           1  stm32f4xx_hal.o(.data)
    uwTickPrio                               0x20000190   Data           4  stm32f4xx_hal.o(.data)
    uwTick                                   0x20000194   Data           4  stm32f4xx_hal.o(.data)
    pxCurrentTCB                             0x20000198   Data           4  tasks.o(.data)
    hcan1                                    0x2000020c   Data          40  can.o(.bss)
    hcan2                                    0x20000234   Data          40  can.o(.bss)
    hi2c3                                    0x2000025c   Data          84  i2c.o(.bss)
    hspi1                                    0x200002b0   Data          88  spi.o(.bss)
    htim8                                    0x20000308   Data          64  tim.o(.bss)
    huart4                                   0x20000348   Data          64  usart.o(.bss)
    huart5                                   0x20000388   Data          64  usart.o(.bss)
    huart3                                   0x200003c8   Data          64  usart.o(.bss)
    hdma_uart4_rx                            0x20000408   Data          96  usart.o(.bss)
    hdma_uart4_tx                            0x20000468   Data          96  usart.o(.bss)
    hdma_uart5_rx                            0x200004c8   Data          96  usart.o(.bss)
    hdma_uart5_tx                            0x20000528   Data          96  usart.o(.bss)
    hdma_usart3_rx                           0x20000588   Data          96  usart.o(.bss)
    hdma_usart3_tx                           0x200005e8   Data          96  usart.o(.bss)
    htim7                                    0x20000648   Data          64  stm32f4xx_hal_timebase_tim.o(.bss)
    manualOffsetGyro                         0x20000688   Data          12  app_imu.o(.bss)
    app_imu_data                             0x200006bc   Data       24240  app_imu.o(.bss)
    Acc_LPF                                  0x2000656c   Data          96  app_imu.o(.bss)
    Gyro_LPF                                 0x200065cc   Data          96  app_imu.o(.bss)
    GlobalCheckList                          0x20006638   Data         660  app_check.o(.bss)
    bsp_CurrentRead                          0x200068cc   Data          10  bsp_current.o(.bss)
    bsp_VoltageRead                          0x200068d6   Data          10  bsp_current.o(.bss)
    manager::CAN1MotorList                   0x200068e0   Data          44  bsp_motor.o(.bss)
    manager::CAN1CurrentList                 0x2000690c   Data          22  bsp_motor.o(.bss)
    manager::CAN2MotorList                   0x20006924   Data          44  bsp_motor.o(.bss)
    manager::CAN2CurrentList                 0x20006950   Data          22  bsp_motor.o(.bss)
    ChassisEntity                            0x20006968   Data         828  sentrychassis.o(.bss)
    ModeSuperSuperiorControl                 0x20006ca4   Data          16  sentrychassislogic.o(.bss)
    ModeGlobalSafe                           0x20006cb4   Data          16  sentrychassislogic.o(.bss)
    ModeAutomonus                            0x20006cc4   Data          16  sentrychassislogic.o(.bss)
    CanRx                                    0x20006cd4   Data         148  sentry_can_commom.o(.bss)
    CanTx                                    0x20006d68   Data         148  sentry_can_commom.o(.bss)
    _SEGGER_RTT                              0x2000b0b4   Data         168  segger_rtt.o(.bss)
    __libspace_start                         0x2000b56c   Data          96  libspace.o(.bss)
    __temporary_stack_top$libspace           0x2000b5cc   Data           0  libspace.o(.bss)



==============================================================================

Memory Map of the image

  Image Entry point : 0x08000189

  Load Region LR_IROM1 (Base: 0x08000000, Size: 0x0000a954, Max: 0x00100000, ABSOLUTE, COMPRESSED[0x0000a7b0])

    Execution Region ER_IROM1 (Exec base: 0x08000000, Load base: 0x08000000, Size: 0x0000a748, Max: 0x00100000, ABSOLUTE)

    Exec Addr    Load Addr    Size         Type   Attr      Idx    E Section Name        Object

    0x08000000   0x08000000   0x00000188   Data   RO            3    RESET               startup_stm32f405xx.o
    0x08000188   0x08000188   0x00000008   Code   RO         9313  * !!!main             c_w.l(__main.o)
    0x08000190   0x08000190   0x00000034   Code   RO         9911    !!!scatter          c_w.l(__scatter.o)
    0x080001c4   0x080001c4   0x0000005a   Code   RO         9909    !!dczerorl2         c_w.l(__dczerorl2.o)
    0x0800021e   0x0800021e   0x00000002   PAD
    0x08000220   0x08000220   0x0000001c   Code   RO         9913    !!handler_zi        c_w.l(__scatter_zi.o)
    0x0800023c   0x0800023c   0x00000002   Code   RO         9778    .ARM.Collect$$libinit$$00000000  c_w.l(libinit.o)
    0x0800023e   0x0800023e   0x00000004   Code   RO         9566    .ARM.Collect$$libinit$$00000001  c_w.l(libinit2.o)
    0x08000242   0x08000242   0x00000000   Code   RO         9569    .ARM.Collect$$libinit$$00000004  c_w.l(libinit2.o)
    0x08000242   0x08000242   0x00000000   Code   RO         9572    .ARM.Collect$$libinit$$0000000A  c_w.l(libinit2.o)
    0x08000242   0x08000242   0x00000000   Code   RO         9574    .ARM.Collect$$libinit$$0000000C  c_w.l(libinit2.o)
    0x08000242   0x08000242   0x00000000   Code   RO         9576    .ARM.Collect$$libinit$$0000000E  c_w.l(libinit2.o)
    0x08000242   0x08000242   0x00000000   Code   RO         9579    .ARM.Collect$$libinit$$00000011  c_w.l(libinit2.o)
    0x08000242   0x08000242   0x00000000   Code   RO         9581    .ARM.Collect$$libinit$$00000013  c_w.l(libinit2.o)
    0x08000242   0x08000242   0x00000000   Code   RO         9583    .ARM.Collect$$libinit$$00000015  c_w.l(libinit2.o)
    0x08000242   0x08000242   0x00000000   Code   RO         9585    .ARM.Collect$$libinit$$00000017  c_w.l(libinit2.o)
    0x08000242   0x08000242   0x00000000   Code   RO         9587    .ARM.Collect$$libinit$$00000019  c_w.l(libinit2.o)
    0x08000242   0x08000242   0x00000000   Code   RO         9589    .ARM.Collect$$libinit$$0000001B  c_w.l(libinit2.o)
    0x08000242   0x08000242   0x00000000   Code   RO         9591    .ARM.Collect$$libinit$$0000001D  c_w.l(libinit2.o)
    0x08000242   0x08000242   0x00000000   Code   RO         9593    .ARM.Collect$$libinit$$0000001F  c_w.l(libinit2.o)
    0x08000242   0x08000242   0x00000000   Code   RO         9595    .ARM.Collect$$libinit$$00000021  c_w.l(libinit2.o)
    0x08000242   0x08000242   0x00000000   Code   RO         9597    .ARM.Collect$$libinit$$00000023  c_w.l(libinit2.o)
    0x08000242   0x08000242   0x00000000   Code   RO         9599    .ARM.Collect$$libinit$$00000025  c_w.l(libinit2.o)
    0x08000242   0x08000242   0x00000000   Code   RO         9603    .ARM.Collect$$libinit$$0000002C  c_w.l(libinit2.o)
    0x08000242   0x08000242   0x00000000   Code   RO         9605    .ARM.Collect$$libinit$$0000002E  c_w.l(libinit2.o)
    0x08000242   0x08000242   0x00000000   Code   RO         9607    .ARM.Collect$$libinit$$00000030  c_w.l(libinit2.o)
    0x08000242   0x08000242   0x00000004   Code   RO         9608    .ARM.Collect$$libinit$$00000031  c_w.l(libinit2.o)
    0x08000246   0x08000246   0x00000000   Code   RO         9609    .ARM.Collect$$libinit$$00000032  c_w.l(libinit2.o)
    0x08000246   0x08000246   0x00000002   Code   RO         9610    .ARM.Collect$$libinit$$00000033  c_w.l(libinit2.o)
    0x08000248   0x08000248   0x00000002   Code   RO         9874    .ARM.Collect$$libshutdown$$00000000  c_w.l(libshutdown.o)
    0x0800024a   0x0800024a   0x00000000   Code   RO         9892    .ARM.Collect$$libshutdown$$00000002  c_w.l(libshutdown2.o)
    0x0800024a   0x0800024a   0x00000000   Code   RO         9894    .ARM.Collect$$libshutdown$$00000004  c_w.l(libshutdown2.o)
    0x0800024a   0x0800024a   0x00000000   Code   RO         9897    .ARM.Collect$$libshutdown$$00000007  c_w.l(libshutdown2.o)
    0x0800024a   0x0800024a   0x00000000   Code   RO         9900    .ARM.Collect$$libshutdown$$0000000A  c_w.l(libshutdown2.o)
    0x0800024a   0x0800024a   0x00000000   Code   RO         9902    .ARM.Collect$$libshutdown$$0000000C  c_w.l(libshutdown2.o)
    0x0800024a   0x0800024a   0x00000000   Code   RO         9905    .ARM.Collect$$libshutdown$$0000000F  c_w.l(libshutdown2.o)
    0x0800024a   0x0800024a   0x00000002   Code   RO         9906    .ARM.Collect$$libshutdown$$00000010  c_w.l(libshutdown2.o)
    0x0800024c   0x0800024c   0x00000000   Code   RO         9557    .ARM.Collect$$rtentry$$00000000  c_w.l(__rtentry.o)
    0x0800024c   0x0800024c   0x00000000   Code   RO         9655    .ARM.Collect$$rtentry$$00000002  c_w.l(__rtentry2.o)
    0x0800024c   0x0800024c   0x00000006   Code   RO         9667    .ARM.Collect$$rtentry$$00000004  c_w.l(__rtentry4.o)
    0x08000252   0x08000252   0x00000000   Code   RO         9657    .ARM.Collect$$rtentry$$00000009  c_w.l(__rtentry2.o)
    0x08000252   0x08000252   0x00000004   Code   RO         9658    .ARM.Collect$$rtentry$$0000000A  c_w.l(__rtentry2.o)
    0x08000256   0x08000256   0x00000000   Code   RO         9660    .ARM.Collect$$rtentry$$0000000C  c_w.l(__rtentry2.o)
    0x08000256   0x08000256   0x00000008   Code   RO         9661    .ARM.Collect$$rtentry$$0000000D  c_w.l(__rtentry2.o)
    0x0800025e   0x0800025e   0x00000002   Code   RO         9788    .ARM.Collect$$rtexit$$00000000  c_w.l(rtexit.o)
    0x08000260   0x08000260   0x00000000   Code   RO         9843    .ARM.Collect$$rtexit$$00000002  c_w.l(rtexit2.o)
    0x08000260   0x08000260   0x00000004   Code   RO         9844    .ARM.Collect$$rtexit$$00000003  c_w.l(rtexit2.o)
    0x08000264   0x08000264   0x00000006   Code   RO         9845    .ARM.Collect$$rtexit$$00000004  c_w.l(rtexit2.o)
    0x0800026a   0x0800026a   0x00000002   PAD
    0x0800026c   0x0800026c   0x000000be   Code   RO         8440    .emb_text           port.o
    0x0800032a   0x0800032a   0x00000002   PAD
    0x0800032c   0x0800032c   0x00000040   Code   RO            4    .text               startup_stm32f405xx.o
    0x0800036c   0x0800036c   0x000000ee   Code   RO         9299    .text               c_w.l(lludivv7m.o)
    0x0800045a   0x0800045a   0x00000058   Code   RO         9301    .text               c_w.l(memcmp.o)
    0x080004b2   0x080004b2   0x0000008a   Code   RO         9305    .text               c_w.l(rt_memcpy_v6.o)
    0x0800053c   0x0800053c   0x00000064   Code   RO         9307    .text               c_w.l(rt_memcpy_w.o)
    0x080005a0   0x080005a0   0x00000006   Code   RO         9311    .text               c_w.l(heapauxi.o)
    0x080005a6   0x080005a6   0x00000002   PAD
    0x080005a8   0x080005a8   0x00000024   Code   RO         9318    .text               c_w.l(init_aeabi.o)
    0x080005cc   0x080005cc   0x00000016   Code   RO         9562    .text               c_w.l(_rserrno.o)
    0x080005e2   0x080005e2   0x00000002   PAD
    0x080005e4   0x080005e4   0x00000008   Code   RO         9674    .text               c_w.l(rt_errno_addr_intlibspace.o)
    0x080005ec   0x080005ec   0x00000008   Code   RO         9695    .text               c_w.l(libspace.o)
    0x080005f4   0x080005f4   0x0000004a   Code   RO         9698    .text               c_w.l(sys_stackheap_outer.o)
    0x0800063e   0x0800063e   0x00000012   Code   RO         9761    .text               c_w.l(exit.o)
    0x08000650   0x08000650   0x0000000c   Code   RO         9784    .text               c_w.l(sys_exit.o)
    0x0800065c   0x0800065c   0x00000002   Code   RO         9839    .text               c_w.l(use_no_semi.o)
    0x0800065e   0x0800065e   0x00000000   Code   RO         9841    .text               c_w.l(indicate_semi.o)
    0x0800065e   0x0800065e   0x00000002   Code   RO          759    i.BusFault_Handler  stm32f4xx_it.o
    0x08000660   0x08000660   0x0000000c   Code   RO          760    i.CAN1_RX0_IRQHandler  stm32f4xx_it.o
    0x0800066c   0x0800066c   0x0000000c   Code   RO          761    i.CAN2_RX0_IRQHandler  stm32f4xx_it.o
    0x08000678   0x08000678   0x0000000c   Code   RO          762    i.DMA1_Stream0_IRQHandler  stm32f4xx_it.o
    0x08000684   0x08000684   0x0000000c   Code   RO          763    i.DMA1_Stream1_IRQHandler  stm32f4xx_it.o
    0x08000690   0x08000690   0x0000000c   Code   RO          764    i.DMA1_Stream2_IRQHandler  stm32f4xx_it.o
    0x0800069c   0x0800069c   0x0000000c   Code   RO          765    i.DMA1_Stream3_IRQHandler  stm32f4xx_it.o
    0x080006a8   0x080006a8   0x0000000c   Code   RO          766    i.DMA1_Stream4_IRQHandler  stm32f4xx_it.o
    0x080006b4   0x080006b4   0x0000000c   Code   RO          767    i.DMA1_Stream7_IRQHandler  stm32f4xx_it.o
    0x080006c0   0x080006c0   0x00000002   Code   RO          768    i.DebugMon_Handler  stm32f4xx_it.o
    0x080006c2   0x080006c2   0x00000002   Code   RO           13    i.Error_Handler     main.o
    0x080006c4   0x080006c4   0x00000024   Code   RO         3188    i.HAL_CAN_ActivateNotification  stm32f4xx_hal_can.o
    0x080006e8   0x080006e8   0x00000104   Code   RO         3189    i.HAL_CAN_AddTxMessage  stm32f4xx_hal_can.o
    0x080007ec   0x080007ec   0x00000128   Code   RO         3190    i.HAL_CAN_ConfigFilter  stm32f4xx_hal_can.o
    0x08000914   0x08000914   0x00000002   Code   RO         3193    i.HAL_CAN_ErrorCallback  stm32f4xx_hal_can.o
    0x08000916   0x08000916   0x00000026   Code   RO         3195    i.HAL_CAN_GetRxFifoFillLevel  stm32f4xx_hal_can.o
    0x0800093c   0x0800093c   0x0000016c   Code   RO         3196    i.HAL_CAN_GetRxMessage  stm32f4xx_hal_can.o
    0x08000aa8   0x08000aa8   0x00000234   Code   RO         3200    i.HAL_CAN_IRQHandler  stm32f4xx_hal_can.o
    0x08000cdc   0x08000cdc   0x00000168   Code   RO         3201    i.HAL_CAN_Init      stm32f4xx_hal_can.o
    0x08000e44   0x08000e44   0x00000104   Code   RO          443    i.HAL_CAN_MspInit   can.o
    0x08000f48   0x08000f48   0x00000002   Code   RO         3208    i.HAL_CAN_RxFifo0FullCallback  stm32f4xx_hal_can.o
    0x08000f4a   0x08000f4a   0x00000002   PAD
    0x08000f4c   0x08000f4c   0x0000003c   Code   RO         3154    i.HAL_CAN_RxFifo0MsgPendingCallback  sentrychassiscan.o
    0x08000f88   0x08000f88   0x00000002   Code   RO         3210    i.HAL_CAN_RxFifo1FullCallback  stm32f4xx_hal_can.o
    0x08000f8a   0x08000f8a   0x00000002   Code   RO         3211    i.HAL_CAN_RxFifo1MsgPendingCallback  stm32f4xx_hal_can.o
    0x08000f8c   0x08000f8c   0x00000002   Code   RO         3212    i.HAL_CAN_SleepCallback  stm32f4xx_hal_can.o
    0x08000f8e   0x08000f8e   0x00000064   Code   RO         3213    i.HAL_CAN_Start     stm32f4xx_hal_can.o
    0x08000ff2   0x08000ff2   0x00000002   Code   RO         3215    i.HAL_CAN_TxMailbox0AbortCallback  stm32f4xx_hal_can.o
    0x08000ff4   0x08000ff4   0x00000002   Code   RO         3216    i.HAL_CAN_TxMailbox0CompleteCallback  stm32f4xx_hal_can.o
    0x08000ff6   0x08000ff6   0x00000002   Code   RO         3217    i.HAL_CAN_TxMailbox1AbortCallback  stm32f4xx_hal_can.o
    0x08000ff8   0x08000ff8   0x00000002   Code   RO         3218    i.HAL_CAN_TxMailbox1CompleteCallback  stm32f4xx_hal_can.o
    0x08000ffa   0x08000ffa   0x00000002   Code   RO         3219    i.HAL_CAN_TxMailbox2AbortCallback  stm32f4xx_hal_can.o
    0x08000ffc   0x08000ffc   0x00000002   Code   RO         3220    i.HAL_CAN_TxMailbox2CompleteCallback  stm32f4xx_hal_can.o
    0x08000ffe   0x08000ffe   0x00000002   Code   RO         3222    i.HAL_CAN_WakeUpFromRxMsgCallback  stm32f4xx_hal_can.o
    0x08001000   0x08001000   0x00000024   Code   RO         4027    i.HAL_DMA_Abort_IT  stm32f4xx_hal_dma.o
    0x08001024   0x08001024   0x000001ec   Code   RO         4031    i.HAL_DMA_IRQHandler  stm32f4xx_hal_dma.o
    0x08001210   0x08001210   0x000000ec   Code   RO         4032    i.HAL_DMA_Init      stm32f4xx_hal_dma.o
    0x080012fc   0x080012fc   0x0000007a   Code   RO         4035    i.HAL_DMA_Start_IT  stm32f4xx_hal_dma.o
    0x08001376   0x08001376   0x00000002   PAD
    0x08001378   0x08001378   0x00000028   Code   RO         4499    i.HAL_Delay         stm32f4xx_hal.o
    0x080013a0   0x080013a0   0x0000021c   Code   RO         3910    i.HAL_GPIO_Init     stm32f4xx_hal_gpio.o
    0x080015bc   0x080015bc   0x00000012   Code   RO         3913    i.HAL_GPIO_TogglePin  stm32f4xx_hal_gpio.o
    0x080015ce   0x080015ce   0x0000000e   Code   RO         3914    i.HAL_GPIO_WritePin  stm32f4xx_hal_gpio.o
    0x080015dc   0x080015dc   0x0000000c   Code   RO         4505    i.HAL_GetTick       stm32f4xx_hal.o
    0x080015e8   0x080015e8   0x00000002   Code   RO         4783    i.HAL_I2C_AbortCpltCallback  stm32f4xx_hal_i2c.o
    0x080015ea   0x080015ea   0x00000002   Code   RO         4790    i.HAL_I2C_ErrorCallback  stm32f4xx_hal_i2c.o
    0x080015ec   0x080015ec   0x00000006   Code   RO         4793    i.HAL_I2C_GetState  stm32f4xx_hal_i2c.o
    0x080015f2   0x080015f2   0x00000002   PAD
    0x080015f4   0x080015f4   0x00000198   Code   RO         4794    i.HAL_I2C_Init      stm32f4xx_hal_i2c.o
    0x0800178c   0x0800178c   0x00000002   Code   RO         4796    i.HAL_I2C_ListenCpltCallback  stm32f4xx_hal_i2c.o
    0x0800178e   0x0800178e   0x00000056   Code   RO         4799    i.HAL_I2C_Master_Abort_IT  stm32f4xx_hal_i2c.o
    0x080017e4   0x080017e4   0x000002a8   Code   RO         4800    i.HAL_I2C_Master_Receive  stm32f4xx_hal_i2c.o
    0x08001a8c   0x08001a8c   0x00000108   Code   RO         4802    i.HAL_I2C_Master_Receive_IT  stm32f4xx_hal_i2c.o
    0x08001b94   0x08001b94   0x00000160   Code   RO         4807    i.HAL_I2C_Master_Transmit  stm32f4xx_hal_i2c.o
    0x08001cf4   0x08001cf4   0x00000100   Code   RO         4809    i.HAL_I2C_Master_Transmit_IT  stm32f4xx_hal_i2c.o
    0x08001df4   0x08001df4   0x00000098   Code   RO          566    i.HAL_I2C_MspInit   i2c.o
    0x08001e8c   0x08001e8c   0x00000010   Code   RO         4511    i.HAL_IncTick       stm32f4xx_hal.o
    0x08001e9c   0x08001e9c   0x00000034   Code   RO         4512    i.HAL_Init          stm32f4xx_hal.o
    0x08001ed0   0x08001ed0   0x00000078   Code   RO         1081    i.HAL_InitTick      stm32f4xx_hal_timebase_tim.o
    0x08001f48   0x08001f48   0x0000003c   Code   RO         1056    i.HAL_MspInit       stm32f4xx_hal_msp.o
    0x08001f84   0x08001f84   0x0000001c   Code   RO         4349    i.HAL_NVIC_EnableIRQ  stm32f4xx_hal_cortex.o
    0x08001fa0   0x08001fa0   0x00000068   Code   RO         4355    i.HAL_NVIC_SetPriority  stm32f4xx_hal_cortex.o
    0x08002008   0x08002008   0x00000024   Code   RO         4356    i.HAL_NVIC_SetPriorityGrouping  stm32f4xx_hal_cortex.o
    0x0800202c   0x0800202c   0x00000174   Code   RO         3458    i.HAL_RCC_ClockConfig  stm32f4xx_hal_rcc.o
    0x080021a0   0x080021a0   0x0000003c   Code   RO         3462    i.HAL_RCC_GetClockConfig  stm32f4xx_hal_rcc.o
    0x080021dc   0x080021dc   0x0000000c   Code   RO         3463    i.HAL_RCC_GetHCLKFreq  stm32f4xx_hal_rcc.o
    0x080021e8   0x080021e8   0x00000020   Code   RO         3465    i.HAL_RCC_GetPCLK1Freq  stm32f4xx_hal_rcc.o
    0x08002208   0x08002208   0x00000020   Code   RO         3466    i.HAL_RCC_GetPCLK2Freq  stm32f4xx_hal_rcc.o
    0x08002228   0x08002228   0x0000006c   Code   RO         3467    i.HAL_RCC_GetSysClockFreq  stm32f4xx_hal_rcc.o
    0x08002294   0x08002294   0x00000436   Code   RO         3470    i.HAL_RCC_OscConfig  stm32f4xx_hal_rcc.o
    0x080026ca   0x080026ca   0x00000082   Code   RO         5353    i.HAL_SPI_Init      stm32f4xx_hal_spi.o
    0x0800274c   0x0800274c   0x00000068   Code   RO          611    i.HAL_SPI_MspInit   spi.o
    0x080027b4   0x080027b4   0x00000164   Code   RO         5356    i.HAL_SPI_Receive   stm32f4xx_hal_spi.o
    0x08002918   0x08002918   0x00000192   Code   RO         5361    i.HAL_SPI_Transmit  stm32f4xx_hal_spi.o
    0x08002aaa   0x08002aaa   0x000001f8   Code   RO         5362    i.HAL_SPI_TransmitReceive  stm32f4xx_hal_spi.o
    0x08002ca2   0x08002ca2   0x00000002   Code   RO         6521    i.HAL_TIMEx_BreakCallback  stm32f4xx_hal_tim_ex.o
    0x08002ca4   0x08002ca4   0x00000002   Code   RO         6522    i.HAL_TIMEx_CommutCallback  stm32f4xx_hal_tim_ex.o
    0x08002ca6   0x08002ca6   0x0000004e   Code   RO         6539    i.HAL_TIMEx_MasterConfigSynchronization  stm32f4xx_hal_tim_ex.o
    0x08002cf4   0x08002cf4   0x00000038   Code   RO         5721    i.HAL_TIM_Base_Init  stm32f4xx_hal_tim.o
    0x08002d2c   0x08002d2c   0x00000002   Code   RO         5723    i.HAL_TIM_Base_MspInit  stm32f4xx_hal_tim.o
    0x08002d2e   0x08002d2e   0x00000022   Code   RO         5726    i.HAL_TIM_Base_Start_IT  stm32f4xx_hal_tim.o
    0x08002d50   0x08002d50   0x000000be   Code   RO         5739    i.HAL_TIM_Encoder_Init  stm32f4xx_hal_tim.o
    0x08002e0e   0x08002e0e   0x00000002   PAD
    0x08002e10   0x08002e10   0x00000074   Code   RO          656    i.HAL_TIM_Encoder_MspInit  tim.o
    0x08002e84   0x08002e84   0x00000042   Code   RO         5742    i.HAL_TIM_Encoder_Start  stm32f4xx_hal_tim.o
    0x08002ec6   0x08002ec6   0x00000002   Code   RO         5750    i.HAL_TIM_IC_CaptureCallback  stm32f4xx_hal_tim.o
    0x08002ec8   0x08002ec8   0x00000174   Code   RO         5764    i.HAL_TIM_IRQHandler  stm32f4xx_hal_tim.o
    0x0800303c   0x0800303c   0x00000002   Code   RO         5767    i.HAL_TIM_OC_DelayElapsedCallback  stm32f4xx_hal_tim.o
    0x0800303e   0x0800303e   0x00000002   Code   RO         5794    i.HAL_TIM_PWM_PulseFinishedCallback  stm32f4xx_hal_tim.o
    0x08003040   0x08003040   0x00000012   Code   RO           14    i.HAL_TIM_PeriodElapsedCallback  main.o
    0x08003052   0x08003052   0x00000002   Code   RO         5807    i.HAL_TIM_TriggerCallback  stm32f4xx_hal_tim.o
    0x08003054   0x08003054   0x00000002   Code   RO         6832    i.HAL_UART_ErrorCallback  stm32f4xx_hal_uart.o
    0x08003056   0x08003056   0x00000002   PAD
    0x08003058   0x08003058   0x00000138   Code   RO         6835    i.HAL_UART_IRQHandler  stm32f4xx_hal_uart.o
    0x08003190   0x08003190   0x00000064   Code   RO         6836    i.HAL_UART_Init     stm32f4xx_hal_uart.o
    0x080031f4   0x080031f4   0x00000340   Code   RO          701    i.HAL_UART_MspInit  usart.o
    0x08003534   0x08003534   0x000000a4   Code   RO         6840    i.HAL_UART_Receive_DMA  stm32f4xx_hal_uart.o
    0x080035d8   0x080035d8   0x00000002   Code   RO         6842    i.HAL_UART_RxCpltCallback  stm32f4xx_hal_uart.o
    0x080035da   0x080035da   0x00000002   Code   RO         6843    i.HAL_UART_RxHalfCpltCallback  stm32f4xx_hal_uart.o
    0x080035dc   0x080035dc   0x000000dc   Code   RO         6844    i.HAL_UART_Transmit  stm32f4xx_hal_uart.o
    0x080036b8   0x080036b8   0x00000002   Code   RO         6847    i.HAL_UART_TxCpltCallback  stm32f4xx_hal_uart.o
    0x080036ba   0x080036ba   0x00000002   Code   RO          769    i.HardFault_Handler  stm32f4xx_it.o
    0x080036bc   0x080036bc   0x00000048   Code   RO          444    i.MX_CAN1_Init      can.o
    0x08003704   0x08003704   0x00000048   Code   RO          445    i.MX_CAN2_Init      can.o
    0x0800374c   0x0800374c   0x0000007c   Code   RO          495    i.MX_DMA_Init       dma.o
    0x080037c8   0x080037c8   0x000000d0   Code   RO          349    i.MX_GPIO_Init      gpio.o
    0x08003898   0x08003898   0x00000040   Code   RO          567    i.MX_I2C3_Init      i2c.o
    0x080038d8   0x080038d8   0x00000044   Code   RO          612    i.MX_SPI1_Init      spi.o
    0x0800391c   0x0800391c   0x00000068   Code   RO          657    i.MX_TIM8_Init      tim.o
    0x08003984   0x08003984   0x00000038   Code   RO          702    i.MX_UART4_Init     usart.o
    0x080039bc   0x080039bc   0x00000038   Code   RO          703    i.MX_UART5_Init     usart.o
    0x080039f4   0x080039f4   0x00000038   Code   RO          704    i.MX_USART3_UART_Init  usart.o
    0x08003a2c   0x08003a2c   0x00000002   Code   RO          770    i.MemManage_Handler  stm32f4xx_it.o
    0x08003a2e   0x08003a2e   0x00000002   Code   RO          771    i.NMI_Handler       stm32f4xx_it.o
    0x08003a30   0x08003a30   0x00000070   Code   RO         9069    i.SEGGER_RTT_ConfigDownBuffer  segger_rtt.o
    0x08003aa0   0x08003aa0   0x00000070   Code   RO         9070    i.SEGGER_RTT_ConfigUpBuffer  segger_rtt.o
    0x08003b10   0x08003b10   0x0000007c   Code   RO         9082    i.SEGGER_RTT_ReadNoLock  segger_rtt.o
    0x08003b8c   0x08003b8c   0x0000007c   Code   RO         9096    i.SEGGER_RTT_WriteSkipNoLock  segger_rtt.o
    0x08003c08   0x08003c08   0x00000028   Code   RO         8566    i.SEGGER_SYSVIEW_Conf  segger_sysview_config_freertos.o
    0x08003c30   0x08003c30   0x0000008c   Code   RO         8594    i.SEGGER_SYSVIEW_GetSysDesc  segger_sysview.o
    0x08003cbc   0x08003cbc   0x00000070   Code   RO         8595    i.SEGGER_SYSVIEW_Init  segger_sysview.o
    0x08003d2c   0x08003d2c   0x00000028   Code   RO         8602    i.SEGGER_SYSVIEW_OnIdle  segger_sysview.o
    0x08003d54   0x08003d54   0x00000050   Code   RO         8603    i.SEGGER_SYSVIEW_OnTaskCreate  segger_sysview.o
    0x08003da4   0x08003da4   0x00000050   Code   RO         8604    i.SEGGER_SYSVIEW_OnTaskStartExec  segger_sysview.o
    0x08003df4   0x08003df4   0x00000050   Code   RO         8605    i.SEGGER_SYSVIEW_OnTaskStartReady  segger_sysview.o
    0x08003e44   0x08003e44   0x00000068   Code   RO         8607    i.SEGGER_SYSVIEW_OnTaskStopReady  segger_sysview.o
    0x08003eac   0x08003eac   0x00000040   Code   RO         8609    i.SEGGER_SYSVIEW_Print  segger_sysview.o
    0x08003eec   0x08003eec   0x0000004c   Code   RO         8616    i.SEGGER_SYSVIEW_RecordEnterISR  segger_sysview.o
    0x08003f38   0x08003f38   0x00000028   Code   RO         8618    i.SEGGER_SYSVIEW_RecordExitISR  segger_sysview.o
    0x08003f60   0x08003f60   0x00000028   Code   RO         8619    i.SEGGER_SYSVIEW_RecordExitISRToScheduler  segger_sysview.o
    0x08003f88   0x08003f88   0x00000034   Code   RO         8623    i.SEGGER_SYSVIEW_RecordSystime  segger_sysview.o
    0x08003fbc   0x08003fbc   0x00000044   Code   RO         8624    i.SEGGER_SYSVIEW_RecordU32  segger_sysview.o
    0x08004000   0x08004000   0x00000060   Code   RO         8626    i.SEGGER_SYSVIEW_RecordU32x2  segger_sysview.o
    0x08004060   0x08004060   0x00000028   Code   RO         8634    i.SEGGER_SYSVIEW_RecordVoid  segger_sysview.o
    0x08004088   0x08004088   0x00000088   Code   RO         8636    i.SEGGER_SYSVIEW_SendModule  segger_sysview.o
    0x08004110   0x08004110   0x0000001c   Code   RO         8637    i.SEGGER_SYSVIEW_SendModuleDescription  segger_sysview.o
    0x0800412c   0x0800412c   0x00000048   Code   RO         8638    i.SEGGER_SYSVIEW_SendNumModules  segger_sysview.o
    0x08004174   0x08004174   0x00000038   Code   RO         8640    i.SEGGER_SYSVIEW_SendSysDesc  segger_sysview.o
    0x080041ac   0x080041ac   0x000000d4   Code   RO         8641    i.SEGGER_SYSVIEW_SendTaskInfo  segger_sysview.o
    0x08004280   0x08004280   0x00000018   Code   RO         8642    i.SEGGER_SYSVIEW_SendTaskList  segger_sysview.o
    0x08004298   0x08004298   0x0000000c   Code   RO         8643    i.SEGGER_SYSVIEW_SetRAMBase  segger_sysview.o
    0x080042a4   0x080042a4   0x00000010   Code   RO         8644    i.SEGGER_SYSVIEW_ShrinkId  segger_sysview.o
    0x080042b4   0x080042b4   0x000000b4   Code   RO         8645    i.SEGGER_SYSVIEW_Start  segger_sysview.o
    0x08004368   0x08004368   0x00000034   Code   RO         8646    i.SEGGER_SYSVIEW_Stop  segger_sysview.o
    0x0800439c   0x0800439c   0x00000040   Code   RO         8647    i.SEGGER_SYSVIEW_Warn  segger_sysview.o
    0x080043dc   0x080043dc   0x00000078   Code   RO         8517    i.SYSVIEW_AddTask   segger_sysview_freertos.o
    0x08004454   0x08004454   0x00000090   Code   RO         8518    i.SYSVIEW_DeleteTask  segger_sysview_freertos.o
    0x080044e4   0x080044e4   0x0000001e   Code   RO         8519    i.SYSVIEW_SendTaskInfo  segger_sysview_freertos.o
    0x08004502   0x08004502   0x00000002   PAD
    0x08004504   0x08004504   0x00000038   Code   RO         8441    i.SysTick_Handler   port.o
    0x0800453c   0x0800453c   0x00000058   Code   RO         1124    i.SystemInit        system_stm32f4xx.o
    0x08004594   0x08004594   0x0000000c   Code   RO          772    i.TIM7_IRQHandler   stm32f4xx_it.o
    0x080045a0   0x080045a0   0x00000014   Code   RO          773    i.TIM8_UP_TIM13_IRQHandler  stm32f4xx_it.o
    0x080045b4   0x080045b4   0x000000cc   Code   RO         5809    i.TIM_Base_SetConfig  stm32f4xx_hal_tim.o
    0x08004680   0x08004680   0x0000001e   Code   RO         5810    i.TIM_CCxChannelCmd  stm32f4xx_hal_tim.o
    0x0800469e   0x0800469e   0x00000002   PAD
    0x080046a0   0x080046a0   0x00000028   Code   RO          774    i.UART4_IRQHandler  stm32f4xx_it.o
    0x080046c8   0x080046c8   0x0000000c   Code   RO          775    i.UART5_IRQHandler  stm32f4xx_it.o
    0x080046d4   0x080046d4   0x00000028   Code   RO          776    i.USART3_IRQHandler  stm32f4xx_it.o
    0x080046fc   0x080046fc   0x00000002   Code   RO          777    i.UsageFault_Handler  stm32f4xx_it.o
    0x080046fe   0x080046fe   0x00000002   PAD
    0x08004700   0x08004700   0x00000068   Code   RO         9099    i._DoInit           segger_rtt.o
    0x08004768   0x08004768   0x0000004e   Code   RO         8651    i._EncodeStr        segger_sysview.o
    0x080047b6   0x080047b6   0x0000008a   Code   RO         8652    i._HandleIncomingPacket  segger_sysview.o
    0x08004840   0x08004840   0x00000004   Code   RO         8653    i._PreparePacket    segger_sysview.o
    0x08004844   0x08004844   0x000000e0   Code   RO         8656    i._SendPacket       segger_sysview.o
    0x08004924   0x08004924   0x00000070   Code   RO         8658    i._TrySendOverflowPacket  segger_sysview.o
    0x08004994   0x08004994   0x0000000c   Code   RO         2839    i._Z10GlobalSafev   sentrychassislogic.o
    0x080049a0   0x080049a0   0x00000064   Code   RO         2840    i._Z10ModeSelectv   sentrychassislogic.o
    0x08004a04   0x08004a04   0x00000016   Code   RO         1970    i._Z10task_CommuPv  task_sentcha.o
    0x08004a1a   0x08004a1a   0x00000002   PAD
    0x08004a1c   0x08004a1c   0x00000098   Code   RO         1971    i._Z11TaskStarterv  task_sentcha.o
    0x08004ab4   0x08004ab4   0x000002e4   Code   RO         1202    i._Z12app_imu_Initv  app_imu.o
    0x08004d98   0x08004d98   0x00000060   Code   RO         1603    i._Z12bsp_can_Initv  bsp_can.o
    0x08004df8   0x08004df8   0x00000032   Code   RO         2912    i._Z13SentryCanSendP19__CAN_HandleTypeDefjPhj  sentry_can_commom.o
    0x08004e2a   0x08004e2a   0x00000018   Code   RO         2913    i._Z13SentryCanSendP19__CAN_HandleTypeDefjff  sentry_can_commom.o
    0x08004e42   0x08004e42   0x00000002   PAD
    0x08004e44   0x08004e44   0x0000003c   Code   RO         1448    i._Z14app_check_Initv  app_check.o
    0x08004e80   0x08004e80   0x00000026   Code   RO         1347    i._Z14app_math_Limitfff  app_math.o
    0x08004ea6   0x08004ea6   0x00000002   PAD
    0x08004ea8   0x08004ea8   0x00000034   Code   RO         1639    i._Z14bsp_encoder_Itv  bsp_encoder.o
    0x08004edc   0x08004edc   0x00000048   Code   RO         2841    i._Z15SuperiorControlv  sentrychassislogic.o
    0x08004f24   0x08004f24   0x00000010   Code   RO         1553    i._Z15bsp_spi_ReadRegh  bsp_spi.o
    0x08004f34   0x08004f34   0x00000034   Code   RO          520    i._Z16MX_FREERTOS_Initv  freertos.o
    0x08004f68   0x08004f68   0x00000008   Code   RO          521    i._Z16StartDefaultTaskPKv  freertos.o
    0x08004f70   0x08004f70   0x00000068   Code   RO         1351    i._Z16app_math_InvSqrtf  app_math.o
    0x08004fd8   0x08004fd8   0x0000000c   Code   RO         1696    i._Z16bsp_Current_Initv  bsp_current.o
    0x08004fe4   0x08004fe4   0x00000006   Code   RO         1697    i._Z16bsp_Current_Readv  bsp_current.o
    0x08004fea   0x08004fea   0x00000002   PAD
    0x08004fec   0x08004fec   0x00000034   Code   RO         1640    i._Z16bsp_encoder_Initj  bsp_encoder.o
    0x08005020   0x08005020   0x0000004c   Code   RO         1554    i._Z16bsp_spi_ReadRegshPhh  bsp_spi.o
    0x0800506c   0x0800506c   0x00000248   Code   RO         1203    i._Z17app_imu_So3threadv  app_imu.o
    0x080052b4   0x080052b4   0x000000b4   Code   RO         1972    i._Z17task_OfflineCheckPv  task_sentcha.o
    0x08005368   0x08005368   0x00000094   Code   RO           15    i._Z18SystemClock_Configv  main.o
    0x080053fc   0x080053fc   0x00000070   Code   RO         1641    i._Z18bsp_encoder_Handlev  bsp_encoder.o
    0x0800546c   0x0800546c   0x00000024   Code   RO         2915    i._Z19SUPERIOR_SAFE_CanRxjPh  sentry_can_commom.o
    0x08005490   0x08005490   0x00000064   Code   RO         1450    i._Z19app_check_IsOffline21__app_check_device_id  app_check.o
    0x080054f4   0x080054f4   0x00000086   Code   RO         1353    i._Z19app_math_LPF2pApplyP4LPF2f  app_math.o
    0x0800557a   0x0800557a   0x00000056   Code   RO         1604    i._Z19bsp_can_SendmessageP19__CAN_HandleTypeDefsPs  bsp_can.o
    0x080055d0   0x080055d0   0x00000034   Code   RO         2918    i._Z20CHASSIS_PILLAR_CanTxv  sentry_can_commom.o
    0x08005604   0x08005604   0x0000001c   Code   RO         2920    i._Z20CHASSIS_STATES_CanTxv  sentry_can_commom.o
    0x08005620   0x08005620   0x00000024   Code   RO         1642    i._Z20bsp_encoder_SetValuei  bsp_encoder.o
    0x08005644   0x08005644   0x00000010   Code   RO         1925    i._Z20bsp_icm20602_ReadRegh  bsp_icm20602.o
    0x08005654   0x08005654   0x000000c0   Code   RO         1555    i._Z20bsp_spi_Icm20602Initv  bsp_spi.o
    0x08005714   0x08005714   0x00000024   Code   RO         2921    i._Z21UP_CLOUD_STATES_CanRxjPh  sentry_can_commom.o
    0x08005738   0x08005738   0x00000020   Code   RO         1452    i._Z21app_check_RefreshListv  app_check.o
    0x08005758   0x08005758   0x0000004c   Code   RO         1926    i._Z21bsp_icm20602_ReadRegshPhh  bsp_icm20602.o
    0x080057a4   0x080057a4   0x00000034   Code   RO         2922    i._Z22ChassisCanCommuRoutinev  sentry_can_commom.o
    0x080057d8   0x080057d8   0x0000001c   Code   RO         1453    i._Z22app_check_EnableDevice21__app_check_device_idj  app_check.o
    0x080057f4   0x080057f4   0x00000052   Code   RO         1868    i._Z22bsp_GY53L1_Object_InitP17bsp_GY53L1_ObjectP20__UART_HandleTypeDef  bsp_gy53l1.o
    0x08005846   0x08005846   0x00000002   PAD
    0x08005848   0x08005848   0x00000028   Code   RO         2923    i._Z23DOWN_CLOUD_STATES_CanRxjPh  sentry_can_commom.o
    0x08005870   0x08005870   0x00000004   Code   RO         1698    i._Z24bsp_Current_StartRead_ITh  bsp_current.o
    0x08005874   0x08005874   0x00000032   Code   RO         2924    i._Z26CHASSIS_SUPERIOR_ALL_CanRxjPh  sentry_can_commom.o
    0x080058a6   0x080058a6   0x00000002   PAD
    0x080058a8   0x080058a8   0x00000014   Code   RO         1456    i._Z26app_check_SignDeviceTickTo21__app_check_device_idPj  app_check.o
    0x080058bc   0x080058bc   0x00000004   PAD
    0x080058c0   0x080058c0   0x000000f4   Code   RO         1699    i._Z26bsp_Current_Read_IT_RxCplth  bsp_current.o
    0x080059b4   0x080059b4   0x00000028   Code   RO         2925    i._Z27SUPERIOR_CHASSIS_MOVE_CanRxjPh  sentry_can_commom.o
    0x080059dc   0x080059dc   0x000000a8   Code   RO         1355    i._Z27app_math_LPF2pSetCutoffFreqP4LPF2ff  app_math.o
    0x08005a84   0x08005a84   0x00000020   Code   RO         1869    i._Z29bsp_GY53L1_Object_SendCommandP17bsp_GY53L1_Object18Gy53l1_UartCommand  bsp_gy53l1.o
    0x08005aa4   0x08005aa4   0x0000002c   Code   RO         2931    i._Z35SUPERIOR_CHASSIS_SET_LOACTION_CanRxjPh  sentry_can_commom.o
    0x08005ad0   0x08005ad0   0x00000022   Code   RO         2933    i._Z36CanRxCpltCallBack_ChassisCommuUpdataP19__CAN_HandleTypeDefP19CAN_RxHeaderTypeDefPh  sentry_can_commom.o
    0x08005af2   0x08005af2   0x00000022   Code   RO         1870    i._Z37bsp_GY53L1_Object_Idle_RxCpltCallbackP17bsp_GY53L1_Object  bsp_gy53l1.o
    0x08005b14   0x08005b14   0x00000028   Code   RO         2934    i._Z47SUPERIOR_CHASSIS_SET_LOACTION_LIMIT_SPEED_CanRxjPh  sentry_can_commom.o
    0x08005b3c   0x08005b3c   0x00000060   Code   RO         1975    i._Z8RoboInitv      task_sentcha.o
    0x08005b9c   0x08005b9c   0x0000001c   Code   RO         1976    i._Z8task_LedPv     task_sentcha.o
    0x08005bb8   0x08005bb8   0x00000024   Code   RO         2843    i._Z9Automonusv     sentrychassislogic.o
    0x08005bdc   0x08005bdc   0x000000e0   Code   RO         1977    i._Z9task_MainPv    task_sentcha.o
    0x08005cbc   0x08005cbc   0x0000007e   Code   RO         2162    i._ZN10block_type11Block_CheckEv  bsp_motor.o
    0x08005d3a   0x08005d3a   0x00000064   Code   RO         2727    i._ZN13SentryChassis13CanSendHandleEv  sentrychassis.o
    0x08005d9e   0x08005d9e   0x00000002   PAD
    0x08005da0   0x08005da0   0x0000002c   Code   RO         2728    i._ZN13SentryChassis14MotorSpeed_SetEf  sentrychassis.o
    0x08005dcc   0x08005dcc   0x000000d4   Code   RO         2729    i._ZN13SentryChassis19PowerFeedbackSystemEfff  sentrychassis.o
    0x08005ea0   0x08005ea0   0x00000024   Code   RO         2730    i._ZN13SentryChassis21MotorSoftLocation_SetEf  sentrychassis.o
    0x08005ec4   0x08005ec4   0x00000078   Code   RO         2732    i._ZN13SentryChassis28LocationSpeedDataMultiplexerEv  sentrychassis.o
    0x08005f3c   0x08005f3c   0x00000020   Code   RO         2733    i._ZN13SentryChassis32MotorSoftLocation_LimitSpeed_SetEff  sentrychassis.o
    0x08005f5c   0x08005f5c   0x0000018c   Code   RO         2734    i._ZN13SentryChassis6HandleEv  sentrychassis.o
    0x080060e8   0x080060e8   0x00000016   Code   RO         2735    i._ZN13SentryChassis8Safe_SetEv  sentrychassis.o
    0x080060fe   0x080060fe   0x00000002   PAD
    0x08006100   0x08006100   0x00000158   Code   RO         2736    i._ZN13SentryChassisC1Eht  sentrychassis.o
    0x08006258   0x08006258   0x00000068   Code   RO         1204    i._ZN30_INTERNAL_9_app_imu_c_42513fb710Soft_AngleEfh  app_imu.o
    0x080062c0   0x080062c0   0x000002ac   Code   RO         1205    i._ZN30_INTERNAL_9_app_imu_c_42513fb712MPU_Read_RawEv  app_imu.o
    0x0800656c   0x0800656c   0x000001a4   Code   RO         1206    i._ZN30_INTERNAL_9_app_imu_c_42513fb720NonlinearSO3AHRSinitEffffff  app_imu.o
    0x08006710   0x08006710   0x00000484   Code   RO         1207    i._ZN30_INTERNAL_9_app_imu_c_42513fb722NonlinearSO3AHRSupdateEfffffffffffff  app_imu.o
    0x08006b94   0x08006b94   0x00000048   Code   RO         1556    i._ZN30_INTERNAL_9_bsp_spi_c_b32090b216bsp_spi_writeregEhh  bsp_spi.o
    0x08006bdc   0x08006bdc   0x0000005c   Code   RO         1871    i._ZN34_INTERNAL_12_bsp_gy53l1_c_0a18182a29bsp_GY53L1_Object_DataAnalyzeEP17bsp_GY53L1_Object  bsp_gy53l1.o
    0x08006c38   0x08006c38   0x00000040   Code   RO         1700    i._ZN35_INTERNAL_13_bsp_current_c_3aaafd9516Current_InitAssiEh  bsp_current.o
    0x08006c78   0x08006c78   0x000000dc   Code   RO         1701    i._ZN35_INTERNAL_13_bsp_current_c_3aaafd9522Current_Read_AssistantEh  bsp_current.o
    0x08006d54   0x08006d54   0x00000150   Code   RO         2170    i._ZN3pid7pid_runEf  bsp_motor.o
    0x08006ea4   0x08006ea4   0x00000044   Code   RO         2172    i._ZN3pidC1Efffffttt  bsp_motor.o
    0x08006ee8   0x08006ee8   0x00000038   Code   RO         4038    i._ZN41_INTERNAL_19_stm32f4xx_hal_dma_c_c25f65ec13DMA_SetConfigEP19__DMA_HandleTypeDefjjj  stm32f4xx_hal_dma.o
    0x08006f20   0x08006f20   0x0000007e   Code   RO         4039    i._ZN41_INTERNAL_19_stm32f4xx_hal_dma_c_c25f65ec18DMA_CheckFifoParamEP19__DMA_HandleTypeDef  stm32f4xx_hal_dma.o
    0x08006f9e   0x08006f9e   0x00000002   PAD
    0x08006fa0   0x08006fa0   0x00000034   Code   RO         4040    i._ZN41_INTERNAL_19_stm32f4xx_hal_dma_c_c25f65ec23DMA_CalcBaseAndBitshiftEP19__DMA_HandleTypeDef  stm32f4xx_hal_dma.o
    0x08006fd4   0x08006fd4   0x00000150   Code   RO         4832    i._ZN41_INTERNAL_19_stm32f4xx_hal_i2c_c_0eb271f411I2C_ITErrorEP19__I2C_HandleTypeDef  stm32f4xx_hal_i2c.o
    0x08007124   0x08007124   0x00000088   Code   RO         4833    i._ZN41_INTERNAL_19_stm32f4xx_hal_i2c_c_0eb271f412I2C_DMAAbortEP19__DMA_HandleTypeDef  stm32f4xx_hal_i2c.o
    0x080071ac   0x080071ac   0x00000104   Code   RO         4844    i._ZN41_INTERNAL_19_stm32f4xx_hal_i2c_c_0eb271f421I2C_MasterRequestReadEP19__I2C_HandleTypeDeftjj  stm32f4xx_hal_i2c.o
    0x080072b0   0x080072b0   0x000000a4   Code   RO         4850    i._ZN41_INTERNAL_19_stm32f4xx_hal_i2c_c_0eb271f422I2C_MasterRequestWriteEP19__I2C_HandleTypeDeftjj  stm32f4xx_hal_i2c.o
    0x08007354   0x08007354   0x00000032   Code   RO         4854    i._ZN41_INTERNAL_19_stm32f4xx_hal_i2c_c_0eb271f423I2C_IsAcknowledgeFailedEP19__I2C_HandleTypeDef  stm32f4xx_hal_i2c.o
    0x08007386   0x08007386   0x000000b4   Code   RO         4855    i._ZN41_INTERNAL_19_stm32f4xx_hal_i2c_c_0eb271f426I2C_WaitOnFlagUntilTimeoutEP19__I2C_HandleTypeDefj10FlagStatusjj  stm32f4xx_hal_i2c.o
    0x0800743a   0x0800743a   0x0000005c   Code   RO         4857    i._ZN41_INTERNAL_19_stm32f4xx_hal_i2c_c_0eb271f429I2C_WaitOnBTFFlagUntilTimeoutEP19__I2C_HandleTypeDefjj  stm32f4xx_hal_i2c.o
    0x08007496   0x08007496   0x0000005c   Code   RO         4858    i._ZN41_INTERNAL_19_stm32f4xx_hal_i2c_c_0eb271f429I2C_WaitOnTXEFlagUntilTimeoutEP19__I2C_HandleTypeDefjj  stm32f4xx_hal_i2c.o
    0x080074f2   0x080074f2   0x0000007c   Code   RO         4859    i._ZN41_INTERNAL_19_stm32f4xx_hal_i2c_c_0eb271f430I2C_WaitOnRXNEFlagUntilTimeoutEP19__I2C_HandleTypeDefjj  stm32f4xx_hal_i2c.o
    0x0800756e   0x0800756e   0x000000ce   Code   RO         4861    i._ZN41_INTERNAL_19_stm32f4xx_hal_i2c_c_0eb271f439I2C_WaitOnMasterAddressFlagUntilTimeoutEP19__I2C_HandleTypeDefjjj  stm32f4xx_hal_i2c.o
    0x0800763c   0x0800763c   0x00000046   Code   RO         5386    i._ZN41_INTERNAL_19_stm32f4xx_hal_spi_c_5e7b22bd20SPI_EndRxTransactionEP19__SPI_HandleTypeDefjj  stm32f4xx_hal_spi.o
    0x08007682   0x08007682   0x00000024   Code   RO         5392    i._ZN41_INTERNAL_19_stm32f4xx_hal_spi_c_5e7b22bd22SPI_EndRxTxTransactionEP19__SPI_HandleTypeDefjj  stm32f4xx_hal_spi.o
    0x080076a6   0x080076a6   0x000000a6   Code   RO         5395    i._ZN41_INTERNAL_19_stm32f4xx_hal_spi_c_5e7b22bd29SPI_WaitFlagStateUntilTimeoutEP19__SPI_HandleTypeDefj10FlagStatusjj  stm32f4xx_hal_spi.o
    0x0800774c   0x0800774c   0x0000004a   Code   RO         6849    i._ZN42_INTERNAL_20_stm32f4xx_hal_uart_c_d497114f13UART_DMAErrorEP19__DMA_HandleTypeDef  stm32f4xx_hal_uart.o
    0x08007796   0x08007796   0x00000002   PAD
    0x08007798   0x08007798   0x00000340   Code   RO         6850    i._ZN42_INTERNAL_20_stm32f4xx_hal_uart_c_d497114f14UART_SetConfigEP20__UART_HandleTypeDef  stm32f4xx_hal_uart.o
    0x08007ad8   0x08007ad8   0x0000009c   Code   RO         6851    i._ZN42_INTERNAL_20_stm32f4xx_hal_uart_c_d497114f15UART_Receive_ITEP20__UART_HandleTypeDef  stm32f4xx_hal_uart.o
    0x08007b74   0x08007b74   0x00000066   Code   RO         6852    i._ZN42_INTERNAL_20_stm32f4xx_hal_uart_c_d497114f16UART_Transmit_ITEP20__UART_HandleTypeDef  stm32f4xx_hal_uart.o
    0x08007bda   0x08007bda   0x0000000a   Code   RO         6853    i._ZN42_INTERNAL_20_stm32f4xx_hal_uart_c_d497114f18UART_DMARxHalfCpltEP19__DMA_HandleTypeDef  stm32f4xx_hal_uart.o
    0x08007be4   0x08007be4   0x0000001c   Code   RO         6855    i._ZN42_INTERNAL_20_stm32f4xx_hal_uart_c_d497114f18UART_EndRxTransferEP20__UART_HandleTypeDef  stm32f4xx_hal_uart.o
    0x08007c00   0x08007c00   0x00000012   Code   RO         6856    i._ZN42_INTERNAL_20_stm32f4xx_hal_uart_c_d497114f18UART_EndTxTransferEP20__UART_HandleTypeDef  stm32f4xx_hal_uart.o
    0x08007c12   0x08007c12   0x0000003e   Code   RO         6857    i._ZN42_INTERNAL_20_stm32f4xx_hal_uart_c_d497114f19UART_DMAReceiveCpltEP19__DMA_HandleTypeDef  stm32f4xx_hal_uart.o
    0x08007c50   0x08007c50   0x0000001a   Code   RO         6858    i._ZN42_INTERNAL_20_stm32f4xx_hal_uart_c_d497114f19UART_EndTransmit_ITEP20__UART_HandleTypeDef  stm32f4xx_hal_uart.o
    0x08007c6a   0x08007c6a   0x00000010   Code   RO         6859    i._ZN42_INTERNAL_20_stm32f4xx_hal_uart_c_d497114f20UART_DMAAbortOnErrorEP19__DMA_HandleTypeDef  stm32f4xx_hal_uart.o
    0x08007c7a   0x08007c7a   0x00000078   Code   RO         6865    i._ZN42_INTERNAL_20_stm32f4xx_hal_uart_c_d497114f27UART_WaitOnFlagUntilTimeoutEP20__UART_HandleTypeDefj10FlagStatusjj  stm32f4xx_hal_uart.o
    0x08007cf2   0x08007cf2   0x00000036   Code   RO         2190    i._ZN5motor12Position_RunEv  bsp_motor.o
    0x08007d28   0x08007d28   0x00000058   Code   RO         2191    i._ZN5motor13InsertCurrentEv  bsp_motor.o
    0x08007d80   0x08007d80   0x0000005c   Code   RO         2192    i._ZN5motor15InsertCurrentByEs  bsp_motor.o
    0x08007ddc   0x08007ddc   0x0000005c   Code   RO         2193    i._ZN5motor6HandleEv  bsp_motor.o
    0x08007e38   0x08007e38   0x0000006c   Code   RO         2194    i._ZN5motor6updateEPh  bsp_motor.o
    0x08007ea4   0x08007ea4   0x00000014   Code   RO         2195    i._ZN5motor8Safe_SetEv  bsp_motor.o
    0x08007eb8   0x08007eb8   0x0000008c   Code   RO         2197    i._ZN5motor9Speed_RunEv  bsp_motor.o
    0x08007f44   0x08007f44   0x00000008   Code   RO         2198    i._ZN5motor9Speed_SetEs  bsp_motor.o
    0x08007f4c   0x08007f4c   0x00000058   Code   RO         2199    i._ZN5motorC1EhtP11str_Motor_tP3pidS3_  bsp_motor.o
    0x08007fa4   0x08007fa4   0x00000002   Code   RO         2207    i._ZN7manager11UserProcessEv  bsp_motor.o
    0x08007fa6   0x08007fa6   0x00000002   PAD
    0x08007fa8   0x08007fa8   0x00000194   Code   RO         2208    i._ZN7manager7CANSendEv  bsp_motor.o
    0x0800813c   0x0800813c   0x0000000c   Code   RO         2209    i._ZN7manager9CANSelectEP19__CAN_HandleTypeDefS1_  bsp_motor.o
    0x08008148   0x08008148   0x00000064   Code   RO         2210    i._ZN7manager9CANUpdateEP19__CAN_HandleTypeDefP19CAN_RxHeaderTypeDefPh  bsp_motor.o
    0x080081ac   0x080081ac   0x0000000e   Code   RO         1163    i._ZN8app_Mode3RunEv  app_mode.o
    0x080081ba   0x080081ba   0x0000000e   Code   RO         1164    i._ZN8app_Mode4ExitEv  app_mode.o
    0x080081c8   0x080081c8   0x0000000e   Code   RO         1165    i._ZN8app_Mode5EnterEv  app_mode.o
    0x080081d6   0x080081d6   0x00000066   Code   RO         2216    i._ZN9softmotor12Position_RunEv  bsp_motor.o
    0x0800823c   0x0800823c   0x0000001a   Code   RO         2217    i._ZN9softmotor17ForceSetSoftAngleEf  bsp_motor.o
    0x08008256   0x08008256   0x00000002   PAD
    0x08008258   0x08008258   0x000000d8   Code   RO         2219    i._ZN9softmotor6updateEPh  bsp_motor.o
    0x08008330   0x08008330   0x00000070   Code   RO         2220    i._ZN9softmotor9Angle_SetEf  bsp_motor.o
    0x080083a0   0x080083a0   0x00000026   Code   RO         9635    i.__ARM_fpclassifyf  m_wm.l(fpclassifyf.o)
    0x080083c6   0x080083c6   0x00000002   PAD
    0x080083c8   0x080083c8   0x0000012c   Code   RO         9453    i.__hardfp_asinf    m_wm.l(asinf.o)
    0x080084f4   0x080084f4   0x00000250   Code   RO         9465    i.__hardfp_atan2f   m_wm.l(atan2f.o)
    0x08008744   0x08008744   0x00000150   Code   RO         9477    i.__hardfp_cosf     m_wm.l(cosf.o)
    0x08008894   0x08008894   0x00000190   Code   RO         9521    i.__hardfp_sinf     m_wm.l(sinf.o)
    0x08008a24   0x08008a24   0x0000003a   Code   RO         9533    i.__hardfp_sqrtf    m_wm.l(sqrtf.o)
    0x08008a5e   0x08008a5e   0x00000002   PAD
    0x08008a60   0x08008a60   0x0000017c   Code   RO         9545    i.__hardfp_tanf     m_wm.l(tanf.o)
    0x08008bdc   0x08008bdc   0x00000006   Code   RO         9638    i.__mathlib_flt_infnan  m_wm.l(funder.o)
    0x08008be2   0x08008be2   0x00000006   Code   RO         9639    i.__mathlib_flt_infnan2  m_wm.l(funder.o)
    0x08008be8   0x08008be8   0x00000010   Code   RO         9640    i.__mathlib_flt_invalid  m_wm.l(funder.o)
    0x08008bf8   0x08008bf8   0x00000010   Code   RO         9643    i.__mathlib_flt_underflow  m_wm.l(funder.o)
    0x08008c08   0x08008c08   0x00000154   Code   RO         9651    i.__mathlib_rredf2  m_wm.l(rredf.o)
    0x08008d5c   0x08008d5c   0x00000034   Code   RO         2737    i.__sti___17_SentryChassis_cpp_ddb76d0d  sentrychassis.o
    0x08008d90   0x08008d90   0x00000038   Code   RO         2844    i.__sti___22_SentryChassisLogic_cpp_b664c5f8  sentrychassislogic.o
    0x08008dc8   0x08008dc8   0x0000001e   Code   RO         8521    i._cbGetTime        segger_sysview_freertos.o
    0x08008de6   0x08008de6   0x00000002   PAD
    0x08008de8   0x08008de8   0x00000058   Code   RO         8567    i._cbSendSystemDesc  segger_sysview_config_freertos.o
    0x08008e40   0x08008e40   0x0000003c   Code   RO         8522    i._cbSendTaskList   segger_sysview_freertos.o
    0x08008e7c   0x08008e7c   0x00000074   Code   RO           16    i.main              main.o
    0x08008ef0   0x08008ef0   0x0000000c   Code   RO         8009    i.makeFreeRtosPriority  cmsis_os.o
    0x08008efc   0x08008efc   0x00000010   Code   RO         8011    i.osDelay           cmsis_os.o
    0x08008f0c   0x08008f0c   0x0000000a   Code   RO         8014    i.osKernelStart     cmsis_os.o
    0x08008f16   0x08008f16   0x00000034   Code   RO         8048    i.osThreadCreate    cmsis_os.o
    0x08008f4a   0x08008f4a   0x0000000a   Code   RO         8057    i.osThreadTerminate  cmsis_os.o
    0x08008f54   0x08008f54   0x00000090   Code   RO         7695    i.prvAddCurrentTaskToDelayedList  tasks.o
    0x08008fe4   0x08008fe4   0x000000ac   Code   RO         7696    i.prvAddNewTaskToReadyList  tasks.o
    0x08009090   0x08009090   0x00000040   Code   RO         7697    i.prvCheckTasksWaitingTermination  tasks.o
    0x080090d0   0x080090d0   0x00000014   Code   RO         7698    i.prvDeleteTCB      tasks.o
    0x080090e4   0x080090e4   0x00000050   Code   RO         8379    i.prvHeapInit       heap_4.o
    0x08009134   0x08009134   0x00000028   Code   RO         7699    i.prvIdleTask       tasks.o
    0x0800915c   0x0800915c   0x00000074   Code   RO         7700    i.prvInitialiseNewTask  tasks.o
    0x080091d0   0x080091d0   0x00000060   Code   RO         7701    i.prvInitialiseTaskLists  tasks.o
    0x08009230   0x08009230   0x0000005c   Code   RO         8380    i.prvInsertBlockIntoFreeList  heap_4.o
    0x0800928c   0x0800928c   0x00000024   Code   RO         7702    i.prvResetNextTaskUnblockTime  tasks.o
    0x080092b0   0x080092b0   0x00000030   Code   RO         8442    i.prvTaskExitError  port.o
    0x080092e0   0x080092e0   0x000000e4   Code   RO         8381    i.pvPortMalloc      heap_4.o
    0x080093c4   0x080093c4   0x0000002c   Code   RO         8443    i.pxPortInitialiseStack  port.o
    0x080093f0   0x080093f0   0x0000003e   Code   RO         9535    i.sqrtf             m_wm.l(sqrtf.o)
    0x0800942e   0x0800942e   0x00000026   Code   RO         7345    i.uxListRemove      list.o
    0x08009454   0x08009454   0x00000016   Code   RO         7346    i.vListInitialise   list.o
    0x0800946a   0x0800946a   0x00000006   Code   RO         7347    i.vListInitialiseItem  list.o
    0x08009470   0x08009470   0x00000036   Code   RO         7348    i.vListInsert       list.o
    0x080094a6   0x080094a6   0x00000018   Code   RO         7349    i.vListInsertEnd    list.o
    0x080094be   0x080094be   0x00000002   PAD
    0x080094c0   0x080094c0   0x00000040   Code   RO         8445    i.vPortEnterCritical  port.o
    0x08009500   0x08009500   0x0000002c   Code   RO         8446    i.vPortExitCritical  port.o
    0x0800952c   0x0800952c   0x0000005c   Code   RO         8382    i.vPortFree         heap_4.o
    0x08009588   0x08009588   0x00000024   Code   RO         8447    i.vPortSetupTimerInterrupt  port.o
    0x080095ac   0x080095ac   0x00000054   Code   RO         8448    i.vPortValidateInterruptPriority  port.o
    0x08009600   0x08009600   0x00000058   Code   RO         7710    i.vTaskDelay        tasks.o
    0x08009658   0x08009658   0x0000009c   Code   RO         7711    i.vTaskDelayUntil   tasks.o
    0x080096f4   0x080096f4   0x000000c4   Code   RO         7712    i.vTaskDelete       tasks.o
    0x080097b8   0x080097b8   0x00000070   Code   RO         7724    i.vTaskStartScheduler  tasks.o
    0x08009828   0x08009828   0x00000010   Code   RO         7726    i.vTaskSuspendAll   tasks.o
    0x08009838   0x08009838   0x00000088   Code   RO         7727    i.vTaskSwitchContext  tasks.o
    0x080098c0   0x080098c0   0x00000104   Code   RO         8449    i.xPortStartScheduler  port.o
    0x080099c4   0x080099c4   0x00000068   Code   RO         7729    i.xTaskCreate       tasks.o
    0x08009a2c   0x08009a2c   0x0000000c   Code   RO         7734    i.xTaskGetTickCount  tasks.o
    0x08009a38   0x08009a38   0x00000010   Code   RO         7735    i.xTaskGetTickCountFromISR  tasks.o
    0x08009a48   0x08009a48   0x000000d8   Code   RO         7736    i.xTaskIncrementTick  tasks.o
    0x08009b20   0x08009b20   0x000000d0   Code   RO         7742    i.xTaskResumeAll    tasks.o
    0x08009bf0   0x08009bf0   0x00000062   Code   RO         9427    x$fpl$d2f           fz_wm.l(d2f.o)
    0x08009c52   0x08009c52   0x00000002   PAD
    0x08009c54   0x08009c54   0x00000150   Code   RO         9429    x$fpl$dadd          fz_wm.l(daddsub_clz.o)
    0x08009da4   0x08009da4   0x000002b0   Code   RO         9436    x$fpl$ddiv          fz_wm.l(ddiv.o)
    0x0800a054   0x0800a054   0x0000005e   Code   RO         9439    x$fpl$dfix          fz_wm.l(dfix.o)
    0x0800a0b2   0x0800a0b2   0x0000002e   Code   RO         9444    x$fpl$dflt          fz_wm.l(dflt_clz.o)
    0x0800a0e0   0x0800a0e0   0x00000026   Code   RO         9443    x$fpl$dfltu         fz_wm.l(dflt_clz.o)
    0x0800a106   0x0800a106   0x00000002   PAD
    0x0800a108   0x0800a108   0x00000154   Code   RO         9449    x$fpl$dmul          fz_wm.l(dmul.o)
    0x0800a25c   0x0800a25c   0x0000009c   Code   RO         9624    x$fpl$dnaninf       fz_wm.l(dnaninf.o)
    0x0800a2f8   0x0800a2f8   0x0000000c   Code   RO         9626    x$fpl$dretinf       fz_wm.l(dretinf.o)
    0x0800a304   0x0800a304   0x000001d4   Code   RO         9431    x$fpl$dsub          fz_wm.l(daddsub_clz.o)
    0x0800a4d8   0x0800a4d8   0x00000056   Code   RO         9451    x$fpl$f2d           fz_wm.l(f2d.o)
    0x0800a52e   0x0800a52e   0x0000008c   Code   RO         9628    x$fpl$fnaninf       fz_wm.l(fnaninf.o)
    0x0800a5ba   0x0800a5ba   0x0000000a   Code   RO         9693    x$fpl$fpinit        fz_wm.l(fpinit.o)
    0x0800a5c4   0x0800a5c4   0x0000000a   Code   RO         9630    x$fpl$fretinf       fz_wm.l(fretinf.o)
    0x0800a5ce   0x0800a5ce   0x00000000   Code   RO         9634    x$fpl$usenofp       fz_wm.l(usenofp.o)
    0x0800a5ce   0x0800a5ce   0x00000002   PAD
    0x0800a5d0   0x0800a5d0   0x00000014   Data   RO          524    .constdata          freertos.o
    0x0800a5e4   0x0800a5e4   0x00000010   Data   RO         1127    .constdata          system_stm32f4xx.o
    0x0800a5f4   0x0800a5f4   0x00000008   Data   RO         1128    .constdata          system_stm32f4xx.o
    0x0800a5fc   0x0800a5fc   0x00000024   Data   RO         1215    .constdata          app_imu.o
    0x0800a620   0x0800a620   0x00000008   Data   RO         2750    .constdata          sentrychassis.o
    0x0800a628   0x0800a628   0x00000008   Data   RO         4056    .constdata          stm32f4xx_hal_dma.o
    0x0800a630   0x0800a630   0x00000008   Data   RO         8524    .constdata          segger_sysview_freertos.o
    0x0800a638   0x0800a638   0x0000001a   Data   RO         8662    .constdata          segger_sysview.o
    0x0800a652   0x0800a652   0x00000002   PAD
    0x0800a654   0x0800a654   0x00000020   Data   RO         9652    .constdata          m_wm.l(rredf.o)
    0x0800a674   0x0800a674   0x00000028   Data   RO         2554    .constdata__ZTV5motor  bsp_motor.o
    0x0800a69c   0x0800a69c   0x00000028   Data   RO         2556    .constdata__ZTV9softmotor  bsp_motor.o
    0x0800a6c4   0x0800a6c4   0x0000000c   Data   RO          525    .conststring        freertos.o
    0x0800a6d0   0x0800a6d0   0x00000050   Data   RO         8525    .conststring        segger_sysview_freertos.o
    0x0800a720   0x0800a720   0x00000020   Data   RO         9907    Region$$Table       anon$$obj.o
    0x0800a740   0x0800a740   0x00000004   Data   RO         2753    .init_array         sentrychassis.o
    0x0800a744   0x0800a740   0x00000004   Data   RO         2854    .init_array         sentrychassislogic.o
    0x0800a748   0x0800a740   0x00000000   Data   RO         9316    .init_array         c_w.l(init_aeabi.o)


    Execution Region RW_IRAM1 (Exec base: 0x20000000, Load base: 0x0800a748, Size: 0x0000bbd0, Max: 0x00020000, ABSOLUTE, COMPRESSED[0x00000068])

    Exec Addr    Load Addr    Size         Type   Attr      Idx    E Section Name        Object

    0x20000000   COMPRESSED   0x00000004   Data   RW          451    .data               can.o
    0x20000004   COMPRESSED   0x00000004   Data   RW          526    .data               freertos.o
    0x20000008   COMPRESSED   0x00000004   Data   RW         1129    .data               system_stm32f4xx.o
    0x2000000c   COMPRESSED   0x00000098   Data   RW         1216    .data               app_imu.o
    0x200000a4   COMPRESSED   0x00000001   Data   RW         1561    .data               bsp_spi.o
    0x200000a5   COMPRESSED   0x00000003   PAD
    0x200000a8   COMPRESSED   0x0000002c   Data   RW         1647    .data               bsp_encoder.o
    0x200000d4   COMPRESSED   0x00000025   Data   RW         1710    .data               bsp_current.o
    0x200000f9   COMPRESSED   0x00000004   Data   RW         1877    .data               bsp_gy53l1.o
    0x200000fd   COMPRESSED   0x00000003   PAD
    0x20000100   COMPRESSED   0x0000000c   Data   RW         1986    .data               task_sentcha.o
    0x2000010c   COMPRESSED   0x00000014   Data   RW         2282    .data               bsp_motor.o
    0x20000120   COMPRESSED   0x00000050   Data   RW         2752    .data               sentrychassis.o
    0x20000170   COMPRESSED   0x0000001c   Data   RW         2852    .data               sentrychassislogic.o
    0x2000018c   COMPRESSED   0x0000000c   Data   RW         4546    .data               stm32f4xx_hal.o
    0x20000198   COMPRESSED   0x0000003c   Data   RW         7745    .data               tasks.o
    0x200001d4   COMPRESSED   0x00000018   Data   RW         8387    .data               heap_4.o
    0x200001ec   COMPRESSED   0x0000000c   Data   RW         8450    .data               port.o
    0x200001f8   COMPRESSED   0x00000004   Data   RW         8526    .data               segger_sysview_freertos.o
    0x200001fc   COMPRESSED   0x00000010   Data   RW         8663    .data               segger_sysview.o
    0x2000020c        -       0x00000050   Zero   RW          450    .bss                can.o
    0x2000025c        -       0x00000054   Zero   RW          571    .bss                i2c.o
    0x200002b0        -       0x00000058   Zero   RW          616    .bss                spi.o
    0x20000308        -       0x00000040   Zero   RW          661    .bss                tim.o
    0x20000348        -       0x00000300   Zero   RW          710    .bss                usart.o
    0x20000648        -       0x00000040   Zero   RW         1087    .bss                stm32f4xx_hal_timebase_tim.o
    0x20000688        -       0x00005fb0   Zero   RW         1214    .bss                app_imu.o
    0x20006638        -       0x00000294   Zero   RW         1470    .bss                app_check.o
    0x200068cc        -       0x00000014   Zero   RW         1709    .bss                bsp_current.o
    0x200068e0        -       0x00000086   Zero   RW         2281    .bss                bsp_motor.o
    0x20006966   COMPRESSED   0x00000002   PAD
    0x20006968        -       0x0000033c   Zero   RW         2749    .bss                sentrychassis.o
    0x20006ca4        -       0x00000030   Zero   RW         2851    .bss                sentrychassislogic.o
    0x20006cd4        -       0x00000128   Zero   RW         2960    .bss                sentry_can_commom.o
    0x20006dfc        -       0x0000001c   Zero   RW         3158    .bss                sentrychassiscan.o
    0x20006e18        -       0x000000f0   Zero   RW         7744    .bss                tasks.o
    0x20006f08        -       0x00003c00   Zero   RW         8386    .bss                heap_4.o
    0x2000ab08        -       0x000000a0   Zero   RW         8523    .bss                segger_sysview_freertos.o
    0x2000aba8        -       0x0000050b   Zero   RW         8661    .bss                segger_sysview.o
    0x2000b0b3   COMPRESSED   0x00000001   PAD
    0x2000b0b4        -       0x000004b8   Zero   RW         9104    .bss                segger_rtt.o
    0x2000b56c        -       0x00000060   Zero   RW         9696    .bss                c_w.l(libspace.o)
    0x2000b5cc   COMPRESSED   0x00000004   PAD
    0x2000b5d0        -       0x00000200   Zero   RW            2    HEAP                startup_stm32f405xx.o
    0x2000b7d0        -       0x00000400   Zero   RW            1    STACK               startup_stm32f405xx.o


==============================================================================

Image component sizes


      Code (inc. data)   RO Data    RW Data    ZI Data      Debug   Object Name

         0          0          0          0          0        323   app_ammofeed.o
       240         24          0          0        660       5499   app_check.o
      3688        196         36        152      24496     550401   app_imu.o
       444         12          0          0          0       6066   app_math.o
        42          0          0          0          0       2196   app_mode.o
       182          8          0          0          0       2465   bsp_can.o
       550         72          0         37         20     541242   bsp_current.o
       252         38          0         44          0       3121   bsp_encoder.o
       240          6          0          4          0       4956   bsp_gy53l1.o
        92         10          0          0          0       1855   bsp_icm20602.o
      2194        128         80         20        134      20977   bsp_motor.o
       356         26          0          1          0       3040   bsp_spi.o
       404         36          0          4         80       2506   can.o
       100          0          0          0          0      15227   cmsis_os.o
         0          0          0          0          0      17108   croutine.o
       124          4          0          0          0        822   dma.o
         0          0          0          0          0      12072   event_groups.o
        60         10         32          4          0       2422   freertos.o
       208         22          0          0          0     655435   gpio.o
       492         32          0         24      15360       7579   heap_4.o
       216         32          0          0         84       1729   i2c.o
       144          0          0          0          0       3622   list.o
       284         52          0          0          0     649292   main.o
       826         90          0         12          0      12117   port.o
         0          0          0          0          0       2256   queue.o
       576         50          0          0       1208       8649   segger_rtt.o
      2520        218         26         16       1291      34316   segger_sysview.o
       128         82          0          0          0       1126   segger_sysview_config_freertos.o
       384         42         88          4        160       4786   segger_sysview_freertos.o
       526         62          0          0        296      13450   sentry_can_commom.o
      1358        120         12         80        828      16131   sentrychassis.o
        60          6          0          0         28       1664   sentrychassiscan.o
       276         54          4         28         48       4719   sentrychassislogic.o
       172         20          0          0         88       1677   spi.o
        64         26        392          0       1536        848   startup_stm32f405xx.o
       120         20          0         12          0       3934   stm32f4xx_hal.o
      2042          6          0          0          0      15904   stm32f4xx_hal_can.o
       168         12          0          0          0      32882   stm32f4xx_hal_cortex.o
      1120         18          8          0          0       6706   stm32f4xx_hal_dma.o
       572         22          0          0          0       3209   stm32f4xx_hal_gpio.o
      3698         80          0          0          0      19261   stm32f4xx_hal_i2c.o
        60         10          0          0          0        862   stm32f4xx_hal_msp.o
      1694        104          0          0          0       7121   stm32f4xx_hal_rcc.o
      1664          0          0          0          0       7918   stm32f4xx_hal_spi.o
       962         22          0          0          0       8921   stm32f4xx_hal_tim.o
        82          0          0          0          0       2561   stm32f4xx_hal_tim_ex.o
       120         18          0          0         64       1487   stm32f4xx_hal_timebase_tim.o
      2248         34          0          0          0      14324   stm32f4xx_hal_uart.o
       232         84          0          0          0     559479   stm32f4xx_it.o
        88         24         24          4          0       1195   system_stm32f4xx.o
       702        260          0         12          0       3639   task_sentcha.o
      1948        188          0         60        240      19724   tasks.o
       220         22          0          0         64       1773   tim.o
      1000         92          0          0        768       3858   usart.o

    ----------------------------------------------------------------------
     35992       2498        736        524      47456    3326452   Object Totals
         0          0         32          0          0          0   (incl. Generated)
        50          4          2          6          3          0   (incl. Padding)

    ----------------------------------------------------------------------

      Code (inc. data)   RO Data    RW Data    ZI Data      Debug   Library Member Name

        90          0          0          0          0          0   __dczerorl2.o
         8          0          0          0          0         68   __main.o
         0          0          0          0          0          0   __rtentry.o
        12          0          0          0          0          0   __rtentry2.o
         6          0          0          0          0          0   __rtentry4.o
        52          8          0          0          0          0   __scatter.o
        28          0          0          0          0          0   __scatter_zi.o
        22          0          0          0          0        100   _rserrno.o
        18          0          0          0          0         80   exit.o
         6          0          0          0          0        152   heapauxi.o
         0          0          0          0          0          0   indicate_semi.o
        36         10          0          0          0         80   init_aeabi.o
         2          0          0          0          0          0   libinit.o
        10          0          0          0          0          0   libinit2.o
         2          0          0          0          0          0   libshutdown.o
         2          0          0          0          0          0   libshutdown2.o
         8          4          0          0         96         68   libspace.o
       238          0          0          0          0        100   lludivv7m.o
        88          0          0          0          0         76   memcmp.o
         8          4          0          0          0         68   rt_errno_addr_intlibspace.o
       138          0          0          0          0         68   rt_memcpy_v6.o
       100          0          0          0          0         80   rt_memcpy_w.o
         2          0          0          0          0          0   rtexit.o
        10          0          0          0          0          0   rtexit2.o
        12          4          0          0          0         68   sys_exit.o
        74          0          0          0          0         80   sys_stackheap_outer.o
         2          0          0          0          0         68   use_no_semi.o
        98          4          0          0          0        140   d2f.o
       804         16          0          0          0        368   daddsub_clz.o
       688        140          0          0          0        256   ddiv.o
        94          4          0          0          0        140   dfix.o
        84          0          0          0          0        232   dflt_clz.o
       340         12          0          0          0        152   dmul.o
       156          4          0          0          0        140   dnaninf.o
        12          0          0          0          0        116   dretinf.o
        86          4          0          0          0        132   f2d.o
       140          4          0          0          0        132   fnaninf.o
        10          0          0          0          0        116   fpinit.o
        10          0          0          0          0        116   fretinf.o
         0          0          0          0          0          0   usenofp.o
       300         42          0          0          0        176   asinf.o
       592         90          0          0          0        184   atan2f.o
       336         56          0          0          0        136   cosf.o
        38          0          0          0          0        116   fpclassifyf.o
        44         12          0          0          0        464   funder.o
       340         24         32          0          0        160   rredf.o
       400         56          0          0          0        212   sinf.o
       120          0          0          0          0        272   sqrtf.o
       380         58          0          0          0        200   tanf.o

    ----------------------------------------------------------------------
      6064        556         32          0        100       5116   Library Totals
        18          0          0          0          4          0   (incl. Padding)

    ----------------------------------------------------------------------

      Code (inc. data)   RO Data    RW Data    ZI Data      Debug   Library Name

       974         30          0          0         96       1156   c_w.l
      2522        188          0          0          0       2040   fz_wm.l
      2550        338         32          0          0       1920   m_wm.l

    ----------------------------------------------------------------------
      6064        556         32          0        100       5116   Library Totals

    ----------------------------------------------------------------------

==============================================================================


      Code (inc. data)   RO Data    RW Data    ZI Data      Debug   

     42056       3054        768        524      47556    3296648   Grand Totals
     42056       3054        768        104      47556    3296648   ELF Image Totals (compressed)
     42056       3054        768        104          0          0   ROM Totals

==============================================================================

    Total RO  Size (Code + RO Data)                42824 (  41.82kB)
    Total RW  Size (RW Data + ZI Data)             48080 (  46.95kB)
    Total ROM Size (Code + RO Data + RW Data)      42928 (  41.92kB)

==============================================================================

